 win32_handmade

 Timestamp is 5b470a59 (Thu Jul 12 17:59:21 2018)

 Preferred load address is 0000000140000000

 Start         Length     Name                   Class
 0001:00000000 00011d00H .text$mn                CODE
 0001:00011d00 000000e0H .text$mn$00             CODE
 0001:00011de0 00000210H .text$x                 CODE
 0002:00000000 000002d0H .idata$5                DATA
 0002:000002d0 00000020H .00cfg                  DATA
 0002:000002f0 00000008H .CRT$XCA                DATA
 0002:000002f8 00000008H .CRT$XCAA               DATA
 0002:00000300 00000008H .CRT$XCZ                DATA
 0002:00000308 00000008H .CRT$XIA                DATA
 0002:00000310 00000008H .CRT$XIAA               DATA
 0002:00000318 00000008H .CRT$XIAC               DATA
 0002:00000320 00000018H .CRT$XIC                DATA
 0002:00000338 00000008H .CRT$XIZ                DATA
 0002:00000340 00000008H .CRT$XPA                DATA
 0002:00000348 00000010H .CRT$XPX                DATA
 0002:00000358 00000008H .CRT$XPXA               DATA
 0002:00000360 00000008H .CRT$XPZ                DATA
 0002:00000368 00000008H .CRT$XTA                DATA
 0002:00000370 00000010H .CRT$XTZ                DATA
 0002:00000378 00000000H .gfids$y                DATA
 0002:00000380 00007f80H .rdata                  DATA
 0002:00008300 00000000H .rdata$r                DATA
 0002:00008300 000002e0H .rdata$zzzdbg           DATA
 0002:000085e0 00000008H .rtc$IAA                DATA
 0002:000085e8 00000008H .rtc$IZZ                DATA
 0002:000085f0 00000008H .rtc$TAA                DATA
 0002:000085f8 00000008H .rtc$TZZ                DATA
 0002:00008600 00000d30H .xdata                  DATA
 0002:00009330 00000000H .xdata$x                DATA
 0002:00009330 00000000H .edata                  DATA
 0002:00009330 00000050H .idata$2                DATA
 0002:00009380 00000018H .idata$3                DATA
 0002:00009398 000002d0H .idata$4                DATA
 0002:00009668 0000063eH .idata$6                DATA
 0003:00000000 00000900H .data                   DATA
 0003:00000900 00000000H .data$r                 DATA
 0003:00000900 00001220H .bss                    DATA
 0004:00000000 00001014H .pdata                  DATA

  Address         Publics by Value              Rva+Base               Lib:Object

 0000:00000000       __guard_iat_table          0000000000000000     <absolute>
 0000:00000000       __hybrid_code_map_count    0000000000000000     <absolute>
 0000:00000000       __hybrid_code_map          0000000000000000     <absolute>
 0000:00000000       __dynamic_value_reloc_table 0000000000000000     <absolute>
 0000:00000000       __guard_iat_count          0000000000000000     <absolute>
 0000:00000000       __guard_longjmp_table      0000000000000000     <absolute>
 0000:00000000       __guard_longjmp_count      0000000000000000     <absolute>
 0000:00000000       __hybrid_auxiliary_iat     0000000000000000     <absolute>
 0000:00000000       __guard_fids_count         0000000000000000     <absolute>
 0000:00000000       __enclave_config           0000000000000000     <absolute>
 0000:00000000       ___safe_se_handler_table   0000000000000000     <absolute>
 0000:00000000       ___safe_se_handler_count   0000000000000000     <absolute>
 0000:00000000       __guard_fids_table         0000000000000000     <absolute>
 0000:00000100       __guard_flags              0000000000000100     <absolute>
 0000:00000000       __ImageBase                0000000140000000     <linker-defined>
 0001:00000670       WinMain                    0000000140001670 f   win32_handmade.obj
 0001:00001540       ?XInputGetStateStub@@YAKKPEAU_XINPUT_STATE@@@Z 0000000140002540 f   win32_handmade.obj
 0001:00001560       ?XInputSetStateStub@@YAKKPEAU_XINPUT_VIBRATION@@@Z 0000000140002560 f   win32_handmade.obj
 0001:00001aa0       ?Win32MainWindowCallback@@YA_JPEAUHWND__@@I_K_J@Z 0000000140002aa0 f   win32_handmade.obj
 0001:00001c40       ?Win32ClearBuffer@@YAXPEAUwin32_sound_output@@@Z 0000000140002c40 f   win32_handmade.obj
 0001:00001d60       ?Win32FillSoundBuffer@@YAXPEAUwin32_sound_output@@KKPEAUgame_sound_output_buffer@@@Z 0000000140002d60 f   win32_handmade.obj
 0001:000023f0       ??$__vcrt_va_start_verify_argument_type@PEBD@@YAXXZ 00000001400033f0 f i win32_handmade.obj
 0001:000023f0       _initialize_invalid_parameter_handler 00000001400033f0 f i LIBCMT:invalid_parameter_handler.obj
 0001:000023f0       _initialize_denormal_control 00000001400033f0 f i LIBCMT:denormal_control.obj
 0001:000023f0       _guard_check_icall_nop     00000001400033f0 f i LIBCMT:guard_support.obj
 0001:00002400       ??$_snprintf_s@$0BAA@@@YAHAEAY0BAA@D_KPEBDZZ 0000000140003400 f i win32_handmade.obj
 0001:00002450       ?GetController@@YAPEAUgame_controller_input@@PEAUgame_input@@I@Z 0000000140003450 f i win32_handmade.obj
 0001:000024a0       ?SafeTruncateUInt64@@YAI_K@Z 00000001400034a0 f i win32_handmade.obj
 0001:000024d0       ?Win32GetSecondsElapsed@@YAMT_LARGE_INTEGER@@0@Z 00000001400034d0 f i win32_handmade.obj
 0001:00002510       ?Win32GetWallClock@@YA?AT_LARGE_INTEGER@@XZ 0000000140003510 f i win32_handmade.obj
 0001:00002530       __local_stdio_printf_options 0000000140003530 f i win32_handmade.obj
 0001:00002540       _vsnprintf_s               0000000140003540 f i win32_handmade.obj
 0001:00002590       _vsnprintf_s_l             0000000140003590 f i win32_handmade.obj
 0001:00002610       __GSHandlerCheck           0000000140003610 f   LIBCMT:_gshandler_.obj
 0001:00002630       __GSHandlerCheckCommon     0000000140003630 f   LIBCMT:_gshandler_.obj
 0001:000026a0       __security_check_cookie    00000001400036a0 f   LIBCMT:_amdsecgs_.obj
 0001:00002924       WinMainCRTStartup          0000000140003924 f   LIBCMT:exe_winmain.obj
 0001:00002938       __raise_securityfailure    0000000140003938 f   LIBCMT:gs_report.obj
 0001:0000296c       __report_gsfailure         000000014000396c f   LIBCMT:gs_report.obj
 0001:00002a40       __report_rangecheckfailure 0000000140003a40 f   LIBCMT:gs_report.obj
 0001:00002a54       __report_securityfailure   0000000140003a54 f   LIBCMT:gs_report.obj
 0001:00002bd4       __scrt_acquire_startup_lock 0000000140003bd4 f   LIBCMT:utility.obj
 0001:00002c10       __scrt_initialize_crt      0000000140003c10 f   LIBCMT:utility.obj
 0001:00002c5c       __scrt_initialize_onexit_tables 0000000140003c5c f   LIBCMT:utility.obj
 0001:00002d3c       __scrt_is_nonwritable_in_current_image 0000000140003d3c f   LIBCMT:utility.obj
 0001:00002dd8       __scrt_release_startup_lock 0000000140003dd8 f   LIBCMT:utility.obj
 0001:00002dfc       __scrt_uninitialize_crt    0000000140003dfc f   LIBCMT:utility.obj
 0001:00002e28       _onexit                    0000000140003e28 f   LIBCMT:utility.obj
 0001:00002e78       atexit                     0000000140003e78 f   LIBCMT:utility.obj
 0001:00002e90       __security_init_cookie     0000000140003e90 f   LIBCMT:gs_support.obj
 0001:00002f40       _matherr                   0000000140003f40 f   LIBCMT:matherr.obj
 0001:00002f40       _get_startup_commit_mode   0000000140003f40 f   LIBCMT:commit_mode.obj
 0001:00002f40       __scrt_initialize_winrt    0000000140003f40 f   LIBCMT:utility_desktop.obj
 0001:00002f40       _get_startup_new_mode      0000000140003f40 f   LIBCMT:new_mode.obj
 0001:00002f40       _get_startup_thread_locale_mode 0000000140003f40 f   LIBCMT:thread_locale.obj
 0001:00002f44       _get_startup_argv_mode     0000000140003f44 f   LIBCMT:argv_mode.obj
 0001:00002f4c       _get_startup_file_mode     0000000140003f4c f   LIBCMT:file_mode.obj
 0001:00002f54       ?__scrt_initialize_type_info@@YAXXZ 0000000140003f54 f   LIBCMT:tncleanup.obj
 0001:00002f64       _should_initialize_environment 0000000140003f64 f   LIBCMT:env_mode.obj
 0001:00002f64       __acrt_uninitialize_command_line 0000000140003f64 f   libucrt:argv_data.obj
 0001:00002f68       __local_stdio_scanf_options 0000000140003f68 f i LIBCMT:default_local_stdio_options.obj
 0001:00002f70       __scrt_initialize_default_local_stdio_options 0000000140003f70 f   LIBCMT:default_local_stdio_options.obj
 0001:00002f8c       __scrt_is_user_matherr_present 0000000140003f8c f   LIBCMT:matherr_detection.obj
 0001:00002f98       __scrt_get_dyn_tls_init_callback 0000000140003f98 f   LIBCMT:dyn_tls_init.obj
 0001:00002fa0       __scrt_get_dyn_tls_dtor_callback 0000000140003fa0 f   LIBCMT:dyn_tls_dtor.obj
 0001:00002fa8       __crt_debugger_hook        0000000140003fa8 f   LIBCMT:utility_desktop.obj
 0001:00002fb0       __scrt_fastfail            0000000140003fb0 f   LIBCMT:utility_desktop.obj
 0001:000030fc       __scrt_get_show_window_mode 00000001400040fc f   LIBCMT:utility_desktop.obj
 0001:00003138       __scrt_is_managed_app      0000000140004138 f   LIBCMT:utility_desktop.obj
 0001:0000318c       __scrt_set_unhandled_exception_filter 000000014000418c f   LIBCMT:utility_desktop.obj
 0001:0000319c       __scrt_unhandled_exception_filter 000000014000419c f   LIBCMT:utility_desktop.obj
 0001:000031d4       _RTC_Initialize            00000001400041d4 f   LIBCMT:_initsect_.obj
 0001:00003220       _RTC_Terminate             0000000140004220 f   LIBCMT:_initsect_.obj
 0001:0000326c       _guard_check_icall         000000014000426c f i LIBCMT:checkcfg.obj
 0001:00003274       __isa_available_init       0000000140004274 f   LIBCMT:_cpu_disp_.obj
 0001:00003430       __scrt_is_ucrt_dll_in_use  0000000140004430 f   LIBCMT:ucrt_detection.obj
 0001:00003440       IsProcessorFeaturePresent  0000000140004440 f   kernel32:KERNEL32.dll
 0001:00003448       __C_specific_handler       0000000140004448 f   libvcruntime:_riscchandler_.obj
 0001:00003654       __vcrt_initialize          0000000140004654 f   libvcruntime:initialization.obj
 0001:00003688       __vcrt_uninitialize        0000000140004688 f   libvcruntime:initialization.obj
 0001:000036c0       memset                     00000001400046c0 f   libvcruntime:memset.obj
 0001:00003880       _local_unwind              0000000140004880 f   libvcruntime:_jmpuwind_.obj
 0001:000038b0       _NLG_Notify                00000001400048b0 f   libvcruntime:_jmpuwind_.obj
 0001:000038d0       __NLG_Dispatch2            00000001400048d0 f   libvcruntime:_jmpuwind_.obj
 0001:000038e0       __NLG_Return2              00000001400048e0 f   libvcruntime:_jmpuwind_.obj
 0001:000038e4       __except_validate_context_record 00000001400048e4 f   libvcruntime:jbcxrval.obj
 0001:0000391c       __vcrt_freefls             000000014000491c f   libvcruntime:per_thread_data.obj
 0001:0000393c       __vcrt_initialize_ptd      000000014000493c f   libvcruntime:per_thread_data.obj
 0001:00003990       __vcrt_uninitialize_ptd    0000000140004990 f   libvcruntime:per_thread_data.obj
 0001:000039b4       __vcrt_initialize_locks    00000001400049b4 f   libvcruntime:locks.obj
 0001:000039fc       __vcrt_uninitialize_locks  00000001400049fc f   libvcruntime:locks.obj
 0001:00003c0c       __vcrt_FlsAlloc            0000000140004c0c f   libvcruntime:winapi_downlevel.obj
 0001:00003c60       __vcrt_FlsFree             0000000140004c60 f   libvcruntime:winapi_downlevel.obj
 0001:00003cb4       __vcrt_FlsSetValue         0000000140004cb4 f   libvcruntime:winapi_downlevel.obj
 0001:00003d1c       __vcrt_InitializeCriticalSectionEx 0000000140004d1c f   libvcruntime:winapi_downlevel.obj
 0001:00003d94       __vcrt_initialize_winapi_thunks 0000000140004d94 f   libvcruntime:winapi_downlevel.obj
 0001:00003dd8       __vcrt_uninitialize_winapi_thunks 0000000140004dd8 f   libvcruntime:winapi_downlevel.obj
 0001:00003e18       __vcrt_initialize_pure_virtual_call_handler 0000000140004e18 f   libvcruntime:purevirt_data.obj
 0001:00003e50       memcpy                     0000000140004e50 f   libvcruntime:memcpy.obj
 0001:00003e50       memmove                    0000000140004e50 f   libvcruntime:memcpy.obj
 0001:000042b0       _CallSettingFrame          00000001400052b0 f   libvcruntime:handlers.obj
 0001:000042f0       __DestructExceptionObject  00000001400052f0 f   libvcruntime:ehhelpers.obj
 0001:00004374       ?_CallMemberFunction0@@YAXQEAX0@Z 0000000140005374 f i libvcruntime:ehhelpers.obj
 0001:00004544       ??$ensure_buffer_is_big_enough@D@formatting_buffer@__crt_stdio_output@@QEAA_N_K@Z 0000000140005544 f i libucrt:output.obj
 0001:000045ec       ??$type_case_integer_parse_into_buffer@I@?$output_processor@DV?$string_output_adapter@D@__crt_stdio_output@@V?$format_validation_base@DV?$string_output_adapter@D@__crt_stdio_output@@@2@@__crt_stdio_output@@AEAAXII_N@Z 00000001400055ec f i libucrt:output.obj
 0001:00004674       ??$type_case_integer_parse_into_buffer@_K@?$output_processor@DV?$string_output_adapter@D@__crt_stdio_output@@V?$format_validation_base@DV?$string_output_adapter@D@__crt_stdio_output@@@2@@__crt_stdio_output@@AEAAX_KI_N@Z 0000000140005674 f i libucrt:output.obj
 0001:00004704       ??$write_multiple_characters@V?$string_output_adapter@D@__crt_stdio_output@@D@__crt_stdio_output@@YAXAEBV?$string_output_adapter@D@0@DHQEAH@Z 0000000140005704 f i libucrt:output.obj
 0001:00004760       ??0_LocaleUpdate@@QEAA@QEAU__crt_locale_pointers@@@Z 0000000140005760 f i libucrt:output.obj
 0001:000047f0       ?force_decimal_point@__crt_stdio_output@@YAXPEADQEAU__crt_locale_pointers@@@Z 00000001400057f0 f i libucrt:output.obj
 0001:00004860       ?parse_int_from_format_string@?$output_processor@DV?$string_output_adapter@D@__crt_stdio_output@@V?$format_validation_base@DV?$string_output_adapter@D@__crt_stdio_output@@@2@@__crt_stdio_output@@AEAA_NQEAH@Z 0000000140005860 f i libucrt:output.obj
 0001:00004904       ?process@?$output_processor@DV?$string_output_adapter@D@__crt_stdio_output@@V?$format_validation_base@DV?$string_output_adapter@D@__crt_stdio_output@@@2@@__crt_stdio_output@@QEAAHXZ 0000000140005904 f i libucrt:output.obj
 0001:00004b20       ?state_case_normal@?$output_processor@DV?$string_output_adapter@D@__crt_stdio_output@@V?$format_validation_base@DV?$string_output_adapter@D@__crt_stdio_output@@@2@@__crt_stdio_output@@AEAA_NXZ 0000000140005b20 f i libucrt:output.obj
 0001:00004b94       ?state_case_normal_tchar@?$output_processor@DV?$string_output_adapter@D@__crt_stdio_output@@V?$format_validation_base@DV?$string_output_adapter@D@__crt_stdio_output@@@2@@__crt_stdio_output@@AEAA_ND@Z 0000000140005b94 f i libucrt:output.obj
 0001:00004c2c       ?state_case_size@?$output_processor@DV?$string_output_adapter@D@__crt_stdio_output@@V?$format_validation_base@DV?$string_output_adapter@D@__crt_stdio_output@@@2@@__crt_stdio_output@@AEAA_NXZ 0000000140005c2c f i libucrt:output.obj
 0001:00004da8       ?state_case_type@?$output_processor@DV?$string_output_adapter@D@__crt_stdio_output@@V?$format_validation_base@DV?$string_output_adapter@D@__crt_stdio_output@@@2@@__crt_stdio_output@@AEAA_NXZ 0000000140005da8 f i libucrt:output.obj
 0001:0000501c       ?type_case_Z@?$output_processor@DV?$string_output_adapter@D@__crt_stdio_output@@V?$format_validation_base@DV?$string_output_adapter@D@__crt_stdio_output@@@2@@__crt_stdio_output@@AEAA_NXZ 000000014000601c f i libucrt:output.obj
 0001:0000509c       ?type_case_a@?$output_processor@DV?$string_output_adapter@D@__crt_stdio_output@@V?$format_validation_base@DV?$string_output_adapter@D@__crt_stdio_output@@@2@@__crt_stdio_output@@AEAA_NXZ 000000014000609c f i libucrt:output.obj
 0001:000052b4       ?type_case_c_tchar@?$output_processor@DV?$string_output_adapter@D@__crt_stdio_output@@V?$format_validation_base@DV?$string_output_adapter@D@__crt_stdio_output@@@2@@__crt_stdio_output@@AEAA_ND@Z 00000001400062b4 f i libucrt:output.obj
 0001:00005380       ?type_case_integer@?$output_processor@DV?$string_output_adapter@D@__crt_stdio_output@@V?$format_validation_base@DV?$string_output_adapter@D@__crt_stdio_output@@@2@@__crt_stdio_output@@AEAA_NI_N@Z 0000000140006380 f i libucrt:output.obj
 0001:00005544       ?type_case_n@?$output_processor@DV?$string_output_adapter@D@__crt_stdio_output@@V?$format_validation_base@DV?$string_output_adapter@D@__crt_stdio_output@@@2@@__crt_stdio_output@@AEAA_NXZ 0000000140006544 f i libucrt:output.obj
 0001:00005620       ?type_case_s@?$output_processor@DV?$string_output_adapter@D@__crt_stdio_output@@V?$format_validation_base@DV?$string_output_adapter@D@__crt_stdio_output@@@2@@__crt_stdio_output@@AEAA_NXZ 0000000140006620 f i libucrt:output.obj
 0001:000056bc       ?write_stored_string_tchar@?$output_processor@DV?$string_output_adapter@D@__crt_stdio_output@@V?$format_validation_base@DV?$string_output_adapter@D@__crt_stdio_output@@@2@@__crt_stdio_output@@AEAA_ND@Z 00000001400066bc f i libucrt:output.obj
 0001:00005794       ?write_string@?$string_output_adapter@D@__crt_stdio_output@@QEBAXQEBDHQEAHAEAV__crt_deferred_errno_cache@@@Z 0000000140006794 f i libucrt:output.obj
 0001:00005838       __stdio_common_vsnprintf_s 0000000140006838 f   libucrt:output.obj
 0001:00005990       sinf                       0000000140006990 f   libucrt:sinf.obj
 0001:00006088       _seh_filter_exe            0000000140007088 f   libucrt:exception_filter.obj
 0001:00006214       _query_app_type            0000000140007214 f   libucrt:report_runtime_error.obj
 0001:0000621c       _set_app_type              000000014000721c f   libucrt:report_runtime_error.obj
 0001:00006224       __acrt_has_user_matherr    0000000140007224 f   libucrt:matherr.obj
 0001:00006244       __acrt_initialize_user_matherr 0000000140007244 f   libucrt:matherr.obj
 0001:0000624c       __acrt_invoke_user_matherr 000000014000724c f   libucrt:matherr.obj
 0001:0000627c       __setusermatherr           000000014000727c f   libucrt:matherr.obj
 0001:00006460       __acrt_allocate_buffer_for_argv 0000000140007460 f   libucrt:argv_parsing.obj
 0001:000064c0       _configure_narrow_argv     00000001400074c0 f   libucrt:argv_parsing.obj
 0001:0000683c       __dcrt_uninitialize_environments_nolock 000000014000783c f   libucrt:environment_initialization.obj
 0001:00006874       _initialize_narrow_environment 0000000140007874 f   libucrt:environment_initialization.obj
 0001:0000687c       _get_narrow_winmain_command_line 000000014000787c f   libucrt:argv_winmain.obj
 0001:000068ec       _initterm                  00000001400078ec f   libucrt:initterm.obj
 0001:00006950       _initterm_e                0000000140007950 f   libucrt:initterm.obj
 0001:00006c10       __acrt_initialize_thread_local_exit_callback 0000000140007c10 f   libucrt:exit.obj
 0001:00006c18       _c_exit                    0000000140007c18 f   libucrt:exit.obj
 0001:00006c28       _cexit                     0000000140007c28 f   libucrt:exit.obj
 0001:00006c38       _exit                      0000000140007c38 f   libucrt:exit.obj
 0001:00006c44       _register_thread_local_exe_atexit_callback 0000000140007c44 f   libucrt:exit.obj
 0001:00006c88       exit                       0000000140007c88 f   libucrt:exit.obj
 0001:00006c94       _set_fmode                 0000000140007c94 f   libucrt:setmode.obj
 0001:00006d44       __acrt_set_locale_changed  0000000140007d44 f   libucrt:wsetlocale.obj
 0001:00006d50       __acrt_uninitialize_locale 0000000140007d50 f   libucrt:wsetlocale.obj
 0001:00006d80       _configthreadlocale        0000000140007d80 f   libucrt:wsetlocale.obj
 0001:00006dec       _query_new_mode            0000000140007dec f   libucrt:new_mode.obj
 0001:00006df4       _set_new_mode              0000000140007df4 f   libucrt:new_mode.obj
 0001:00006e20       __p__commode               0000000140007e20 f   libucrt:ncommode.obj
 0001:000071b0       _crt_atexit                00000001400081b0 f   libucrt:onexit.obj
 0001:000071c0       _execute_onexit_table      00000001400081c0 f   libucrt:onexit.obj
 0001:000071fc       _initialize_onexit_table   00000001400081fc f   libucrt:onexit.obj
 0001:0000723c       _register_onexit_function  000000014000823c f   libucrt:onexit.obj
 0001:000073c4       __acrt_initialize          00000001400083c4 f   libucrt:initialization.obj
 0001:000073d8       __acrt_uninitialize        00000001400083d8 f   libucrt:initialization.obj
 0001:00007410       terminate                  0000000140008410 f   libucrt:terminate.obj
 0001:00007430       _free_base                 0000000140008430 f   libucrt:free_base.obj
 0001:00007470       _malloc_base               0000000140008470 f   libucrt:malloc_base.obj
 0001:000074d0       strcpy_s                   00000001400084d0 f   libucrt:strcpy_s.obj
 0001:00007530       abort                      0000000140008530 f   libucrt:abort.obj
 0001:00007588       _calloc_base               0000000140008588 f   libucrt:calloc_base.obj
 0001:00007600       wcsncmp                    0000000140008600 f   libucrt:wcsncmp.obj
 0001:0000762c       ??$parse_integer@KV?$c_string_character_source@D@__crt_strtox@@@__crt_strtox@@YAKQEAU__crt_locale_pointers@@V?$c_string_character_source@D@0@H_N@Z 000000014000862c f i libucrt:atox.obj
 0001:00007960       strncmp                    0000000140008960 f   libucrt:strncmp.obj
 0001:000079e0       __acrt_call_reportfault    00000001400089e0 f   libucrt:invalid_parameter.obj
 0001:00007b3c       __acrt_initialize_invalid_parameter_handler 0000000140008b3c f   libucrt:invalid_parameter.obj
 0001:00007b44       _invalid_parameter         0000000140008b44 f   libucrt:invalid_parameter.obj
 0001:00007bf4       _invalid_parameter_noinfo  0000000140008bf4 f   libucrt:invalid_parameter.obj
 0001:00007c14       _invoke_watson             0000000140008c14 f   libucrt:invalid_parameter.obj
 0001:00007c5c       isdigit                    0000000140008c5c f i libucrt:_ctype.obj
 0001:00007d14       _tolower_l                 0000000140008d14 f   libucrt:tolower_toupper.obj
 0001:00007e54       tolower                    0000000140008e54 f   libucrt:tolower_toupper.obj
 0001:00007e80       __acrt_errno_from_os_error 0000000140008e80 f   libucrt:errno.obj
 0001:00007ec8       __acrt_errno_map_os_error  0000000140008ec8 f   libucrt:errno.obj
 0001:00007f18       __doserrno                 0000000140008f18 f   libucrt:errno.obj
 0001:00007f38       _errno                     0000000140008f38 f   libucrt:errno.obj
 0001:00007f58       strtol                     0000000140008f58 f   libucrt:strtox.obj
 0001:00007f84       _mbtowc_l                  0000000140008f84 f   libucrt:mbtowc.obj
 0001:000080cc       mbtowc                     00000001400090cc f   libucrt:mbtowc.obj
 0001:000080d4       _wctomb_s_l                00000001400090d4 f   libucrt:wctomb.obj
 0001:00008258       wctomb_s                   0000000140009258 f   libucrt:wctomb.obj
 0001:0000826c       strnlen                    000000014000926c f   libucrt:strnlen.obj
 0001:000083b0       wcsnlen                    00000001400093b0 f   libucrt:strnlen.obj
 0001:000088f0       __acrt_getptd              00000001400098f0 f   libucrt:per_thread_data.obj
 0001:000089bc       __acrt_getptd_head         00000001400099bc f   libucrt:per_thread_data.obj
 0001:00008a64       __acrt_getptd_noexit       0000000140009a64 f   libucrt:per_thread_data.obj
 0001:00008b34       __acrt_initialize_ptd      0000000140009b34 f   libucrt:per_thread_data.obj
 0001:00008b70       __acrt_uninitialize_ptd    0000000140009b70 f   libucrt:per_thread_data.obj
 0001:00008b94       __acrt_update_locale_info  0000000140009b94 f   libucrt:locale_update.obj
 0001:00008bc8       __acrt_update_multibyte_info 0000000140009bc8 f   libucrt:locale_update.obj
 0001:000095b8       __acrt_fp_format           000000014000a5b8 f   libucrt:cvt.obj
 0001:00009840       _fileno                    000000014000a840 f   libucrt:fileno.obj
 0001:00009868       __acrt_initialize_stdio    000000014000a868 f   libucrt:_file.obj
 0001:00009988       __acrt_uninitialize_stdio  000000014000a988 f   libucrt:_file.obj
 0001:000099e4       _lock_file                 000000014000a9e4 f   libucrt:_file.obj
 0001:000099f0       _unlock_file               000000014000a9f0 f   libucrt:_file.obj
 0001:000099fc       _get_printf_count_output   000000014000a9fc f   libucrt:printf_count_output.obj
 0001:00009bfc       __acrt_initialize_lowio    000000014000abfc f   libucrt:ioinit.obj
 0001:00009c38       __acrt_uninitialize_lowio  000000014000ac38 f   libucrt:ioinit.obj
 0001:00009c80       __acrt_initialize_fma3     000000014000ac80 f   libucrt:fma3_available.obj
 0001:00009cf0       __remainder_piby2d2f_forC  000000014000acf0 f   libucrt:remainder_piby2f_forc.obj
 0001:00009f08       _sinf_special              000000014000af08 f   libucrt:sincos_special.obj
 0001:0000a480       __acrt_expand_narrow_argv_wildcards 000000014000b480 f   libucrt:argv_wildcards.obj
 0001:0000abc8       __acrt_initialize_multibyte 000000014000bbc8 f   libucrt:mbctype.obj
 0001:0000ac28       __acrt_update_thread_multibyte_data 000000014000bc28 f   libucrt:mbctype.obj
 0001:0000ac44       _setmbcp_nolock            000000014000bc44 f   libucrt:mbctype.obj
 0001:0000af7c       _ismbblead                 000000014000bf7c f   libucrt:ismbbyte.obj
 0001:0000af90       __acrt_initialize_command_line 000000014000bf90 f   libucrt:argv_data.obj
 0001:0000afb8       __dcrt_get_narrow_environment_from_os 000000014000bfb8 f   libucrt:get_environment_from_os.obj
 0001:0000b0bc       __acrt_initialize_locks    000000014000c0bc f   libucrt:locks.obj
 0001:0000b104       __acrt_lock                000000014000c104 f   libucrt:locks.obj
 0001:0000b120       __acrt_uninitialize_locks  000000014000c120 f   libucrt:locks.obj
 0001:0000b158       __acrt_unlock              000000014000c158 f   libucrt:locks.obj
 0001:0000b174       __acrt_get_process_end_policy 000000014000c174 f   libucrt:win_policies.obj
 0001:0000b1b0       __acrt_lowio_create_handle_array 000000014000c1b0 f   libucrt:osfinfo.obj
 0001:0000b248       __acrt_lowio_destroy_handle_array 000000014000c248 f   libucrt:osfinfo.obj
 0001:0000b298       __acrt_lowio_ensure_fh_exists 000000014000c298 f   libucrt:osfinfo.obj
 0001:0000b340       __acrt_lowio_lock_fh       000000014000c340 f   libucrt:osfinfo.obj
 0001:0000b364       __acrt_lowio_unlock_fh     000000014000c364 f   libucrt:osfinfo.obj
 0001:0000b388       _free_osfhnd               000000014000c388 f   libucrt:osfinfo.obj
 0001:0000b444       _get_osfhandle             000000014000c444 f   libucrt:osfinfo.obj
 0001:0000b4bc       __acrt_locale_free_monetary 000000014000c4bc f   libucrt:initmon.obj
 0001:0000b5c8       __acrt_locale_free_numeric 000000014000c5c8 f   libucrt:initnum.obj
 0001:0000b688       __acrt_locale_free_time    000000014000c688 f   libucrt:inittime.obj
 0001:0000b790       __pctype_func              000000014000c790 f   libucrt:ctype.obj
 0001:0000b7c0       __acrt_GetStringTypeA      000000014000c7c0 f   libucrt:getstringtypea.obj
 0001:0000b950       __acrt_add_locale_ref      000000014000c950 f   libucrt:locale_refcounting.obj
 0001:0000b9dc       __acrt_free_locale         000000014000c9dc f   libucrt:locale_refcounting.obj
 0001:0000bb54       __acrt_locale_add_lc_time_reference 000000014000cb54 f   libucrt:locale_refcounting.obj
 0001:0000bb7c       __acrt_locale_free_lc_time_if_unreferenced 000000014000cb7c f   libucrt:locale_refcounting.obj
 0001:0000bbb4       __acrt_locale_release_lc_time_reference 000000014000cbb4 f   libucrt:locale_refcounting.obj
 0001:0000bbdc       __acrt_release_locale_ref  000000014000cbdc f   libucrt:locale_refcounting.obj
 0001:0000bc84       __acrt_update_thread_locale_data 000000014000cc84 f   libucrt:locale_refcounting.obj
 0001:0000bcf4       _updatetlocinfoEx_nolock   000000014000ccf4 f   libucrt:locale_refcounting.obj
 0001:0000bf34       __acrt_AppPolicyGetProcessTerminationMethodInternal 000000014000cf34 f   libucrt:winapi_thunks.obj
 0001:0000bf84       __acrt_FlsAlloc            000000014000cf84 f   libucrt:winapi_thunks.obj
 0001:0000bfcc       __acrt_FlsFree             000000014000cfcc f   libucrt:winapi_thunks.obj
 0001:0000c014       __acrt_FlsGetValue         000000014000d014 f   libucrt:winapi_thunks.obj
 0001:0000c05c       __acrt_FlsSetValue         000000014000d05c f   libucrt:winapi_thunks.obj
 0001:0000c0b0       __acrt_InitializeCriticalSectionEx 000000014000d0b0 f   libucrt:winapi_thunks.obj
 0001:0000c114       __acrt_LCMapStringEx       000000014000d114 f   libucrt:winapi_thunks.obj
 0001:0000c1f0       __acrt_LocaleNameToLCID    000000014000d1f0 f   libucrt:winapi_thunks.obj
 0001:0000c240       __acrt_initialize_winapi_thunks 000000014000d240 f   libucrt:winapi_thunks.obj
 0001:0000c288       __acrt_uninitialize_winapi_thunks 000000014000d288 f   libucrt:winapi_thunks.obj
 0001:0000c2cc       _recalloc                  000000014000d2cc f   libucrt:recalloc.obj
 0001:0000c2d4       _recalloc_base             000000014000d2d4 f   libucrt:recalloc.obj
 0001:0000c36c       __acrt_initialize_heap     000000014000d36c f   libucrt:heap_handle.obj
 0001:0000c388       __acrt_uninitialize_heap   000000014000d388 f   libucrt:heap_handle.obj
 0001:0000c394       __acrt_execute_initializers 000000014000d394 f   libucrt:shared_initialization.obj
 0001:0000c414       __acrt_execute_uninitializers 000000014000d414 f   libucrt:shared_initialization.obj
 0001:0000c450       __acrt_initialize_new_handler 000000014000d450 f   libucrt:new_handler.obj
 0001:0000c458       _callnewh                  000000014000d458 f   libucrt:new_handler.obj
 0001:0000c488       _query_new_handler         000000014000d488 f   libucrt:new_handler.obj
 0001:0000c504       __acrt_get_sigabrt_handler 000000014000d504 f   libucrt:signal.obj
 0001:0000c534       __acrt_initialize_signal_handlers 000000014000d534 f   libucrt:signal.obj
 0001:0000c554       raise                      000000014000d554 f   libucrt:signal.obj
 0001:0000c9ac       __acrt_stdio_flush_nolock  000000014000d9ac f   libucrt:fflush.obj
 0001:0000ca28       _fflush_nolock             000000014000da28 f   libucrt:fflush.obj
 0001:0000ca74       _flushall                  000000014000da74 f   libucrt:fflush.obj
 0001:0000ca7c       _isctype_l                 000000014000da7c f   libucrt:isctype.obj
 0001:0000cb8c       _isleadbyte_l              000000014000db8c f i libucrt:_wctype.obj
 0001:0000cee4       __acrt_LCMapStringA        000000014000dee4 f   libucrt:lcmapstringa.obj
 0001:0000cf7c       __acrt_MultiByteToWideChar 000000014000df7c f   libucrt:multibytetowidechar.obj
 0001:0000cf84       __acrt_WideCharToMultiByte 000000014000df84 f   libucrt:widechartomultibyte.obj
 0001:0000cf8c       __acrt_fp_strflt_to_string 000000014000df8c f   libucrt:_fptostr.obj
 0001:0000d050       ?divide@__crt_strtox@@YA_KAEAUbig_integer@1@AEBU21@@Z 000000014000e050 f i libucrt:cfout.obj
 0001:0000d4e4       __acrt_fltout              000000014000e4e4 f   libucrt:cfout.obj
 0001:0000e8c0       _fcloseall                 000000014000f8c0 f   libucrt:closeall.obj
 0001:0000e974       __acrt_stdio_free_buffer_nolock 000000014000f974 f   libucrt:_freebuf.obj
 0001:0000e9b4       _isatty                    000000014000f9b4 f   libucrt:isatty.obj
 0001:0000eb38       _handle_error              000000014000fb38 f   libucrt:libm_error.obj
 0001:0000ec60       _handle_errorf             000000014000fc60 f   libucrt:libm_error.obj
 0001:0000ed94       _handle_nan                000000014000fd94 f   libucrt:libm_error.obj
 0001:0000edb0       qsort                      000000014000fdb0 f   libucrt:qsort.obj
 0001:0000f160       strncpy_s                  0000000140010160 f   libucrt:strncpy_s.obj
 0001:0000f2e0       strpbrk                    00000001400102e0 f   libucrt:strpbrk.obj
 0001:0000f6c0       _mbsdec                    00000001400106c0 f   libucrt:mbsdec.obj
 0001:0000f6c8       _mbsdec_l                  00000001400106c8 f   libucrt:mbsdec.obj
 0001:0000f83c       __acrt_DownlevelLocaleNameToLCID 000000014001083c f   libucrt:lcidtoname_downlevel.obj
 0001:0000f870       _msize                     0000000140010870 f   libucrt:msize.obj
 0001:0000f878       _msize_base                0000000140010878 f   libucrt:msize.obj
 0001:0000f8b4       _realloc_base              00000001400108b4 f   libucrt:realloc_base.obj
 0001:0000f9bc       _commit                    00000001400109bc f   libucrt:commit.obj
 0001:00010008       _write                     0000000140011008 f   libucrt:write.obj
 0001:000100f4       _write_nolock              00000001400110f4 f   libucrt:write.obj
 0001:00010438       __strncnt                  0000000140011438 f   libucrt:strncnt.obj
 0001:00010450       fegetenv                   0000000140011450 f   libucrt:fegetenv.obj
 0001:00010470       fesetenv                   0000000140011470 f   libucrt:fesetenv.obj
 0001:000104c0       feholdexcept               00000001400114c0 f   libucrt:feholdexcept.obj
 0001:00010510       ceil                       0000000140011510 f   libucrt:ceil.obj
 0001:000105e0       log10                      00000001400115e0 f   libucrt:log10.obj
 0001:00010c28       _lseeki64_nolock           0000000140011c28 f   libucrt:lseek.obj
 0001:00010c30       _fclose_nolock             0000000140011c30 f   libucrt:fclose.obj
 0001:00010cb4       fclose                     0000000140011cb4 f   libucrt:fclose.obj
 0001:00010d18       _raise_exc                 0000000140011d18 f   libucrt:fpexcept.obj
 0001:00010d40       _raise_exc_ex              0000000140011d40 f   libucrt:fpexcept.obj
 0001:00011048       _raise_excf                0000000140012048 f   libucrt:fpexcept.obj
 0001:00011074       _set_errno_from_matherr    0000000140012074 f   libucrt:fpexcept.obj
 0001:000110a4       _clrfp                     00000001400120a4 f   libucrt:fpctrl.obj
 0001:000110c4       _ctrlfp                    00000001400120c4 f   libucrt:fpctrl.obj
 0001:00011140       _set_statfp                0000000140012140 f   libucrt:fpctrl.obj
 0001:00011160       _statfp                    0000000140012160 f   libucrt:fpctrl.obj
 0001:00011174       _putwch_nolock             0000000140012174 f   libucrt:putwch.obj
 0001:000111b0       __acrt_fenv_get_control    00000001400121b0 f   libucrt:_fenvutils.obj
 0001:000112b0       __acrt_fenv_get_status     00000001400122b0 f   libucrt:_fenvutils.obj
 0001:00011308       __acrt_fenv_set_control    0000000140012308 f   libucrt:_fenvutils.obj
 0001:00011450       __acrt_fenv_set_status     0000000140012450 f   libucrt:_fenvutils.obj
 0001:000114d4       _clearfp                   00000001400124d4 f   libucrt:ieee.obj
 0001:00011550       _log10_special             0000000140012550 f   libucrt:log_special.obj
 0001:0001167c       _close                     000000014001267c f   libucrt:close.obj
 0001:00011720       _close_nolock              0000000140012720 f   libucrt:close.obj
 0001:000117dc       ?__acrt_stdio_free_stream@@YAXV__crt_stdio_stream@@@Z 00000001400127dc f   libucrt:stream.obj
 0001:00011810       _get_fpsr                  0000000140012810 f   libucrt:fpsr.obj
 0001:00011820       _set_fpsr                  0000000140012820 f   libucrt:fpsr.obj
 0001:0001182a       _fclrf                     000000014001282a f   libucrt:fpsr.obj
 0001:0001183e       _frnd                      000000014001283e f   libucrt:fpsr.obj
 0001:00011860       __dcrt_lowio_ensure_console_output_initialized 0000000140012860 f   libucrt:initcon.obj
 0001:000118b4       __dcrt_terminate_console_output 00000001400128b4 f   libucrt:initcon.obj
 0001:000118d0       __dcrt_write_console_w     00000001400128d0 f   libucrt:initcon.obj
 0001:00011990       _FindPESection             0000000140012990 f   LIBCMT:pesect.obj
 0001:000119e0       _IsNonwritableInCurrentImage 00000001400129e0 f   LIBCMT:pesect.obj
 0001:00011a30       _ValidateImageBase         0000000140012a30 f   LIBCMT:pesect.obj
 0001:00011a70       __chkstk                   0000000140012a70 f   LIBCMT:_chkstk_.obj
 0001:00011a70       _alloca_probe              0000000140012a70 f   LIBCMT:_chkstk_.obj
 0001:00011ac1       RtlUnwindEx                0000000140012ac1 f   kernel32:KERNEL32.dll
 0001:00011ae0       memcmp                     0000000140012ae0 f   libvcruntime:memcmp.obj
 0001:00011ba8       strrchr                    0000000140012ba8 f   libvcruntime:strrchr.obj
 0001:00011d10       _guard_dispatch_icall_nop  0000000140012d10 f   LIBCMT:_guard_dispatch_.obj
 0001:00011d30       __guard_ss_verify_failure  0000000140012d30 f   LIBCMT:_rfgfailure_.obj
 0001:00011d3b       __guard_ss_verify_failure_rcx 0000000140012d3b     LIBCMT:_rfgfailure_.obj
 0001:00011d41       __guard_ss_verify_failure_rdx 0000000140012d41     LIBCMT:_rfgfailure_.obj
 0001:00011d47       __guard_ss_verify_failure_r8 0000000140012d47     LIBCMT:_rfgfailure_.obj
 0001:00011d4d       __guard_ss_verify_failure_r9 0000000140012d4d     LIBCMT:_rfgfailure_.obj
 0001:00011d53       __guard_ss_verify_failure_r10 0000000140012d53     LIBCMT:_rfgfailure_.obj
 0001:00011d60       __guard_ss_verify_failure_default 0000000140012d60 f   LIBCMT:_rfgfailure_.obj
 0001:00011dc0       __guard_ss_verify_sp       0000000140012dc0 f   LIBCMT:_rfgfailure_.obj
 0001:00011dd0       __guard_ss_verify_sp_default 0000000140012dd0 f   LIBCMT:_rfgfailure_.obj
 0002:00000000       __imp_StretchDIBits        0000000140013000     gdi32:GDI32.dll
 0002:00000008       \177GDI32_NULL_THUNK_DATA  0000000140013008     gdi32:GDI32.dll
 0002:00000010       __imp_SetFilePointerEx     0000000140013010     kernel32:KERNEL32.dll
 0002:00000018       __imp_GetConsoleMode       0000000140013018     kernel32:KERNEL32.dll
 0002:00000020       __imp_GetConsoleCP         0000000140013020     kernel32:KERNEL32.dll
 0002:00000028       __imp_FlushFileBuffers     0000000140013028     kernel32:KERNEL32.dll
 0002:00000030       __imp_CreateFileW          0000000140013030     kernel32:KERNEL32.dll
 0002:00000038       __imp_HeapSize             0000000140013038     kernel32:KERNEL32.dll
 0002:00000040       __imp_GetProcessHeap       0000000140013040     kernel32:KERNEL32.dll
 0002:00000048       __imp_LCMapStringW         0000000140013048     kernel32:KERNEL32.dll
 0002:00000050       __imp_HeapReAlloc          0000000140013050     kernel32:KERNEL32.dll
 0002:00000058       __imp_TlsGetValue          0000000140013058     kernel32:KERNEL32.dll
 0002:00000060       __imp_CreateFileA          0000000140013060     kernel32:KERNEL32.dll
 0002:00000068       __imp_GetFileSizeEx        0000000140013068     kernel32:KERNEL32.dll
 0002:00000070       __imp_ReadFile             0000000140013070     kernel32:KERNEL32.dll
 0002:00000078       __imp_WriteFile            0000000140013078     kernel32:KERNEL32.dll
 0002:00000080       __imp_OutputDebugStringA   0000000140013080     kernel32:KERNEL32.dll
 0002:00000088       __imp_CloseHandle          0000000140013088     kernel32:KERNEL32.dll
 0002:00000090       __imp_QueryPerformanceCounter 0000000140013090     kernel32:KERNEL32.dll
 0002:00000098       __imp_QueryPerformanceFrequency 0000000140013098     kernel32:KERNEL32.dll
 0002:000000a0       __imp_Sleep                00000001400130a0     kernel32:KERNEL32.dll
 0002:000000a8       __imp_VirtualAlloc         00000001400130a8     kernel32:KERNEL32.dll
 0002:000000b0       __imp_VirtualFree          00000001400130b0     kernel32:KERNEL32.dll
 0002:000000b8       __imp_GetProcAddress       00000001400130b8     kernel32:KERNEL32.dll
 0002:000000c0       __imp_LoadLibraryA         00000001400130c0     kernel32:KERNEL32.dll
 0002:000000c8       __imp_RtlCaptureContext    00000001400130c8     kernel32:KERNEL32.dll
 0002:000000d0       __imp_RtlLookupFunctionEntry 00000001400130d0     kernel32:KERNEL32.dll
 0002:000000d8       __imp_RtlVirtualUnwind     00000001400130d8     kernel32:KERNEL32.dll
 0002:000000e0       __imp_UnhandledExceptionFilter 00000001400130e0     kernel32:KERNEL32.dll
 0002:000000e8       __imp_SetUnhandledExceptionFilter 00000001400130e8     kernel32:KERNEL32.dll
 0002:000000f0       __imp_GetCurrentProcess    00000001400130f0     kernel32:KERNEL32.dll
 0002:000000f8       __imp_TerminateProcess     00000001400130f8     kernel32:KERNEL32.dll
 0002:00000100       __imp_IsProcessorFeaturePresent 0000000140013100     kernel32:KERNEL32.dll
 0002:00000108       __imp_GetCurrentProcessId  0000000140013108     kernel32:KERNEL32.dll
 0002:00000110       __imp_GetCurrentThreadId   0000000140013110     kernel32:KERNEL32.dll
 0002:00000118       __imp_GetSystemTimeAsFileTime 0000000140013118     kernel32:KERNEL32.dll
 0002:00000120       __imp_InitializeSListHead  0000000140013120     kernel32:KERNEL32.dll
 0002:00000128       __imp_IsDebuggerPresent    0000000140013128     kernel32:KERNEL32.dll
 0002:00000130       __imp_GetStartupInfoW      0000000140013130     kernel32:KERNEL32.dll
 0002:00000138       __imp_GetModuleHandleW     0000000140013138     kernel32:KERNEL32.dll
 0002:00000140       __imp_RtlUnwindEx          0000000140013140     kernel32:KERNEL32.dll
 0002:00000148       __imp_GetLastError         0000000140013148     kernel32:KERNEL32.dll
 0002:00000150       __imp_SetLastError         0000000140013150     kernel32:KERNEL32.dll
 0002:00000158       __imp_EnterCriticalSection 0000000140013158     kernel32:KERNEL32.dll
 0002:00000160       __imp_LeaveCriticalSection 0000000140013160     kernel32:KERNEL32.dll
 0002:00000168       __imp_DeleteCriticalSection 0000000140013168     kernel32:KERNEL32.dll
 0002:00000170       __imp_InitializeCriticalSectionAndSpinCount 0000000140013170     kernel32:KERNEL32.dll
 0002:00000178       __imp_TlsAlloc             0000000140013178     kernel32:KERNEL32.dll
 0002:00000180       __imp_WriteConsoleW        0000000140013180     kernel32:KERNEL32.dll
 0002:00000188       __imp_TlsSetValue          0000000140013188     kernel32:KERNEL32.dll
 0002:00000190       __imp_TlsFree              0000000140013190     kernel32:KERNEL32.dll
 0002:00000198       __imp_FreeLibrary          0000000140013198     kernel32:KERNEL32.dll
 0002:000001a0       __imp_LoadLibraryExW       00000001400131a0     kernel32:KERNEL32.dll
 0002:000001a8       __imp_RaiseException       00000001400131a8     kernel32:KERNEL32.dll
 0002:000001b0       __imp_GetStdHandle         00000001400131b0     kernel32:KERNEL32.dll
 0002:000001b8       __imp_GetModuleFileNameA   00000001400131b8     kernel32:KERNEL32.dll
 0002:000001c0       __imp_MultiByteToWideChar  00000001400131c0     kernel32:KERNEL32.dll
 0002:000001c8       __imp_WideCharToMultiByte  00000001400131c8     kernel32:KERNEL32.dll
 0002:000001d0       __imp_ExitProcess          00000001400131d0     kernel32:KERNEL32.dll
 0002:000001d8       __imp_GetModuleHandleExW   00000001400131d8     kernel32:KERNEL32.dll
 0002:000001e0       __imp_GetACP               00000001400131e0     kernel32:KERNEL32.dll
 0002:000001e8       __imp_HeapFree             00000001400131e8     kernel32:KERNEL32.dll
 0002:000001f0       __imp_HeapAlloc            00000001400131f0     kernel32:KERNEL32.dll
 0002:000001f8       __imp_GetFileType          00000001400131f8     kernel32:KERNEL32.dll
 0002:00000200       __imp_FindClose            0000000140013200     kernel32:KERNEL32.dll
 0002:00000208       __imp_FindFirstFileExA     0000000140013208     kernel32:KERNEL32.dll
 0002:00000210       __imp_FindNextFileA        0000000140013210     kernel32:KERNEL32.dll
 0002:00000218       __imp_IsValidCodePage      0000000140013218     kernel32:KERNEL32.dll
 0002:00000220       __imp_GetOEMCP             0000000140013220     kernel32:KERNEL32.dll
 0002:00000228       __imp_GetCPInfo            0000000140013228     kernel32:KERNEL32.dll
 0002:00000230       __imp_GetCommandLineA      0000000140013230     kernel32:KERNEL32.dll
 0002:00000238       __imp_GetCommandLineW      0000000140013238     kernel32:KERNEL32.dll
 0002:00000240       __imp_GetEnvironmentStringsW 0000000140013240     kernel32:KERNEL32.dll
 0002:00000248       __imp_FreeEnvironmentStringsW 0000000140013248     kernel32:KERNEL32.dll
 0002:00000250       __imp_SetStdHandle         0000000140013250     kernel32:KERNEL32.dll
 0002:00000258       __imp_GetStringTypeW       0000000140013258     kernel32:KERNEL32.dll
 0002:00000260       \177KERNEL32_NULL_THUNK_DATA 0000000140013260     kernel32:KERNEL32.dll
 0002:00000268       __imp_DispatchMessageA     0000000140013268     user32:USER32.dll
 0002:00000270       __imp_PeekMessageA         0000000140013270     user32:USER32.dll
 0002:00000278       __imp_DefWindowProcA       0000000140013278     user32:USER32.dll
 0002:00000280       __imp_GetClientRect        0000000140013280     user32:USER32.dll
 0002:00000288       __imp_EndPaint             0000000140013288     user32:USER32.dll
 0002:00000290       __imp_BeginPaint           0000000140013290     user32:USER32.dll
 0002:00000298       __imp_GetDC                0000000140013298     user32:USER32.dll
 0002:000002a0       __imp_CreateWindowExA      00000001400132a0     user32:USER32.dll
 0002:000002a8       __imp_RegisterClassA       00000001400132a8     user32:USER32.dll
 0002:000002b0       __imp_TranslateMessage     00000001400132b0     user32:USER32.dll
 0002:000002b8       \177USER32_NULL_THUNK_DATA 00000001400132b8     user32:USER32.dll
 0002:000002c0       __imp_timeBeginPeriod      00000001400132c0     winmm:WINMM.dll
 0002:000002c8       \177WINMM_NULL_THUNK_DATA  00000001400132c8     winmm:WINMM.dll
 0002:000002d0       __guard_check_icall_fptr   00000001400132d0     LIBCMT:guard_support.obj
 0002:000002d8       __guard_dispatch_icall_fptr 00000001400132d8     LIBCMT:guard_support.obj
 0002:000002e0       __guard_ss_verify_failure_fptr 00000001400132e0     LIBCMT:guard_support.obj
 0002:000002e8       __guard_ss_verify_sp_fptr  00000001400132e8     LIBCMT:guard_support.obj
 0002:000002f0       __xc_a                     00000001400132f0     LIBCMT:initializers.obj
 0002:00000300       __xc_z                     0000000140013300     LIBCMT:initializers.obj
 0002:00000308       __xi_a                     0000000140013308     LIBCMT:initializers.obj
 0002:00000320       __acrt_stdio_initializer   0000000140013320     libucrt:stdio_initializer.obj
 0002:00000328       __acrt_tran_fma3_initializer 0000000140013328     libucrt:fma3_initializer.obj
 0002:00000330       __acrt_multibyte_initializer 0000000140013330     libucrt:multibyte_initializer.obj
 0002:00000338       __xi_z                     0000000140013338     LIBCMT:initializers.obj
 0002:00000340       __xp_a                     0000000140013340     LIBCMT:initializers.obj
 0002:00000348       __acrt_locale_terminator   0000000140013348     libucrt:locale_initializer.obj
 0002:00000350       __dcrt_console_output_terminator 0000000140013350     libucrt:console_output_initializer.obj
 0002:00000358       __acrt_stdio_terminator    0000000140013358     libucrt:stdio_initializer.obj
 0002:00000360       __xp_z                     0000000140013360     LIBCMT:initializers.obj
 0002:00000368       __xt_a                     0000000140013368     LIBCMT:initializers.obj
 0002:00000370       __xt_z                     0000000140013370     LIBCMT:initializers.obj
 0002:00000524       __real@00000000            0000000140013524     win32_handmade.obj
 0002:00000528       __real@3f000000            0000000140013528     win32_handmade.obj
 0002:0000052c       __real@3f800000            000000014001352c     win32_handmade.obj
 0002:00000530       __real@40800000            0000000140013530     win32_handmade.obj
 0002:00000534       __real@40c90fdb            0000000140013534     win32_handmade.obj
 0002:00000538       __real@412e848000000000    0000000140013538     win32_handmade.obj
 0002:00000540       __real@43000000            0000000140013540     win32_handmade.obj
 0002:00000548       __real@43f0000000000000    0000000140013548     win32_handmade.obj
 0002:00000550       __real@447a0000            0000000140013550     win32_handmade.obj
 0002:00000554       __real@46fffe00            0000000140013554     win32_handmade.obj
 0002:00000558       __real@47000000            0000000140013558     win32_handmade.obj
 0002:0000055c       __real@bf800000            000000014001355c     win32_handmade.obj
 0002:00000560       __xmm@80000000800000008000000080000000 0000000140013560     win32_handmade.obj
 0002:00000598       ??_C@_1DM@KHCHBNEB@?$AAa?$AAp?$AAi?$AA?9?$AAm?$AAs?$AA?9?$AAw?$AAi?$AAn?$AA?9?$AAc?$AAo?$AAr?$AAe?$AA?9?$AAf?$AAi?$AAb?$AAe?$AAr?$AAs?$AA?9?$AAl?$AA1?$AA?9?$AA1?$AA?9?$AA1?$AA?$AA@ 0000000140013598     libvcruntime:winapi_downlevel.obj
 0002:000005d8       ??_C@_1DK@LPPGFMPP@?$AAa?$AAp?$AAi?$AA?9?$AAm?$AAs?$AA?9?$AAw?$AAi?$AAn?$AA?9?$AAc?$AAo?$AAr?$AAe?$AA?9?$AAs?$AAy?$AAn?$AAc?$AAh?$AA?9?$AAl?$AA1?$AA?9?$AA2?$AA?9?$AA0?$AA?$AA@ 00000001400135d8     libvcruntime:winapi_downlevel.obj
 0002:00000618       ??_C@_1BC@GDMECMAK@?$AAk?$AAe?$AAr?$AAn?$AAe?$AAl?$AA3?$AA2?$AA?$AA@ 0000000140013618     libvcruntime:winapi_downlevel.obj
 0002:00000630       ??_C@_1BA@PFFKHIOG@?$AAa?$AAp?$AAi?$AA?9?$AAm?$AAs?$AA?9?$AA?$AA@ 0000000140013630     libvcruntime:winapi_downlevel.obj
 0002:00000640       ??_C@_1BA@IAIFMGEF@?$AAe?$AAx?$AAt?$AA?9?$AAm?$AAs?$AA?9?$AA?$AA@ 0000000140013640     libvcruntime:winapi_downlevel.obj
 0002:00000658       ??_C@_08KNHFBNJ@FlsAlloc?$AA@ 0000000140013658     libvcruntime:winapi_downlevel.obj
 0002:00000670       ??_C@_07PEJMOBNF@FlsFree?$AA@ 0000000140013670     libvcruntime:winapi_downlevel.obj
 0002:00000678       ??_C@_0M@GDNOONDI@FlsGetValue?$AA@ 0000000140013678     libvcruntime:winapi_downlevel.obj
 0002:00000690       ??_C@_0M@JCPCPOEF@FlsSetValue?$AA@ 0000000140013690     libvcruntime:winapi_downlevel.obj
 0002:000006a8       ??_C@_0BM@HCFOFFN@InitializeCriticalSectionEx?$AA@ 00000001400136a8     libvcruntime:winapi_downlevel.obj
 0002:000009f8       ??_C@_08EHJDFFNH@__based?$CI?$AA@ 00000001400139f8     libvcruntime:undname.obj
 0002:00000a08       ??_C@_07KOLFKCDI@__cdecl?$AA@ 0000000140013a08     libvcruntime:undname.obj
 0002:00000a10       ??_C@_08GHMPAG@__pascal?$AA@ 0000000140013a10     libvcruntime:undname.obj
 0002:00000a20       ??_C@_09IFJBGAPI@__stdcall?$AA@ 0000000140013a20     libvcruntime:undname.obj
 0002:00000a30       ??_C@_0L@NPHFGOKO@__thiscall?$AA@ 0000000140013a30     libvcruntime:undname.obj
 0002:00000a40       ??_C@_0L@JMKHOMEK@__fastcall?$AA@ 0000000140013a40     libvcruntime:undname.obj
 0002:00000a50       ??_C@_0N@BCKKPABJ@__vectorcall?$AA@ 0000000140013a50     libvcruntime:undname.obj
 0002:00000a60       ??_C@_09HIJEGCPM@__clrcall?$AA@ 0000000140013a60     libvcruntime:undname.obj
 0002:00000a6c       ??_C@_06GHPCKEAG@__eabi?$AA@ 0000000140013a6c     libvcruntime:undname.obj
 0002:00000a78       ??_C@_07JOMMBBKO@__ptr64?$AA@ 0000000140013a78     libvcruntime:undname.obj
 0002:00000a80       ??_C@_0L@PILCLIHE@__restrict?$AA@ 0000000140013a80     libvcruntime:undname.obj
 0002:00000a90       ??_C@_0M@GFIIJFMG@__unaligned?$AA@ 0000000140013a90     libvcruntime:undname.obj
 0002:00000aa0       ??_C@_09DHDLOLLB@restrict?$CI?$AA@ 0000000140013aa0     libvcruntime:undname.obj
 0002:00000aaa       ??_C@_00CNPNBAHC@?$AA@     0000000140013aaa     libvcruntime:undname.obj
 0002:00000aac       ??_C@_04NIHEBCM@?5new?$AA@ 0000000140013aac     libvcruntime:undname.obj
 0002:00000ab8       ??_C@_07FPCDHGMM@?5delete?$AA@ 0000000140013ab8     libvcruntime:undname.obj
 0002:00000ac0       ??_C@_01NEMOKFLO@?$DN?$AA@ 0000000140013ac0     libvcruntime:undname.obj
 0002:00000ac4       ??_C@_02GPIOPFAK@?$DO?$DO?$AA@ 0000000140013ac4     libvcruntime:undname.obj
 0002:00000ac8       ??_C@_02FODMEDOG@?$DM?$DM?$AA@ 0000000140013ac8     libvcruntime:undname.obj
 0002:00000acc       ??_C@_01DCLJPIOD@?$CB?$AA@ 0000000140013acc     libvcruntime:undname.obj
 0002:00000ad0       ??_C@_02EGOFBIJA@?$DN?$DN?$AA@ 0000000140013ad0     libvcruntime:undname.obj
 0002:00000ad4       ??_C@_02FDNJECIE@?$CB?$DN?$AA@ 0000000140013ad4     libvcruntime:undname.obj
 0002:00000ad8       ??_C@_02GPECMEKF@?$FL?$FN?$AA@ 0000000140013ad8     libvcruntime:undname.obj
 0002:00000ae0       ??_C@_08LHJFAFGD@operator?$AA@ 0000000140013ae0     libvcruntime:undname.obj
 0002:00000aec       ??_C@_02HBOOOICD@?9?$DO?$AA@ 0000000140013aec     libvcruntime:undname.obj
 0002:00000af0       ??_C@_01NBENCBCI@?$CK?$AA@ 0000000140013af0     libvcruntime:undname.obj
 0002:00000af4       ??_C@_02ECNGHCIF@?$CL?$CL?$AA@ 0000000140013af4     libvcruntime:undname.obj
 0002:00000af8       ??_C@_02BAABKJLB@?9?9?$AA@ 0000000140013af8     libvcruntime:undname.obj
 0002:00000afc       ??_C@_01JOAMLHOP@?9?$AA@   0000000140013afc     libvcruntime:undname.obj
 0002:00000b00       ??_C@_01MIFGBAGJ@?$CL?$AA@ 0000000140013b00     libvcruntime:undname.obj
 0002:00000b04       ??_C@_01HNPIGOCE@?$CG?$AA@ 0000000140013b04     libvcruntime:undname.obj
 0002:00000b08       ??_C@_03MNHNFDLC@?9?$DO?$CK?$AA@ 0000000140013b08     libvcruntime:undname.obj
 0002:00000b0c       ??_C@_01KMDKNFGN@?1?$AA@   0000000140013b0c     libvcruntime:undname.obj
 0002:00000b10       ??_C@_01FGNFDNOH@?$CF?$AA@ 0000000140013b10     libvcruntime:undname.obj
 0002:00000b14       ??_C@_01MNNFJEPP@?$DM?$AA@ 0000000140013b14     libvcruntime:undname.obj
 0002:00000b18       ??_C@_02EHCHHCKH@?$DM?$DN?$AA@ 0000000140013b18     libvcruntime:undname.obj
 0002:00000b1c       ??_C@_01PPODPGHN@?$DO?$AA@ 0000000140013b1c     libvcruntime:undname.obj
 0002:00000b20       ??_C@_02EEKDKGMJ@?$DO?$DN?$AA@ 0000000140013b20     libvcruntime:undname.obj
 0002:00000b24       ??_C@_01IHBHIGKO@?0?$AA@   0000000140013b24     libvcruntime:undname.obj
 0002:00000b28       ??_C@_02HCKGKOFO@?$CI?$CJ?$AA@ 0000000140013b28     libvcruntime:undname.obj
 0002:00000b2c       ??_C@_01PJKLJHI@?$HO?$AA@  0000000140013b2c     libvcruntime:undname.obj
 0002:00000b30       ??_C@_01JKBOJNNK@?$FO?$AA@ 0000000140013b30     libvcruntime:undname.obj
 0002:00000b34       ??_C@_01DNKMNLPK@?$HM?$AA@ 0000000140013b34     libvcruntime:undname.obj
 0002:00000b38       ??_C@_02PPKAJPJL@?$CG?$CG?$AA@ 0000000140013b38     libvcruntime:undname.obj
 0002:00000b3c       ??_C@_02NONPIBCD@?$HM?$HM?$AA@ 0000000140013b3c     libvcruntime:undname.obj
 0002:00000b40       ??_C@_02FPIMKNGF@?$CK?$DN?$AA@ 0000000140013b40     libvcruntime:undname.obj
 0002:00000b44       ??_C@_02FOEOMHFC@?$CL?$DN?$AA@ 0000000140013b44     libvcruntime:undname.obj
 0002:00000b48       ??_C@_02FKMDLLOA@?9?$DN?$AA@ 0000000140013b48     libvcruntime:undname.obj
 0002:00000b4c       ??_C@_02FJEHGPIO@?1?$DN?$AA@ 0000000140013b4c     libvcruntime:undname.obj
 0002:00000b50       ??_C@_02FENAOKFI@?$CF?$DN?$AA@ 0000000140013b50     libvcruntime:undname.obj
 0002:00000b54       ??_C@_03IKFCCPFF@?$DO?$DO?$DN?$AA@ 0000000140013b54     libvcruntime:undname.obj
 0002:00000b58       ??_C@_03CDNPDDLA@?$DM?$DM?$DN?$AA@ 0000000140013b58     libvcruntime:undname.obj
 0002:00000b5c       ??_C@_02FGJGFEAB@?$CG?$DN?$AA@ 0000000140013b5c     libvcruntime:undname.obj
 0002:00000b60       ??_C@_02DHLNPPGH@?$HM?$DN?$AA@ 0000000140013b60     libvcruntime:undname.obj
 0002:00000b64       ??_C@_02MHEGNOJ@?$FO?$DN?$AA@ 0000000140013b64     libvcruntime:undname.obj
 0002:00000b68       ??_C@_09IFPLHPGF@?$GAvftable?8?$AA@ 0000000140013b68     libvcruntime:undname.obj
 0002:00000b78       ??_C@_09BLBHBJP@?$GAvbtable?8?$AA@ 0000000140013b78     libvcruntime:undname.obj
 0002:00000b88       ??_C@_07FEEIOKP@?$GAvcall?8?$AA@ 0000000140013b88     libvcruntime:undname.obj
 0002:00000b90       ??_C@_08LLFFHHDJ@?$GAtypeof?8?$AA@ 0000000140013b90     libvcruntime:undname.obj
 0002:00000ba0       ??_C@_0BF@KDPPACIK@?$GAlocal?5static?5guard?8?$AA@ 0000000140013ba0     libvcruntime:undname.obj
 0002:00000bb8       ??_C@_08OBABFOLI@?$GAstring?8?$AA@ 0000000140013bb8     libvcruntime:undname.obj
 0002:00000bc8       ??_C@_0BD@JDLKDPAB@?$GAvbase?5destructor?8?$AA@ 0000000140013bc8     libvcruntime:undname.obj
 0002:00000be0       ??_C@_0BN@DEGPLNFK@?$GAvector?5deleting?5destructor?8?$AA@ 0000000140013be0     libvcruntime:undname.obj
 0002:00000c00       ??_C@_0BO@OBMKPJIG@?$GAdefault?5constructor?5closure?8?$AA@ 0000000140013c00     libvcruntime:undname.obj
 0002:00000c20       ??_C@_0BN@IMDCHIKM@?$GAscalar?5deleting?5destructor?8?$AA@ 0000000140013c20     libvcruntime:undname.obj
 0002:00000c40       ??_C@_0BO@PFGOCPJJ@?$GAvector?5constructor?5iterator?8?$AA@ 0000000140013c40     libvcruntime:undname.obj
 0002:00000c60       ??_C@_0BN@LFPFMEDL@?$GAvector?5destructor?5iterator?8?$AA@ 0000000140013c60     libvcruntime:undname.obj
 0002:00000c80       ??_C@_0CE@IKBNEHA@?$GAvector?5vbase?5constructor?5iterat@ 0000000140013c80     libvcruntime:undname.obj
 0002:00000ca8       ??_C@_0BL@NILFHHPC@?$GAvirtual?5displacement?5map?8?$AA@ 0000000140013ca8     libvcruntime:undname.obj
 0002:00000cc8       ??_C@_0CB@JONCMFFK@?$GAeh?5vector?5constructor?5iterator?8@ 0000000140013cc8     libvcruntime:undname.obj
 0002:00000cf0       ??_C@_0CA@GCEOPDGL@?$GAeh?5vector?5destructor?5iterator?8?$AA@ 0000000140013cf0     libvcruntime:undname.obj
 0002:00000d10       ??_C@_0CH@OOJPLCPH@?$GAeh?5vector?5vbase?5constructor?5ite@ 0000000140013d10     libvcruntime:undname.obj
 0002:00000d38       ??_C@_0BL@LLKPOHJI@?$GAcopy?5constructor?5closure?8?$AA@ 0000000140013d38     libvcruntime:undname.obj
 0002:00000d58       ??_C@_0BA@KBCDOMBN@?$GAudt?5returning?8?$AA@ 0000000140013d58     libvcruntime:undname.obj
 0002:00000d68       ??_C@_03KLGMFNMG@?$GAEH?$AA@ 0000000140013d68     libvcruntime:undname.obj
 0002:00000d6c       ??_C@_05KHLCHHI@?$GARTTI?$AA@ 0000000140013d6c     libvcruntime:undname.obj
 0002:00000d78       ??_C@_0BA@KKLDJDLB@?$GAlocal?5vftable?8?$AA@ 0000000140013d78     libvcruntime:undname.obj
 0002:00000d88       ??_C@_0CE@IIHCMGGL@?$GAlocal?5vftable?5constructor?5closu@ 0000000140013d88     libvcruntime:undname.obj
 0002:00000dac       ??_C@_06FHBGPFGH@?5new?$FL?$FN?$AA@ 0000000140013dac     libvcruntime:undname.obj
 0002:00000db8       ??_C@_09LBNFPBCA@?5delete?$FL?$FN?$AA@ 0000000140013db8     libvcruntime:undname.obj
 0002:00000dc8       ??_C@_0P@HJKNJFNN@?$GAomni?5callsig?8?$AA@ 0000000140013dc8     libvcruntime:undname.obj
 0002:00000dd8       ??_C@_0BL@CNOONJFP@?$GAplacement?5delete?5closure?8?$AA@ 0000000140013dd8     libvcruntime:undname.obj
 0002:00000df8       ??_C@_0BN@CKNJLHMB@?$GAplacement?5delete?$FL?$FN?5closure?8?$AA@ 0000000140013df8     libvcruntime:undname.obj
 0002:00000e18       ??_C@_0CG@CFDHKGGD@?$GAmanaged?5vector?5constructor?5iter@ 0000000140013e18     libvcruntime:undname.obj
 0002:00000e40       ??_C@_0CF@IMGKMJNO@?$GAmanaged?5vector?5destructor?5itera@ 0000000140013e40     libvcruntime:undname.obj
 0002:00000e68       ??_C@_0CG@HLDDJMAG@?$GAeh?5vector?5copy?5constructor?5iter@ 0000000140013e68     libvcruntime:undname.obj
 0002:00000e90       ??_C@_0CM@FCBBDIGB@?$GAeh?5vector?5vbase?5copy?5constructo@ 0000000140013e90     libvcruntime:undname.obj
 0002:00000ec0       ??_C@_0BL@CLIPGLGB@?$GAdynamic?5initializer?5for?5?8?$AA@ 0000000140013ec0     libvcruntime:undname.obj
 0002:00000ee0       ??_C@_0CB@PDBIFEP@?$GAdynamic?5atexit?5destructor?5for?5?8@ 0000000140013ee0     libvcruntime:undname.obj
 0002:00000f08       ??_C@_0CD@CGAJBKEJ@?$GAvector?5copy?5constructor?5iterato@ 0000000140013f08     libvcruntime:undname.obj
 0002:00000f30       ??_C@_0CJ@GJELGAMM@?$GAvector?5vbase?5copy?5constructor?5i@ 0000000140013f30     libvcruntime:undname.obj
 0002:00000f60       ??_C@_0CL@FGIJHLCE@?$GAmanaged?5vector?5copy?5constructor@ 0000000140013f60     libvcruntime:undname.obj
 0002:00000f90       ??_C@_0BM@PMGGMLDN@?$GAlocal?5static?5thread?5guard?8?$AA@ 0000000140013f90     libvcruntime:undname.obj
 0002:00000fb0       ??_C@_0N@BDNMDMOL@operator?5?$CC?$CC?5?$AA@ 0000000140013fb0     libvcruntime:undname.obj
 0002:00000fc0       ??_C@_0BC@GGEBGALA@operator?5co_await?$AA@ 0000000140013fc0     libvcruntime:undname.obj
 0002:00000fd8       ??_C@_0BC@DAFEJGAK@?5Type?5Descriptor?8?$AA@ 0000000140013fd8     libvcruntime:undname.obj
 0002:00000ff0       ??_C@_0BM@LDKODKLH@?5Base?5Class?5Descriptor?5at?5?$CI?$AA@ 0000000140013ff0     libvcruntime:undname.obj
 0002:00001010       ??_C@_0BD@LGICGFMM@?5Base?5Class?5Array?8?$AA@ 0000000140014010     libvcruntime:undname.obj
 0002:00001028       ??_C@_0BN@MECKDCOJ@?5Class?5Hierarchy?5Descriptor?8?$AA@ 0000000140014028     libvcruntime:undname.obj
 0002:00001048       ??_C@_0BK@CFCOFLF@?5Complete?5Object?5Locator?8?$AA@ 0000000140014048     libvcruntime:undname.obj
 0002:00001068       _pDestructExceptionObject  0000000140014068     libvcruntime:ehhelpers.obj
 0002:00001070       format_validation_lookup_table 0000000140014070     libucrt:output.obj
 0002:000010d0       ??_C@_1O@CEDCILHN@?$AA?$CI?$AAn?$AAu?$AAl?$AAl?$AA?$CJ?$AA?$AA@ 00000001400140d0     libucrt:output.obj
 0002:000010e0       ??_C@_06OJHGLDPL@?$CInull?$CJ?$AA@ 00000001400140e0     libucrt:output.obj
 0002:00001220       __acrt_exception_action_table 0000000140014220     libucrt:exception_filter.obj
 0002:000012e0       __acrt_signal_action_table_count 00000001400142e0     libucrt:exception_filter.obj
 0002:000012e8       __acrt_signal_action_first_fpe_index 00000001400142e8     libucrt:exception_filter.obj
 0002:000012f0       __acrt_signal_action_fpe_count 00000001400142f0     libucrt:exception_filter.obj
 0002:000012f8       ??_C@_1BI@BGOHAHKC@?$AAm?$AAs?$AAc?$AAo?$AAr?$AAe?$AAe?$AA?4?$AAd?$AAl?$AAl?$AA?$AA@ 00000001400142f8     libucrt:exit.obj
 0002:00001310       ??_C@_0P@MIGLKIOC@CorExitProcess?$AA@ 0000000140014310     libucrt:exit.obj
 0002:00001580       ??_C@_03OEIAHPBN@INF?$AA@  0000000140014580     libucrt:cvt.obj
 0002:00001584       ??_C@_03OJHLLCGB@inf?$AA@  0000000140014584     libucrt:cvt.obj
 0002:00001588       ??_C@_03LKNCIKJB@NAN?$AA@  0000000140014588     libucrt:cvt.obj
 0002:0000158c       ??_C@_03LHCJEHON@nan?$AA@  000000014001458c     libucrt:cvt.obj
 0002:00001590       ??_C@_09OFJJIMPC@NAN?$CISNAN?$CJ?$AA@ 0000000140014590     libucrt:cvt.obj
 0002:000015a0       ??_C@_09IPFBKMDL@nan?$CIsnan?$CJ?$AA@ 00000001400145a0     libucrt:cvt.obj
 0002:000015b0       ??_C@_08IKHNHAJ@NAN?$CIIND?$CJ?$AA@ 00000001400145b0     libucrt:cvt.obj
 0002:000015c0       ??_C@_08OFCDMILK@nan?$CIind?$CJ?$AA@ 00000001400145c0     libucrt:cvt.obj
 0002:000015cc       ??_C@_05KLBDPFGC@e?$CL000?$AA@ 00000001400145cc     libucrt:cvt.obj
 0002:000015e0       __lc_time_c                00000001400145e0     libucrt:nlsdata.obj
 0002:000018a0       ??_C@_03KOEHGMDN@Sun?$AA@  00000001400148a0     libucrt:nlsdata.obj
 0002:000018a4       ??_C@_03PDAGKDH@Mon?$AA@   00000001400148a4     libucrt:nlsdata.obj
 0002:000018a8       ??_C@_03NAGEINEP@Tue?$AA@  00000001400148a8     libucrt:nlsdata.obj
 0002:000018ac       ??_C@_03MHOMLAJA@Wed?$AA@  00000001400148ac     libucrt:nlsdata.obj
 0002:000018b0       ??_C@_03IOFIKPDN@Thu?$AA@  00000001400148b0     libucrt:nlsdata.obj
 0002:000018b4       ??_C@_03IDIOELNC@Fri?$AA@  00000001400148b4     libucrt:nlsdata.obj
 0002:000018b8       ??_C@_03FEFJNEK@Sat?$AA@   00000001400148b8     libucrt:nlsdata.obj
 0002:000018bc       ??_C@_06OOPIFAJ@Sunday?$AA@ 00000001400148bc     libucrt:nlsdata.obj
 0002:000018c4       ??_C@_06JLEDEDGH@Monday?$AA@ 00000001400148c4     libucrt:nlsdata.obj
 0002:000018d0       ??_C@_07BAAGCFCM@Tuesday?$AA@ 00000001400148d0     libucrt:nlsdata.obj
 0002:000018d8       ??_C@_09DLIGFAKA@Wednesday?$AA@ 00000001400148d8     libucrt:nlsdata.obj
 0002:000018e8       ??_C@_08HACCIKIA@Thursday?$AA@ 00000001400148e8     libucrt:nlsdata.obj
 0002:000018f4       ??_C@_06JECMNKMI@Friday?$AA@ 00000001400148f4     libucrt:nlsdata.obj
 0002:00001900       ??_C@_08INBOOONO@Saturday?$AA@ 0000000140014900     libucrt:nlsdata.obj
 0002:0000190c       ??_C@_03JIHJHPIE@Jan?$AA@  000000014001490c     libucrt:nlsdata.obj
 0002:00001910       ??_C@_03HJBDCHOM@Feb?$AA@  0000000140014910     libucrt:nlsdata.obj
 0002:00001914       ??_C@_03ODNJBKGA@Mar?$AA@  0000000140014914     libucrt:nlsdata.obj
 0002:00001918       ??_C@_03LEOLGMJP@Apr?$AA@  0000000140014918     libucrt:nlsdata.obj
 0002:0000191c       ??_C@_03CNMDKL@May?$AA@    000000014001491c     libucrt:nlsdata.obj
 0002:00001920       ??_C@_03IDFGHECI@Jun?$AA@  0000000140014920     libucrt:nlsdata.obj
 0002:00001924       ??_C@_03LBGABGKK@Jul?$AA@  0000000140014924     libucrt:nlsdata.obj
 0002:00001928       ??_C@_03IFJFEIGA@Aug?$AA@  0000000140014928     libucrt:nlsdata.obj
 0002:0000192c       ??_C@_03GGCAPAJC@Sep?$AA@  000000014001492c     libucrt:nlsdata.obj
 0002:00001930       ??_C@_03BMAOKBAD@Oct?$AA@  0000000140014930     libucrt:nlsdata.obj
 0002:00001934       ??_C@_03JPJOFNIA@Nov?$AA@  0000000140014934     libucrt:nlsdata.obj
 0002:00001938       ??_C@_03MKABNOCG@Dec?$AA@  0000000140014938     libucrt:nlsdata.obj
 0002:00001940       ??_C@_07CGJPFGJA@January?$AA@ 0000000140014940     libucrt:nlsdata.obj
 0002:00001948       ??_C@_08GNJGEPFN@February?$AA@ 0000000140014948     libucrt:nlsdata.obj
 0002:00001954       ??_C@_05HPCKOFNC@March?$AA@ 0000000140014954     libucrt:nlsdata.obj
 0002:0000195c       ??_C@_05DMJDNLEJ@April?$AA@ 000000014001495c     libucrt:nlsdata.obj
 0002:00001964       ??_C@_04CNLMGBGM@June?$AA@ 0000000140014964     libucrt:nlsdata.obj
 0002:0000196c       ??_C@_04MIEPOIFP@July?$AA@ 000000014001496c     libucrt:nlsdata.obj
 0002:00001974       ??_C@_06LBBHFDDG@August?$AA@ 0000000140014974     libucrt:nlsdata.obj
 0002:00001980       ??_C@_09BHHEALKD@September?$AA@ 0000000140014980     libucrt:nlsdata.obj
 0002:00001990       ??_C@_07JJNFCEND@October?$AA@ 0000000140014990     libucrt:nlsdata.obj
 0002:00001998       ??_C@_08HCHEGEOA@November?$AA@ 0000000140014998     libucrt:nlsdata.obj
 0002:000019a8       ??_C@_08EDHMEBNP@December?$AA@ 00000001400149a8     libucrt:nlsdata.obj
 0002:000019b4       ??_C@_02DEDBPAFC@AM?$AA@   00000001400149b4     libucrt:nlsdata.obj
 0002:000019b8       ??_C@_02CJNFDJBF@PM?$AA@   00000001400149b8     libucrt:nlsdata.obj
 0002:000019c0       ??_C@_08BPBNCDIB@MM?1dd?1yy?$AA@ 00000001400149c0     libucrt:nlsdata.obj
 0002:000019d0       ??_C@_0BE@CKGJFCPC@dddd?0?5MMMM?5dd?0?5yyyy?$AA@ 00000001400149d0     libucrt:nlsdata.obj
 0002:000019e8       ??_C@_08JCCMCCIL@HH?3mm?3ss?$AA@ 00000001400149e8     libucrt:nlsdata.obj
 0002:000019f8       ??_C@_17MBGCMIPB@?$AAS?$AAu?$AAn?$AA?$AA@ 00000001400149f8     libucrt:nlsdata.obj
 0002:00001a00       ??_C@_17KBOMKBF@?$AAM?$AAo?$AAn?$AA?$AA@ 0000000140014a00     libucrt:nlsdata.obj
 0002:00001a08       ??_C@_17BMKGEGOJ@?$AAT?$AAu?$AAe?$AA?$AA@ 0000000140014a08     libucrt:nlsdata.obj
 0002:00001a10       ??_C@_17CJEDCEPE@?$AAW?$AAe?$AAd?$AA?$AA@ 0000000140014a10     libucrt:nlsdata.obj
 0002:00001a18       ??_C@_17PDPHAADD@?$AAT?$AAh?$AAu?$AA?$AA@ 0000000140014a18     libucrt:nlsdata.obj
 0002:00001a20       ??_C@_17HFOLPPLP@?$AAF?$AAr?$AAi?$AA?$AA@ 0000000140014a20     libucrt:nlsdata.obj
 0002:00001a28       ??_C@_17GGIBDPIH@?$AAS?$AAa?$AAt?$AA?$AA@ 0000000140014a28     libucrt:nlsdata.obj
 0002:00001a30       ??_C@_1O@IHNHDHPB@?$AAS?$AAu?$AAn?$AAd?$AAa?$AAy?$AA?$AA@ 0000000140014a30     libucrt:nlsdata.obj
 0002:00001a40       ??_C@_1O@MMNBFLIA@?$AAM?$AAo?$AAn?$AAd?$AAa?$AAy?$AA?$AA@ 0000000140014a40     libucrt:nlsdata.obj
 0002:00001a50       ??_C@_1BA@ENFBFFEK@?$AAT?$AAu?$AAe?$AAs?$AAd?$AAa?$AAy?$AA?$AA@ 0000000140014a50     libucrt:nlsdata.obj
 0002:00001a60       ??_C@_1BE@EBOGMDOH@?$AAW?$AAe?$AAd?$AAn?$AAe?$AAs?$AAd?$AAa?$AAy?$AA?$AA@ 0000000140014a60     libucrt:nlsdata.obj
 0002:00001a78       ??_C@_1BC@HHMNLIHE@?$AAT?$AAh?$AAu?$AAr?$AAs?$AAd?$AAa?$AAy?$AA?$AA@ 0000000140014a78     libucrt:nlsdata.obj
 0002:00001a90       ??_C@_1O@PDICJHAG@?$AAF?$AAr?$AAi?$AAd?$AAa?$AAy?$AA?$AA@ 0000000140014a90     libucrt:nlsdata.obj
 0002:00001aa0       ??_C@_1BC@ENMNNPAJ@?$AAS?$AAa?$AAt?$AAu?$AAr?$AAd?$AAa?$AAy?$AA?$AA@ 0000000140014aa0     libucrt:nlsdata.obj
 0002:00001ab8       ??_C@_17DKNBKCHM@?$AAJ?$AAa?$AAn?$AA?$AA@ 0000000140014ab8     libucrt:nlsdata.obj
 0002:00001ac0       ??_C@_17LMDJEKJN@?$AAF?$AAe?$AAb?$AA?$AA@ 0000000140014ac0     libucrt:nlsdata.obj
 0002:00001ac8       ??_C@_17CKNLEDEC@?$AAM?$AAa?$AAr?$AA?$AA@ 0000000140014ac8     libucrt:nlsdata.obj
 0002:00001ad0       ??_C@_17LFPOIHDD@?$AAA?$AAp?$AAr?$AA?$AA@ 0000000140014ad0     libucrt:nlsdata.obj
 0002:00001ad8       ??_C@_17PNNKMEED@?$AAM?$AAa?$AAy?$AA?$AA@ 0000000140014ad8     libucrt:nlsdata.obj
 0002:00001ae0       ??_C@_17KCJGOCPB@?$AAJ?$AAu?$AAn?$AA?$AA@ 0000000140014ae0     libucrt:nlsdata.obj
 0002:00001ae8       ??_C@_17IJPCKHK@?$AAJ?$AAu?$AAl?$AA?$AA@ 0000000140014ae8     libucrt:nlsdata.obj
 0002:00001af0       ??_C@_17ICPELBCN@?$AAA?$AAu?$AAg?$AA?$AA@ 0000000140014af0     libucrt:nlsdata.obj
 0002:00001af8       ??_C@_17HCHCOKMG@?$AAS?$AAe?$AAp?$AA?$AA@ 0000000140014af8     libucrt:nlsdata.obj
 0002:00001b00       ??_C@_17FNLKOI@?$AAO?$AAc?$AAt?$AA?$AA@ 0000000140014b00     libucrt:nlsdata.obj
 0002:00001b08       ??_C@_17BBDMLCIG@?$AAN?$AAo?$AAv?$AA?$AA@ 0000000140014b08     libucrt:nlsdata.obj
 0002:00001b10       ??_C@_17EGKACKIF@?$AAD?$AAe?$AAc?$AA?$AA@ 0000000140014b10     libucrt:nlsdata.obj
 0002:00001b18       ??_C@_1BA@EFMEIEBA@?$AAJ?$AAa?$AAn?$AAu?$AAa?$AAr?$AAy?$AA?$AA@ 0000000140014b18     libucrt:nlsdata.obj
 0002:00001b28       ??_C@_1BC@JGDDFFAM@?$AAF?$AAe?$AAb?$AAr?$AAu?$AAa?$AAr?$AAy?$AA?$AA@ 0000000140014b28     libucrt:nlsdata.obj
 0002:00001b40       ??_C@_1M@IKEENEDF@?$AAM?$AAa?$AAr?$AAc?$AAh?$AA?$AA@ 0000000140014b40     libucrt:nlsdata.obj
 0002:00001b50       ??_C@_1M@GJNLMHFD@?$AAA?$AAp?$AAr?$AAi?$AAl?$AA?$AA@ 0000000140014b50     libucrt:nlsdata.obj
 0002:00001b60       ??_C@_19EPFLPGAP@?$AAJ?$AAu?$AAn?$AAe?$AA?$AA@ 0000000140014b60     libucrt:nlsdata.obj
 0002:00001b70       ??_C@_19BIFMLPCD@?$AAJ?$AAu?$AAl?$AAy?$AA?$AA@ 0000000140014b70     libucrt:nlsdata.obj
 0002:00001b80       ??_C@_1O@PAHLKOAC@?$AAA?$AAu?$AAg?$AAu?$AAs?$AAt?$AA?$AA@ 0000000140014b80     libucrt:nlsdata.obj
 0002:00001b90       ??_C@_1BE@DKAAMBJL@?$AAS?$AAe?$AAp?$AAt?$AAe?$AAm?$AAb?$AAe?$AAr?$AA?$AA@ 0000000140014b90     libucrt:nlsdata.obj
 0002:00001ba8       ??_C@_1BA@EPANDLNG@?$AAO?$AAc?$AAt?$AAo?$AAb?$AAe?$AAr?$AA?$AA@ 0000000140014ba8     libucrt:nlsdata.obj
 0002:00001bb8       ??_C@_1BC@BGLIFPF@?$AAN?$AAo?$AAv?$AAe?$AAm?$AAb?$AAe?$AAr?$AA?$AA@ 0000000140014bb8     libucrt:nlsdata.obj
 0002:00001bd0       ??_C@_1BC@FEMKIFH@?$AAD?$AAe?$AAc?$AAe?$AAm?$AAb?$AAe?$AAr?$AA?$AA@ 0000000140014bd0     libucrt:nlsdata.obj
 0002:00001be4       ??_C@_15ODEHAHHF@?$AAA?$AAM?$AA?$AA@ 0000000140014be4     libucrt:nlsdata.obj
 0002:00001bec       ??_C@_15CLMNNGEL@?$AAP?$AAM?$AA?$AA@ 0000000140014bec     libucrt:nlsdata.obj
 0002:00001bf8       ??_C@_1BC@IEBCMHCM@?$AAM?$AAM?$AA?1?$AAd?$AAd?$AA?1?$AAy?$AAy?$AA?$AA@ 0000000140014bf8     libucrt:nlsdata.obj
 0002:00001c10       ??_C@_1CI@KNAKOEBC@?$AAd?$AAd?$AAd?$AAd?$AA?0?$AA?5?$AAM?$AAM?$AAM?$AAM?$AA?5?$AAd?$AAd?$AA?0?$AA?5?$AAy?$AAy?$AAy?$AAy?$AA?$AA@ 0000000140014c10     libucrt:nlsdata.obj
 0002:00001c38       ??_C@_1BC@GDGBMEMK@?$AAH?$AAH?$AA?3?$AAm?$AAm?$AA?3?$AAs?$AAs?$AA?$AA@ 0000000140014c38     libucrt:nlsdata.obj
 0002:00001c50       ??_C@_1M@BMHNFIME@?$AAe?$AAn?$AA?9?$AAU?$AAS?$AA?$AA@ 0000000140014c50     libucrt:nlsdata.obj
 0002:00001c60       __Lcosfarray               0000000140014c60     libucrt:lsincosf_array.obj
 0002:00001c90       __Lsinfarray               0000000140014c90     libucrt:lsincosf_array.obj
 0002:00001cb0       __L_2_by_pi_bits           0000000140014cb0     libucrt:l2_by_pi_bits.obj
 0002:00001e00       ??_C@_04LAGPAAHP@sinf?$AA@ 0000000140014e00     libucrt:sincos_special.obj
 0002:00001e28       ??_C@_1M@HPNHIDJI@?$AAj?$AAa?$AA?9?$AAJ?$AAP?$AA?$AA@ 0000000140014e28     libucrt:mbctype.obj
 0002:00001e38       ??_C@_1M@BIBDDEMK@?$AAz?$AAh?$AA?9?$AAC?$AAN?$AA?$AA@ 0000000140014e38     libucrt:mbctype.obj
 0002:00001e48       ??_C@_1M@JLOOOEGK@?$AAk?$AAo?$AA?9?$AAK?$AAR?$AA?$AA@ 0000000140014e48     libucrt:mbctype.obj
 0002:00001e58       ??_C@_1M@CLNBBOPM@?$AAz?$AAh?$AA?9?$AAT?$AAW?$AA?$AA@ 0000000140014e58     libucrt:mbctype.obj
 0002:00001e70       __newctype                 0000000140014e70     libucrt:ctype.obj
 0002:00002170       __newclmap                 0000000140015170     libucrt:ctype.obj
 0002:000022f0       __newcumap                 00000001400152f0     libucrt:ctype.obj
 0002:00002470       ??_C@_15PJPFLCCM@?$AAu?$AAk?$AA?$AA@ 0000000140015470     libucrt:get_qualified_locale.obj
 0002:00002520       ??_C@_1EA@JGEFHKEI@?$AAa?$AAp?$AAi?$AA?9?$AAm?$AAs?$AA?9?$AAw?$AAi?$AAn?$AA?9?$AAc?$AAo?$AAr?$AAe?$AA?9?$AAd?$AAa?$AAt?$AAe?$AAt?$AAi?$AAm?$AAe?$AA?9?$AAl?$AA1?$AA?9?$AA1?$AA?9?$AA1?$AA?$AA@ 0000000140015520     libucrt:winapi_thunks.obj
 0002:00002560       ??_C@_1DI@IJCEHOCB@?$AAa?$AAp?$AAi?$AA?9?$AAm?$AAs?$AA?9?$AAw?$AAi?$AAn?$AA?9?$AAc?$AAo?$AAr?$AAe?$AA?9?$AAf?$AAi?$AAl?$AAe?$AA?9?$AAl?$AA1?$AA?9?$AA2?$AA?9?$AA2?$AA?$AA@ 0000000140015560     libucrt:winapi_thunks.obj
 0002:000025a0       ??_C@_1EI@MPIAOHOC@?$AAa?$AAp?$AAi?$AA?9?$AAm?$AAs?$AA?9?$AAw?$AAi?$AAn?$AA?9?$AAc?$AAo?$AAr?$AAe?$AA?9?$AAl?$AAo?$AAc?$AAa?$AAl?$AAi?$AAz?$AAa?$AAt?$AAi?$AAo?$AAn?$AA?9?$AAl?$AA1?$AA?9@ 00000001400155a0     libucrt:winapi_thunks.obj
 0002:000025f0       ??_C@_1FK@FPHCKFIE@?$AAa?$AAp?$AAi?$AA?9?$AAm?$AAs?$AA?9?$AAw?$AAi?$AAn?$AA?9?$AAc?$AAo?$AAr?$AAe?$AA?9?$AAl?$AAo?$AAc?$AAa?$AAl?$AAi?$AAz?$AAa?$AAt?$AAi?$AAo?$AAn?$AA?9?$AAo?$AAb?$AAs@ 00000001400155f0     libucrt:winapi_thunks.obj
 0002:00002650       ??_C@_1EM@DILCGIIO@?$AAa?$AAp?$AAi?$AA?9?$AAm?$AAs?$AA?9?$AAw?$AAi?$AAn?$AA?9?$AAc?$AAo?$AAr?$AAe?$AA?9?$AAp?$AAr?$AAo?$AAc?$AAe?$AAs?$AAs?$AAt?$AAh?$AAr?$AAe?$AAa?$AAd?$AAs?$AA?9?$AAl@ 0000000140015650     libucrt:winapi_thunks.obj
 0002:000026a0       ??_C@_1DM@LNCGDDPN@?$AAa?$AAp?$AAi?$AA?9?$AAm?$AAs?$AA?9?$AAw?$AAi?$AAn?$AA?9?$AAc?$AAo?$AAr?$AAe?$AA?9?$AAs?$AAt?$AAr?$AAi?$AAn?$AAg?$AA?9?$AAl?$AA1?$AA?9?$AA1?$AA?9?$AA0?$AA?$AA@ 00000001400156a0     libucrt:winapi_thunks.obj
 0002:000026e0       ??_C@_1DO@FPAPJEMD@?$AAa?$AAp?$AAi?$AA?9?$AAm?$AAs?$AA?9?$AAw?$AAi?$AAn?$AA?9?$AAc?$AAo?$AAr?$AAe?$AA?9?$AAs?$AAy?$AAs?$AAi?$AAn?$AAf?$AAo?$AA?9?$AAl?$AA1?$AA?9?$AA2?$AA?9?$AA1?$AA?$AA@ 00000001400156e0     libucrt:winapi_thunks.obj
 0002:00002720       ??_C@_1DK@NDHNAHIO@?$AAa?$AAp?$AAi?$AA?9?$AAm?$AAs?$AA?9?$AAw?$AAi?$AAn?$AA?9?$AAc?$AAo?$AAr?$AAe?$AA?9?$AAw?$AAi?$AAn?$AAr?$AAt?$AA?9?$AAl?$AA1?$AA?9?$AA1?$AA?9?$AA0?$AA?$AA@ 0000000140015720     libucrt:winapi_thunks.obj
 0002:00002760       ??_C@_1DM@KGHDGBCM@?$AAa?$AAp?$AAi?$AA?9?$AAm?$AAs?$AA?9?$AAw?$AAi?$AAn?$AA?9?$AAc?$AAo?$AAr?$AAe?$AA?9?$AAx?$AAs?$AAt?$AAa?$AAt?$AAe?$AA?9?$AAl?$AA2?$AA?9?$AA1?$AA?9?$AA0?$AA?$AA@ 0000000140015760     libucrt:winapi_thunks.obj
 0002:000027a0       ??_C@_1EO@IJIOEFOH@?$AAa?$AAp?$AAi?$AA?9?$AAm?$AAs?$AA?9?$AAw?$AAi?$AAn?$AA?9?$AAr?$AAt?$AAc?$AAo?$AAr?$AAe?$AA?9?$AAn?$AAt?$AAu?$AAs?$AAe?$AAr?$AA?9?$AAw?$AAi?$AAn?$AAd?$AAo?$AAw?$AA?9@ 00000001400157a0     libucrt:winapi_thunks.obj
 0002:000027f0       ??_C@_1FG@HHGEKANL@?$AAa?$AAp?$AAi?$AA?9?$AAm?$AAs?$AA?9?$AAw?$AAi?$AAn?$AA?9?$AAs?$AAe?$AAc?$AAu?$AAr?$AAi?$AAt?$AAy?$AA?9?$AAs?$AAy?$AAs?$AAt?$AAe?$AAm?$AAf?$AAu?$AAn?$AAc?$AAt?$AAi@ 00000001400157f0     libucrt:winapi_thunks.obj
 0002:00002850       ??_C@_1EG@DBIOJECG@?$AAe?$AAx?$AAt?$AA?9?$AAm?$AAs?$AA?9?$AAw?$AAi?$AAn?$AA?9?$AAn?$AAt?$AAu?$AAs?$AAe?$AAr?$AA?9?$AAd?$AAi?$AAa?$AAl?$AAo?$AAg?$AAb?$AAo?$AAx?$AA?9?$AAl?$AA1?$AA?9?$AA1@ 0000000140015850     libucrt:winapi_thunks.obj
 0002:000028a0       ??_C@_1EO@FIHMJCLF@?$AAe?$AAx?$AAt?$AA?9?$AAm?$AAs?$AA?9?$AAw?$AAi?$AAn?$AA?9?$AAn?$AAt?$AAu?$AAs?$AAe?$AAr?$AA?9?$AAw?$AAi?$AAn?$AAd?$AAo?$AAw?$AAs?$AAt?$AAa?$AAt?$AAi?$AAo?$AAn?$AA?9@ 00000001400158a0     libucrt:winapi_thunks.obj
 0002:000028f0       ??_C@_1BC@DNHGCMLG@?$AAa?$AAd?$AAv?$AAa?$AAp?$AAi?$AA3?$AA2?$AA?$AA@ 00000001400158f0     libucrt:winapi_thunks.obj
 0002:00002908       ??_C@_1M@OAIMIKLP@?$AAn?$AAt?$AAd?$AAl?$AAl?$AA?$AA@ 0000000140015908     libucrt:winapi_thunks.obj
 0002:00002920       ??_C@_1EG@DPGNFKGC@?$AAa?$AAp?$AAi?$AA?9?$AAm?$AAs?$AA?9?$AAw?$AAi?$AAn?$AA?9?$AAa?$AAp?$AAp?$AAm?$AAo?$AAd?$AAe?$AAl?$AA?9?$AAr?$AAu?$AAn?$AAt?$AAi?$AAm?$AAe?$AA?9?$AAl?$AA1?$AA?9?$AA1@ 0000000140015920     libucrt:winapi_thunks.obj
 0002:00002968       ??_C@_1O@BCCLBEOE@?$AAu?$AAs?$AAe?$AAr?$AA3?$AA2?$AA?$AA@ 0000000140015968     libucrt:winapi_thunks.obj
 0002:000029a8       ??_C@_0O@KKBNKAPF@LCMapStringEx?$AA@ 00000001400159a8     libucrt:winapi_thunks.obj
 0002:000029c0       ??_C@_0BB@HBDEELFH@LocaleNameToLCID?$AA@ 00000001400159c0     libucrt:winapi_thunks.obj
 0002:000029d8       ??_C@_0CF@OJOFEIGO@AppPolicyGetProcessTerminationMe@ 00000001400159d8     libucrt:winapi_thunks.obj
 0002:00002a00       ?large_power_data@?1??multiply_by_power_of_ten@__crt_strtox@@YA_NAEAUbig_integer@2@I@Z@4QBIB 0000000140015a00     libucrt:cfout.obj
 0002:00003310       ?large_power_indices@?1??multiply_by_power_of_ten@__crt_strtox@@YA_NAEAUbig_integer@2@I@Z@4QBUunpack_index@?1??12@YA_N0I@Z@B 0000000140016310     libucrt:cfout.obj
 0002:000033a8       ?small_powers_of_ten@?1??multiply_by_power_of_ten@__crt_strtox@@YA_NAEAUbig_integer@2@I@Z@4QBIB 00000001400163a8     libucrt:cfout.obj
 0002:000033cc       ??_C@_01GBGANLPD@0?$AA@    00000001400163cc     libucrt:cfout.obj
 0002:000033d0       ??_C@_05DNEBIAHO@1?$CDINF?$AA@ 00000001400163d0     libucrt:cfout.obj
 0002:000033d8       ??_C@_06IMKFLFPG@1?$CDQNAN?$AA@ 00000001400163d8     libucrt:cfout.obj
 0002:000033e0       ??_C@_06PGGFOGJG@1?$CDSNAN?$AA@ 00000001400163e0     libucrt:cfout.obj
 0002:000033e8       ??_C@_05PHHOCPM@1?$CDIND?$AA@ 00000001400163e8     libucrt:cfout.obj
 0002:000033f0       ??_C@_1M@BJNKEDC@?$AAc?$AAa?$AA?9?$AAE?$AAS?$AA?$AA@ 00000001400163f0     libucrt:lcidtoname_downlevel.obj
 0002:00003400       ??_C@_1M@IJJHFJHA@?$AAc?$AAs?$AA?9?$AAC?$AAZ?$AA?$AA@ 0000000140016400     libucrt:lcidtoname_downlevel.obj
 0002:00003410       ??_C@_1M@CLPEOBGI@?$AAd?$AAa?$AA?9?$AAD?$AAK?$AA?$AA@ 0000000140016410     libucrt:lcidtoname_downlevel.obj
 0002:00003420       ??_C@_1M@MCMADGCB@?$AAd?$AAe?$AA?9?$AAD?$AAE?$AA?$AA@ 0000000140016420     libucrt:lcidtoname_downlevel.obj
 0002:00003430       ??_C@_1M@OOCKEMAM@?$AAe?$AAl?$AA?9?$AAG?$AAR?$AA?$AA@ 0000000140016430     libucrt:lcidtoname_downlevel.obj
 0002:00003440       ??_C@_1M@DDNJFGID@?$AAf?$AAi?$AA?9?$AAF?$AAI?$AA?$AA@ 0000000140016440     libucrt:lcidtoname_downlevel.obj
 0002:00003450       ??_C@_1M@GLIPPMAC@?$AAf?$AAr?$AA?9?$AAF?$AAR?$AA?$AA@ 0000000140016450     libucrt:lcidtoname_downlevel.obj
 0002:00003460       ??_C@_1M@GFMCHPE@?$AAh?$AAe?$AA?9?$AAI?$AAL?$AA?$AA@ 0000000140016460     libucrt:lcidtoname_downlevel.obj
 0002:00003470       ??_C@_1M@MHLPGNKM@?$AAh?$AAu?$AA?9?$AAH?$AAU?$AA?$AA@ 0000000140016470     libucrt:lcidtoname_downlevel.obj
 0002:00003480       ??_C@_1M@LPDDNNPN@?$AAi?$AAs?$AA?9?$AAI?$AAS?$AA?$AA@ 0000000140016480     libucrt:lcidtoname_downlevel.obj
 0002:00003490       ??_C@_1M@MADIPODN@?$AAi?$AAt?$AA?9?$AAI?$AAT?$AA?$AA@ 0000000140016490     libucrt:lcidtoname_downlevel.obj
 0002:000034a0       ??_C@_1M@IHBJJGG@?$AAn?$AAl?$AA?9?$AAN?$AAL?$AA?$AA@ 00000001400164a0     libucrt:lcidtoname_downlevel.obj
 0002:000034b0       ??_C@_1M@EANAGDL@?$AAn?$AAb?$AA?9?$AAN?$AAO?$AA?$AA@ 00000001400164b0     libucrt:lcidtoname_downlevel.obj
 0002:000034c0       ??_C@_1M@NEIEMEGP@?$AAp?$AAl?$AA?9?$AAP?$AAL?$AA?$AA@ 00000001400164c0     libucrt:lcidtoname_downlevel.obj
 0002:000034d0       ??_C@_1M@BOCFIGEP@?$AAp?$AAt?$AA?9?$AAB?$AAR?$AA?$AA@ 00000001400164d0     libucrt:lcidtoname_downlevel.obj
 0002:000034e0       ??_C@_1M@IMPFOPBG@?$AAr?$AAo?$AA?9?$AAR?$AAO?$AA?$AA@ 00000001400164e0     libucrt:lcidtoname_downlevel.obj
 0002:000034f0       ??_C@_1M@IDNNEJMM@?$AAr?$AAu?$AA?9?$AAR?$AAU?$AA?$AA@ 00000001400164f0     libucrt:lcidtoname_downlevel.obj
 0002:00003500       ??_C@_1M@LILEEOGM@?$AAh?$AAr?$AA?9?$AAH?$AAR?$AA?$AA@ 0000000140016500     libucrt:lcidtoname_downlevel.obj
 0002:00003510       ??_C@_1M@FKIFEHPB@?$AAs?$AAk?$AA?9?$AAS?$AAK?$AA?$AA@ 0000000140016510     libucrt:lcidtoname_downlevel.obj
[...]
 0004:00000888       $pdata$??$?RV<lambda_f2e299630e499de9f9a165e60fcd3db5>@@AEAV<lambda_2ae9d31cdba2644fcbeaf08da7c24588>@@V<lambda_40d01ff24d0e7b3814fdbdcee8eab3c7>@@@?$__crt_seh_guarded_call@X@@QEAAX$$QEAV<lambda_f2e299630e499de9f9a165e60fcd3db5>@@AEAV<lambda_2ae9d31cdba2644fcbeaf08da7c24588>@@$$QEAV<lambda_40d01ff24d0e7b3814fdbdcee8eab3c7>@@@Z 000000014001f888     libucrt:per_thread_data.obj
 0004:00000894       $pdata$??$?RV<lambda_2d41944a1d46af3157314b8a01080d33>@@AEAV<lambda_8f455de75cd7d7f24b4096f044d8b9e6>@@V<lambda_aa500f224e6afead328df44964fe2772>@@@?$__crt_seh_guarded_call@X@@QEAAX$$QEAV<lambda_2d41944a1d46af3157314b8a01080d33>@@AEAV<lambda_8f455de75cd7d7f24b4096f044d8b9e6>@@$$QEAV<lambda_aa500f224e6afead328df44964fe2772>@@@Z 000000014001f894     libucrt:per_thread_data.obj
 0004:000008a0       $pdata$__acrt_update_locale_info 000000014001f8a0     libucrt:locale_update.obj
 0004:000008ac       $pdata$__acrt_update_multibyte_info 000000014001f8ac     libucrt:locale_update.obj
 0004:000008b8       $pdata$__acrt_fp_format    000000014001f8b8     libucrt:cvt.obj
 0004:000008c4       $pdata$?fp_format_nan_or_infinity@@YAHW4__acrt_fp_class@@_NPEAD_K1@Z 000000014001f8c4     libucrt:cvt.obj
 0004:000008d0       $pdata$?fp_format_e_internal@@YAHQEAD_KH_NIQEAU_strflt@@2QEAU__crt_locale_pointers@@@Z 000000014001f8d0     libucrt:cvt.obj
 0004:000008dc       $pdata$?fp_format_e@@YAHQEBNQEAD_K12H_NIQEAU__crt_locale_pointers@@@Z 000000014001f8dc     libucrt:cvt.obj
 0004:000008e8       $pdata$?fp_format_a@@YAHQEBNPEAD_KQEAD2H_NIQEAU__crt_locale_pointers@@@Z 000000014001f8e8     libucrt:cvt.obj
 0004:000008f4       $pdata$?fp_format_f_internal@@YAHQEAD_KHQEAU_strflt@@_NQEAU__crt_locale_pointers@@@Z 000000014001f8f4     libucrt:cvt.obj
 0004:00000900       $pdata$?fp_format_g@@YAHQEBNQEAD_K12H_NIQEAU__crt_locale_pointers@@@Z 000000014001f900     libucrt:cvt.obj
 0004:0000090c       $pdata$_fileno             000000014001f90c     libucrt:fileno.obj
 0004:00000918       $pdata$__acrt_initialize_stdio 000000014001f918     libucrt:_file.obj
 0004:00000924       $pdata$__acrt_uninitialize_stdio 000000014001f924     libucrt:_file.obj
 0004:00000930       $pdata$__acrt_initialize_lowio 000000014001f930     libucrt:ioinit.obj
 0004:0000093c       $pdata$__acrt_initialize_lowio$fin$0 000000014001f93c     libucrt:ioinit.obj
 0004:0000093c       $pdata$__acrt_lowio_ensure_fh_exists$fin$0 000000014001f93c     libucrt:osfinfo.obj
 0004:00000948       $pdata$__acrt_uninitialize_lowio 000000014001f948     libucrt:ioinit.obj
 0004:00000954       $pdata$?initialize_inherited_file_handles_nolock@@YAXXZ 000000014001f954     libucrt:ioinit.obj
 0004:00000960       $pdata$?initialize_stdio_handles_nolock@@YAXXZ 000000014001f960     libucrt:ioinit.obj
 0004:0000096c       $pdata$__acrt_initialize_fma3 000000014001f96c     libucrt:fma3_available.obj
 0004:00000984       $pdata$_sincosf_special    000000014001f984     libucrt:sincos_special.obj
 0004:00000990       $pdata$??$common_expand_argv_wildcards@D@@YAHQEAPEADQEAPEAPEAD@Z 000000014001f990     libucrt:argv_wildcards.obj
 0004:0000099c       $pdata$??$copy_and_add_argument_to_buffer@D@@YAHQEBD0_KAEAV?$argument_list@D@?A0x5f5c8891@@@Z 000000014001f99c     libucrt:argv_wildcards.obj
 0004:000009a8       $pdata$??$expand_argument_wildcards@D@@YAHQEAD0AEAV?$argument_list@D@?A0x5f5c8891@@@Z 000000014001f9a8     libucrt:argv_wildcards.obj
 0004:000009b4       $pdata$__acrt_update_thread_multibyte_data 000000014001f9b4     libucrt:mbctype.obj
 0004:000009c0       $pdata$__acrt_initialize_multibyte 000000014001f9c0     libucrt:mbctype.obj
 0004:000009cc       $pdata$_setmbcp_nolock     000000014001f9cc     libucrt:mbctype.obj
 0004:000009d8       $pdata$?getSystemCP@@YAHH@Z 000000014001f9d8     libucrt:mbctype.obj
 0004:000009e4       $pdata$?setSBCS@@YAXPEAU__crt_multibyte_data@@@Z 000000014001f9e4     libucrt:mbctype.obj
 0004:000009f0       $pdata$?update_thread_multibyte_data_internal@@YAPEAU__crt_multibyte_data@@QEAU__acrt_ptd@@QEAPEAU1@@Z 000000014001f9f0     libucrt:mbctype.obj
 0004:000009fc       $pdata$?fin$0@?0??update_thread_multibyte_data_internal@@YAPEAU__crt_multibyte_data@@QEAU__acrt_ptd@@QEAPEAU1@@Z@4HA 000000014001f9fc     libucrt:mbctype.obj
 0004:00000a08       $pdata$?setmbcp_internal@@YAHH_NQEAU__acrt_ptd@@QEAPEAU__crt_multibyte_data@@@Z 000000014001fa08     libucrt:mbctype.obj
 0004:00000a14       $pdata$?setSBUpLow@@YAXPEAU__crt_multibyte_data@@@Z 000000014001fa14     libucrt:mbctype.obj
 0004:00000a20       $pdata$??$?RV<lambda_efdfa57d1f175319df784efa44bb7b81>@@AEAV<lambda_5f0a4c1567f8adc6734073e5d1e1b35c>@@V<lambda_2e8a7d3640ea6ccb4c2413664c2db6fd>@@@?$__crt_seh_guarded_call@X@@QEAAX$$QEAV<lambda_efdfa57d1f175319df784efa44bb7b81>@@AEAV<lambda_5f0a4c1567f8adc6734073e5d1e1b35c>@@$$QEAV<lambda_2e8a7d3640ea6ccb4c2413664c2db6fd>@@@Z 000000014001fa20     libucrt:mbctype.obj
 0004:00000a2c       $pdata$?x_ismbbtype_l@@YAHPEAU__crt_locale_pointers@@IHH@Z 000000014001fa2c     libucrt:ismbbyte.obj
 0004:00000a38       $pdata$__acrt_initialize_command_line 000000014001fa38     libucrt:argv_data.obj
 0004:00000a44       $pdata$__dcrt_get_narrow_environment_from_os 000000014001fa44     libucrt:get_environment_from_os.obj
 0004:00000a50       $pdata$__acrt_initialize_locks 000000014001fa50     libucrt:locks.obj
 0004:00000a5c       $pdata$__acrt_uninitialize_locks 000000014001fa5c     libucrt:locks.obj
 0004:00000a68       $pdata$__acrt_get_process_end_policy 000000014001fa68     libucrt:win_policies.obj
 0004:00000a74       $pdata$_get_osfhandle      000000014001fa74     libucrt:osfinfo.obj
 0004:00000a80       $pdata$_free_osfhnd        000000014001fa80     libucrt:osfinfo.obj
 0004:00000a8c       $pdata$__acrt_lowio_create_handle_array 000000014001fa8c     libucrt:osfinfo.obj
 0004:00000a98       $pdata$__acrt_lowio_destroy_handle_array 000000014001fa98     libucrt:osfinfo.obj
 0004:00000aa4       $pdata$__acrt_lowio_ensure_fh_exists 000000014001faa4     libucrt:osfinfo.obj
 0004:00000ab0       $pdata$__acrt_locale_free_monetary 000000014001fab0     libucrt:initmon.obj
 0004:00000abc       $pdata$__acrt_locale_free_numeric 000000014001fabc     libucrt:initnum.obj
 0004:00000ac8       $pdata$__acrt_locale_free_time 000000014001fac8     libucrt:inittime.obj
 0004:00000ad4       $pdata$?free_crt_array_internal@@YAXQEAPEBX_K@Z 000000014001fad4     libucrt:inittime.obj
 0004:00000ae0       $pdata$__pctype_func       000000014001fae0     libucrt:ctype.obj
 0004:00000aec       $pdata$__acrt_GetStringTypeA 000000014001faec     libucrt:getstringtypea.obj
 0004:00000af8       $pdata$__acrt_release_locale_ref 000000014001faf8     libucrt:locale_refcounting.obj
 0004:00000b04       $pdata$__acrt_free_locale  000000014001fb04     libucrt:locale_refcounting.obj
 0004:00000b10       $pdata$__acrt_locale_free_lc_time_if_unreferenced 000000014001fb10     libucrt:locale_refcounting.obj
 0004:00000b1c       $pdata$__acrt_update_thread_locale_data 000000014001fb1c     libucrt:locale_refcounting.obj
 0004:00000b28       $pdata$__acrt_update_thread_locale_data$fin$0 000000014001fb28     libucrt:locale_refcounting.obj
 0004:00000b34       $pdata$_updatetlocinfoEx_nolock 000000014001fb34     libucrt:locale_refcounting.obj
 0004:00000b40       $pdata$__acrt_initialize_winapi_thunks 000000014001fb40     libucrt:winapi_thunks.obj
 0004:00000b4c       $pdata$__acrt_uninitialize_winapi_thunks 000000014001fb4c     libucrt:winapi_thunks.obj
 0004:00000b58       $pdata$__acrt_FlsAlloc     000000014001fb58     libucrt:winapi_thunks.obj
 0004:00000b64       $pdata$__acrt_FlsFree      000000014001fb64     libucrt:winapi_thunks.obj
 0004:00000b70       $pdata$__acrt_FlsGetValue  000000014001fb70     libucrt:winapi_thunks.obj
 0004:00000b7c       $pdata$__acrt_FlsSetValue  000000014001fb7c     libucrt:winapi_thunks.obj
 0004:00000b88       $pdata$__acrt_InitializeCriticalSectionEx 000000014001fb88     libucrt:winapi_thunks.obj
 0004:00000b94       $pdata$__acrt_LCMapStringEx 000000014001fb94     libucrt:winapi_thunks.obj
 0004:00000ba0       $pdata$__acrt_LocaleNameToLCID 000000014001fba0     libucrt:winapi_thunks.obj
 0004:00000bac       $pdata$__acrt_AppPolicyGetProcessTerminationMethodInternal 000000014001fbac     libucrt:winapi_thunks.obj
 0004:00000bb8       $pdata$?try_get_function@@YAPEAXW4function_id@?A0x391cf84c@@QEBDQEBW4module_id@2@2@Z 000000014001fbb8     libucrt:winapi_thunks.obj
 0004:00000bc4       $pdata$_recalloc_base      000000014001fbc4     libucrt:recalloc.obj
 0004:00000bd0       $pdata$__acrt_initialize_heap 000000014001fbd0     libucrt:heap_handle.obj
 0004:00000bdc       $pdata$__acrt_execute_initializers 000000014001fbdc     libucrt:shared_initialization.obj
 0004:00000be8       $pdata$__acrt_execute_uninitializers 000000014001fbe8     libucrt:shared_initialization.obj
 0004:00000bf4       $pdata$_callnewh           000000014001fbf4     libucrt:new_handler.obj
 0004:00000c00       $pdata$_query_new_handler  000000014001fc00     libucrt:new_handler.obj
 0004:00000c0c       $pdata$_query_new_handler$fin$0 000000014001fc0c     libucrt:new_handler.obj
 0004:00000c18       $pdata$__acrt_get_sigabrt_handler 000000014001fc18     libucrt:signal.obj
 0004:00000c24       $pdata$raise               000000014001fc24     libucrt:signal.obj
 0004:00000c30       $pdata$raise$fin$0         000000014001fc30     libucrt:signal.obj
 0004:00000c3c       $pdata$??$?RV<lambda_450d765d439847d4c735a33c368b5fc0>@@AEAV<lambda_44731a7d0e6d81c3e6aa82d741081786>@@V<lambda_601a2a7da3b7a96e9554ac7215c4b07c>@@@?$__crt_seh_guarded_call@P6AXH@Z@@QEAAP6AXH@Z$$QEAV<lambda_450d765d439847d4c735a33c368b5fc0>@@AEAV<lambda_44731a7d0e6d81c3e6aa82d741081786>@@$$QEAV<lambda_601a2a7da3b7a96e9554ac7215c4b07c>@@@Z 000000014001fc3c     libucrt:signal.obj
 0004:00000c48       $pdata$_fflush_nolock      000000014001fc48     libucrt:fflush.obj
 0004:00000c54       $pdata$__acrt_stdio_flush_nolock 000000014001fc54     libucrt:fflush.obj
 0004:00000c60       $pdata$?common_flush_all@@YAH_N@Z 000000014001fc60     libucrt:fflush.obj
 0004:00000c6c       $pdata$??$?RV<lambda_842d9ff0dc9ef11c61343bbaebe7f885>@@AEAV<lambda_c5860995281e5c4ce005b3de8f5874ee>@@V<lambda_d90129c13df834fdcbf8d2b88dafcf2d>@@@?$__crt_seh_guarded_call@X@@QEAAX$$QEAV<lambda_842d9ff0dc9ef11c61343bbaebe7f885>@@AEAV<lambda_c5860995281e5c4ce005b3de8f5874ee>@@$$QEAV<lambda_d90129c13df834fdcbf8d2b88dafcf2d>@@@Z 000000014001fc6c     libucrt:fflush.obj
 0004:00000c78       $pdata$?fin$0@?0???$?RV<lambda_842d9ff0dc9ef11c61343bbaebe7f885>@@AEAV<lambda_c5860995281e5c4ce005b3de8f5874ee>@@V<lambda_d90129c13df834fdcbf8d2b88dafcf2d>@@@?$__crt_seh_guarded_call@X@@QEAAX$$QEAV<lambda_842d9ff0dc9ef11c61343bbaebe7f885>@@AEAV<lambda_c5860995281e5c4ce005b3de8f5874ee>@@$$QEAV<lambda_d90129c13df834fdcbf8d2b88dafcf2d>@@@Z@4HA 000000014001fc78     libucrt:fflush.obj
 0004:00000c84       $pdata$??$?RV<lambda_886d6c58226a84441f68b9f2b8217b83>@@AEAV<lambda_ab61a845afdef5b7c387490eaf3616ee>@@V<lambda_f7f22ab5edc0698d5f6905b0d3f44752>@@@?$__crt_seh_guarded_call@X@@QEAAX$$QEAV<lambda_886d6c58226a84441f68b9f2b8217b83>@@AEAV<lambda_ab61a845afdef5b7c387490eaf3616ee>@@$$QEAV<lambda_f7f22ab5edc0698d5f6905b0d3f44752>@@@Z 000000014001fc84     libucrt:fflush.obj
 0004:00000c90       $pdata$?fin$0@?0???$?RV<lambda_886d6c58226a84441f68b9f2b8217b83>@@AEAV<lambda_ab61a845afdef5b7c387490eaf3616ee>@@V<lambda_f7f22ab5edc0698d5f6905b0d3f44752>@@@?$__crt_seh_guarded_call@X@@QEAAX$$QEAV<lambda_886d6c58226a84441f68b9f2b8217b83>@@AEAV<lambda_ab61a845afdef5b7c387490eaf3616ee>@@$$QEAV<lambda_f7f22ab5edc0698d5f6905b0d3f44752>@@@Z@4HA 000000014001fc90     libucrt:fflush.obj
 0004:00000c9c       $pdata$_isctype_l          000000014001fc9c     libucrt:isctype.obj
 0004:00000ca8       $pdata$_isleadbyte_l       000000014001fca8     libucrt:_wctype.obj
 0004:00000cb4       $pdata$__acrt_LCMapStringA 000000014001fcb4     libucrt:lcmapstringa.obj
 0004:00000cc0       $pdata$?__acrt_LCMapStringA_stat@@YAHPEAU__crt_locale_pointers@@PEB_WKPEBDHPEADHHH@Z 000000014001fcc0     libucrt:lcmapstringa.obj
 0004:00000ccc       $pdata$__acrt_fp_strflt_to_string 000000014001fccc     libucrt:_fptostr.obj
 0004:00000cd8       $pdata$memcpy_s            000000014001fcd8     libucrt:cfout.obj
 0004:00000ce4       $pdata$__acrt_fltout       000000014001fce4     libucrt:cfout.obj
 0004:00000cf0       $pdata$?divide@__crt_strtox@@YA_KAEAUbig_integer@1@AEBU21@@Z 000000014001fcf0     libucrt:cfout.obj
 0004:00000cfc       $pdata$5$?divide@__crt_strtox@@YA_KAEAUbig_integer@1@AEBU21@@Z 000000014001fcfc     libucrt:cfout.obj
 0004:00000d08       $pdata$6$?divide@__crt_strtox@@YA_KAEAUbig_integer@1@AEBU21@@Z 000000014001fd08     libucrt:cfout.obj
 0004:00000d14       $pdata$_fcloseall          000000014001fd14     libucrt:closeall.obj
 0004:00000d20       $pdata$_fcloseall$fin$0    000000014001fd20     libucrt:closeall.obj
 0004:00000d2c       $pdata$__acrt_stdio_free_buffer_nolock 000000014001fd2c     libucrt:_freebuf.obj
 0004:00000d38       $pdata$_isatty             000000014001fd38     libucrt:isatty.obj
 0004:00000d44       $pdata$_call_matherr       000000014001fd44     libucrt:libm_error.obj
 0004:00000d50       $pdata$_exception_enabled  000000014001fd50     libucrt:libm_error.obj
 0004:00000d5c       $pdata$_handle_errorf      000000014001fd5c     libucrt:libm_error.obj
 0004:00000d68       $pdata$_handle_error       000000014001fd68     libucrt:libm_error.obj
 0004:00000d74       $pdata$qsort               000000014001fd74     libucrt:qsort.obj
 0004:00000d80       $pdata$4$qsort             000000014001fd80     libucrt:qsort.obj
 0004:00000d8c       $pdata$5$qsort             000000014001fd8c     libucrt:qsort.obj
 0004:00000d98       $pdata$strncpy_s           000000014001fd98     libucrt:strncpy_s.obj
 0004:00000da4       $pdata$strpbrk             000000014001fda4     libucrt:strpbrk.obj
 0004:00000db0       $pdata$fallbackMethod      000000014001fdb0     libucrt:strpbrk.obj
 0004:00000dbc       $pdata$_mbsdec_l           000000014001fdbc     libucrt:mbsdec.obj
 0004:00000dc8       $pdata$?initialize_multibyte@@YAHXZ 000000014001fdc8     libucrt:multibyte_initializer.obj
 0004:00000dd4       $pdata$__acrt_DownlevelLocaleNameToLCID 000000014001fdd4     libucrt:lcidtoname_downlevel.obj
 0004:00000de0       $pdata$?GetTableIndexFromLocaleName@@YAHPEB_W@Z 000000014001fde0     libucrt:lcidtoname_downlevel.obj
 0004:00000dec       $pdata$_msize_base         000000014001fdec     libucrt:msize.obj
 0004:00000df8       $pdata$_realloc_base       000000014001fdf8     libucrt:realloc_base.obj
 0004:00000e04       $pdata$_commit             000000014001fe04     libucrt:commit.obj
 0004:00000e10       $pdata$??$?RV<lambda_a37b2b86f63e897a80ea819b0eb08c01>@@AEAV<lambda_38ce7e780aa69e748d6df282ebc68efe>@@V<lambda_99fb1378e971ab6e7edea83e3a7a83a2>@@@?$__crt_seh_guarded_call@H@@QEAAH$$QEAV<lambda_a37b2b86f63e897a80ea819b0eb08c01>@@AEAV<lambda_38ce7e780aa69e748d6df282ebc68efe>@@$$QEAV<lambda_99fb1378e971ab6e7edea83e3a7a83a2>@@@Z 000000014001fe10     libucrt:commit.obj
 0004:00000e1c       $pdata$?fin$0@?0???$?RV<lambda_a37b2b86f63e897a80ea819b0eb08c01>@@AEAV<lambda_38ce7e780aa69e748d6df282ebc68efe>@@V<lambda_99fb1378e971ab6e7edea83e3a7a83a2>@@@?$__crt_seh_guarded_call@H@@QEAAH$$QEAV<lambda_a37b2b86f63e897a80ea819b0eb08c01>@@AEAV<lambda_38ce7e780aa69e748d6df282ebc68efe>@@$$QEAV<lambda_99fb1378e971ab6e7edea83e3a7a83a2>@@@Z@4HA 000000014001fe1c     libucrt:commit.obj
 0004:00000e1c       $pdata$?fin$0@?0???$?RV<lambda_751a882b2c74d4b022dec766aa51a29a>@@AEAV<lambda_628dfdc04ba53c8bfc02c9951375f3f5>@@V<lambda_f6c7be5f7998530c34de24c7437d6b54>@@@?$__crt_seh_guarded_call@H@@QEAAH$$QEAV<lambda_751a882b2c74d4b022dec766aa51a29a>@@AEAV<lambda_628dfdc04ba53c8bfc02c9951375f3f5>@@$$QEAV<lambda_f6c7be5f7998530c34de24c7437d6b54>@@@Z@4HA 000000014001fe1c     libucrt:close.obj
 0004:00000e28       $pdata$_write              000000014001fe28     libucrt:write.obj
 0004:00000e34       $pdata$_write$fin$0        000000014001fe34     libucrt:write.obj
 0004:00000e40       $pdata$_write_nolock       000000014001fe40     libucrt:write.obj
 0004:00000e4c       $pdata$?write_double_translated_ansi_nolock@@YA?AUwrite_result@?A0x17268360@@HQEBDI@Z 000000014001fe4c     libucrt:write.obj
 0004:00000e58       $pdata$?write_text_ansi_nolock@@YA?AUwrite_result@?A0x17268360@@HQEBDI@Z 000000014001fe58     libucrt:write.obj
 0004:00000e64       $pdata$?write_text_utf16le_nolock@@YA?AUwrite_result@?A0x17268360@@HQEBDI@Z 000000014001fe64     libucrt:write.obj
 0004:00000e70       $pdata$?write_text_utf8_nolock@@YA?AUwrite_result@?A0x17268360@@HQEBDI@Z 000000014001fe70     libucrt:write.obj
 0004:00000e7c       $pdata$fegetenv            000000014001fe7c     libucrt:fegetenv.obj
 0004:00000e88       $pdata$fesetenv            000000014001fe88     libucrt:fesetenv.obj
 0004:00000e94       $pdata$feholdexcept        000000014001fe94     libucrt:feholdexcept.obj
 0004:00000eac       $pdata$??$common_lseek_nolock@_J@@YA_JH_JH@Z 000000014001feac     libucrt:lseek.obj
 0004:00000eb8       $pdata$fclose              000000014001feb8     libucrt:fclose.obj
 0004:00000ec4       $pdata$fclose$fin$0        000000014001fec4     libucrt:fclose.obj
 0004:00000ed0       $pdata$_fclose_nolock      000000014001fed0     libucrt:fclose.obj
 0004:00000edc       $pdata$_set_errno_from_matherr 000000014001fedc     libucrt:fpexcept.obj
 0004:00000ee8       $pdata$_raise_excf         000000014001fee8     libucrt:fpexcept.obj
 0004:00000ef4       $pdata$_raise_exc          000000014001fef4     libucrt:fpexcept.obj
 0004:00000f00       $pdata$_raise_exc_ex       000000014001ff00     libucrt:fpexcept.obj
 0004:00000f0c       $pdata$_clrfp              000000014001ff0c     libucrt:fpctrl.obj
 0004:00000f18       $pdata$_ctrlfp             000000014001ff18     libucrt:fpctrl.obj
 0004:00000f24       $pdata$_ctrlfp$filt$0      000000014001ff24     libucrt:fpctrl.obj
 0004:00000f30       $pdata$_statfp             000000014001ff30     libucrt:fpctrl.obj
 0004:00000f3c       $pdata$_set_statfp         000000014001ff3c     libucrt:fpctrl.obj
 0004:00000f48       $pdata$_putwch_nolock      000000014001ff48     libucrt:putwch.obj
 0004:00000f54       $pdata$__acrt_fenv_set_control 000000014001ff54     libucrt:_fenvutils.obj
 0004:00000f60       $pdata$_clearfp            000000014001ff60     libucrt:ieee.obj
 0004:00000f6c       $pdata$_log_special_common 000000014001ff6c     libucrt:log_special.obj
 0004:00000f78       $pdata$_log10_special      000000014001ff78     libucrt:log_special.obj
 0004:00000f84       $pdata$_close              000000014001ff84     libucrt:close.obj
 0004:00000f90       $pdata$_close_nolock       000000014001ff90     libucrt:close.obj
 0004:00000f9c       $pdata$??$?RV<lambda_751a882b2c74d4b022dec766aa51a29a>@@AEAV<lambda_628dfdc04ba53c8bfc02c9951375f3f5>@@V<lambda_f6c7be5f7998530c34de24c7437d6b54>@@@?$__crt_seh_guarded_call@H@@QEAAH$$QEAV<lambda_751a882b2c74d4b022dec766aa51a29a>@@AEAV<lambda_628dfdc04ba53c8bfc02c9951375f3f5>@@$$QEAV<lambda_f6c7be5f7998530c34de24c7437d6b54>@@@Z 000000014001ff9c     libucrt:close.obj
 0004:00000fb4       $pdata$__dcrt_lowio_ensure_console_output_initialized 000000014001ffb4     libucrt:initcon.obj
 0004:00000fc0       $pdata$__dcrt_write_console_w 000000014001ffc0     libucrt:initcon.obj
 0004:00000fcc       $pdata$__dcrt_terminate_console_output 000000014001ffcc     libucrt:initcon.obj
 0004:00000fd8       $pdata$_IsNonwritableInCurrentImage 000000014001ffd8     LIBCMT:pesect.obj
 0004:00000fe4       $pdata$_IsNonwritableInCurrentImage$filt$0 000000014001ffe4     LIBCMT:pesect.obj
 0004:00001008       $pdata$strrchr             0000000140020008     libvcruntime:strrchr.obj
