 win32_handmade

 Timestamp is 5b445647 (Tue Jul 10 16:46:31 2018)

 Preferred load address is 0000000140000000

 Start         Length     Name                   Class
 0001:00000000 0000cc70H .text$mn                CODE
 0001:0000cc70 000000e0H .text$mn$00             CODE
 0001:0000cd50 00000210H .text$x                 CODE
 0002:00000000 000002b8H .idata$5                DATA
 0002:000002b8 00000020H .00cfg                  DATA
 0002:000002d8 00000008H .CRT$XCA                DATA
 0002:000002e0 00000008H .CRT$XCAA               DATA
 0002:000002e8 00000008H .CRT$XCZ                DATA
 0002:000002f0 00000008H .CRT$XIA                DATA
 0002:000002f8 00000008H .CRT$XIAA               DATA
 0002:00000300 00000008H .CRT$XIAC               DATA
 0002:00000308 00000018H .CRT$XIC                DATA
 0002:00000320 00000008H .CRT$XIZ                DATA
 0002:00000328 00000008H .CRT$XPA                DATA
 0002:00000330 00000010H .CRT$XPX                DATA
 0002:00000340 00000008H .CRT$XPXA               DATA
 0002:00000348 00000008H .CRT$XPZ                DATA
 0002:00000350 00000008H .CRT$XTA                DATA
 0002:00000358 00000008H .CRT$XTZ                DATA
 0002:00000360 00000000H .gfids$y                DATA
 0002:00000360 00007480H .rdata                  DATA
 0002:000077e0 00000000H .rdata$r                DATA
 0002:000077e0 000002e0H .rdata$zzzdbg           DATA
 0002:00007ac0 00000008H .rtc$IAA                DATA
 0002:00007ac8 00000008H .rtc$IZZ                DATA
 0002:00007ad0 00000008H .rtc$TAA                DATA
 0002:00007ad8 00000008H .rtc$TZZ                DATA
 0002:00007ae0 00000b10H .xdata                  DATA
 0002:000085f0 00000000H .xdata$x                DATA
 0002:000085f0 00000000H .edata                  DATA
 0002:000085f0 0000003cH .idata$2                DATA
 0002:0000862c 00000014H .idata$3                DATA
 0002:00008640 000002b8H .idata$4                DATA
 0002:000088f8 0000061aH .idata$6                DATA
 0003:00000000 000008f0H .data                   DATA
 0003:000008f0 00000000H .data$r                 DATA
 0003:000008f0 00001220H .bss                    DATA
 0004:00000000 00000d98H .pdata                  DATA

  Address         Publics by Value              Rva+Base               Lib:Object

 0000:00000000       __guard_iat_count          0000000000000000     <absolute>
 0000:00000000       __dynamic_value_reloc_table 0000000000000000     <absolute>
 0000:00000000       __hybrid_code_map          0000000000000000     <absolute>
 0000:00000000       __hybrid_code_map_count    0000000000000000     <absolute>
 0000:00000000       __guard_iat_table          0000000000000000     <absolute>
 0000:00000000       __guard_longjmp_table      0000000000000000     <absolute>
 0000:00000000       __hybrid_auxiliary_iat     0000000000000000     <absolute>
 0000:00000000       __guard_longjmp_count      0000000000000000     <absolute>
 0000:00000000       __guard_fids_count         0000000000000000     <absolute>
 0000:00000000       __enclave_config           0000000000000000     <absolute>
 0000:00000000       ___safe_se_handler_table   0000000000000000     <absolute>
 0000:00000000       ___safe_se_handler_count   0000000000000000     <absolute>
 0000:00000000       __guard_fids_table         0000000000000000     <absolute>
 0000:00000100       __guard_flags              0000000000000100     <absolute>
 0000:00000000       __ImageBase                0000000140000000     <linker-defined>
 0001:00000670       WinMain                    0000000140001670 f   win32_handmade.obj
 0001:00001340       ?XInputGetStateStub@@YAKKPEAU_XINPUT_STATE@@@Z 0000000140002340 f   win32_handmade.obj
 0001:00001360       ?XInputSetStateStub@@YAKKPEAU_XINPUT_VIBRATION@@@Z 0000000140002360 f   win32_handmade.obj
 0001:000018a0       ?Win32MainWindowCallback@@YA_JPEAUHWND__@@I_K_J@Z 00000001400028a0 f   win32_handmade.obj
 0001:00001a40       ?Win32ClearBuffer@@YAXPEAUwin32_sound_output@@@Z 0000000140002a40 f   win32_handmade.obj
 0001:00001b60       ?Win32FillSoundBuffer@@YAXPEAUwin32_sound_output@@KKPEAUgame_sound_output_buffer@@@Z 0000000140002b60 f   win32_handmade.obj
 0001:000021c0       ?GetController@@YAPEAUgame_controller_input@@PEAUgame_input@@H@Z 00000001400031c0 f i win32_handmade.obj
 0001:00002210       ?SafeTruncateUInt64@@YAI_K@Z 0000000140003210 f i win32_handmade.obj
 0001:00002240       __GSHandlerCheck           0000000140003240 f   LIBCMT:_gshandler_.obj
 0001:00002260       __GSHandlerCheckCommon     0000000140003260 f   LIBCMT:_gshandler_.obj
 0001:000022d0       __security_check_cookie    00000001400032d0 f   LIBCMT:_amdsecgs_.obj
 0001:00002554       WinMainCRTStartup          0000000140003554 f   LIBCMT:exe_winmain.obj
 0001:00002568       __raise_securityfailure    0000000140003568 f   LIBCMT:gs_report.obj
 0001:0000259c       __report_gsfailure         000000014000359c f   LIBCMT:gs_report.obj
 0001:00002670       __report_rangecheckfailure 0000000140003670 f   LIBCMT:gs_report.obj
 0001:00002684       __report_securityfailure   0000000140003684 f   LIBCMT:gs_report.obj
 0001:00002804       __scrt_acquire_startup_lock 0000000140003804 f   LIBCMT:utility.obj
 0001:00002840       __scrt_initialize_crt      0000000140003840 f   LIBCMT:utility.obj
 0001:0000288c       __scrt_initialize_onexit_tables 000000014000388c f   LIBCMT:utility.obj
 0001:0000296c       __scrt_is_nonwritable_in_current_image 000000014000396c f   LIBCMT:utility.obj
 0001:00002a08       __scrt_release_startup_lock 0000000140003a08 f   LIBCMT:utility.obj
 0001:00002a2c       __scrt_uninitialize_crt    0000000140003a2c f   LIBCMT:utility.obj
 0001:00002a58       _onexit                    0000000140003a58 f   LIBCMT:utility.obj
 0001:00002aa8       atexit                     0000000140003aa8 f   LIBCMT:utility.obj
 0001:00002ac0       __security_init_cookie     0000000140003ac0 f   LIBCMT:gs_support.obj
 0001:00002b70       _get_startup_commit_mode   0000000140003b70 f   LIBCMT:commit_mode.obj
 0001:00002b70       _matherr                   0000000140003b70 f   LIBCMT:matherr.obj
 0001:00002b70       _get_startup_new_mode      0000000140003b70 f   LIBCMT:new_mode.obj
 0001:00002b70       _get_startup_thread_locale_mode 0000000140003b70 f   LIBCMT:thread_locale.obj
 0001:00002b70       __scrt_initialize_winrt    0000000140003b70 f   LIBCMT:utility_desktop.obj
 0001:00002b74       _get_startup_argv_mode     0000000140003b74 f   LIBCMT:argv_mode.obj
 0001:00002b7c       _get_startup_file_mode     0000000140003b7c f   LIBCMT:file_mode.obj
 0001:00002b84       ?__scrt_initialize_type_info@@YAXXZ 0000000140003b84 f   LIBCMT:tncleanup.obj
 0001:00002b94       __acrt_uninitialize_command_line 0000000140003b94 f   libucrt:argv_data.obj
 0001:00002b94       _should_initialize_environment 0000000140003b94 f   LIBCMT:env_mode.obj
 0001:00002b98       _initialize_invalid_parameter_handler 0000000140003b98 f   LIBCMT:invalid_parameter_handler.obj
 0001:00002b98       _initialize_denormal_control 0000000140003b98 f   LIBCMT:denormal_control.obj
 0001:00002b98       _guard_check_icall_nop     0000000140003b98 f   LIBCMT:guard_support.obj
 0001:00002b9c       __local_stdio_printf_options 0000000140003b9c f i LIBCMT:default_local_stdio_options.obj
 0001:00002ba4       __local_stdio_scanf_options 0000000140003ba4 f i LIBCMT:default_local_stdio_options.obj
 0001:00002bac       __scrt_initialize_default_local_stdio_options 0000000140003bac f   LIBCMT:default_local_stdio_options.obj
 0001:00002bc8       __scrt_is_user_matherr_present 0000000140003bc8 f   LIBCMT:matherr_detection.obj
 0001:00002bd4       __scrt_get_dyn_tls_init_callback 0000000140003bd4 f   LIBCMT:dyn_tls_init.obj
 0001:00002bdc       __scrt_get_dyn_tls_dtor_callback 0000000140003bdc f   LIBCMT:dyn_tls_dtor.obj
 0001:00002be4       __crt_debugger_hook        0000000140003be4 f   LIBCMT:utility_desktop.obj
 0001:00002bec       __scrt_fastfail            0000000140003bec f   LIBCMT:utility_desktop.obj
 0001:00002d38       __scrt_get_show_window_mode 0000000140003d38 f   LIBCMT:utility_desktop.obj
 0001:00002d74       __scrt_is_managed_app      0000000140003d74 f   LIBCMT:utility_desktop.obj
 0001:00002dc8       __scrt_set_unhandled_exception_filter 0000000140003dc8 f   LIBCMT:utility_desktop.obj
 0001:00002dd8       __scrt_unhandled_exception_filter 0000000140003dd8 f   LIBCMT:utility_desktop.obj
 0001:00002e10       _RTC_Initialize            0000000140003e10 f   LIBCMT:_initsect_.obj
 0001:00002e5c       _RTC_Terminate             0000000140003e5c f   LIBCMT:_initsect_.obj
 0001:00002ea8       _guard_check_icall         0000000140003ea8 f i LIBCMT:checkcfg.obj
 0001:00002eb0       __isa_available_init       0000000140003eb0 f   LIBCMT:_cpu_disp_.obj
 0001:0000306c       __scrt_is_ucrt_dll_in_use  000000014000406c f   LIBCMT:ucrt_detection.obj
 0001:00003080       IsProcessorFeaturePresent  0000000140004080 f   kernel32:KERNEL32.dll
 0001:00003088       __C_specific_handler       0000000140004088 f   libvcruntime:_riscchandler_.obj
 0001:00003294       __vcrt_initialize          0000000140004294 f   libvcruntime:initialization.obj
 0001:000032c8       __vcrt_uninitialize        00000001400042c8 f   libvcruntime:initialization.obj
 0001:00003300       memset                     0000000140004300 f   libvcruntime:memset.obj
 0001:000034c0       _local_unwind              00000001400044c0 f   libvcruntime:_jmpuwind_.obj
 0001:000034f0       _NLG_Notify                00000001400044f0 f   libvcruntime:_jmpuwind_.obj
 0001:00003510       __NLG_Dispatch2            0000000140004510 f   libvcruntime:_jmpuwind_.obj
 0001:00003520       __NLG_Return2              0000000140004520 f   libvcruntime:_jmpuwind_.obj
 0001:00003524       __except_validate_context_record 0000000140004524 f   libvcruntime:jbcxrval.obj
 0001:0000355c       __vcrt_freefls             000000014000455c f   libvcruntime:per_thread_data.obj
 0001:0000357c       __vcrt_initialize_ptd      000000014000457c f   libvcruntime:per_thread_data.obj
 0001:000035d0       __vcrt_uninitialize_ptd    00000001400045d0 f   libvcruntime:per_thread_data.obj
 0001:000035f4       __vcrt_initialize_locks    00000001400045f4 f   libvcruntime:locks.obj
 0001:0000363c       __vcrt_uninitialize_locks  000000014000463c f   libvcruntime:locks.obj
 0001:0000384c       __vcrt_FlsAlloc            000000014000484c f   libvcruntime:winapi_downlevel.obj
 0001:000038a0       __vcrt_FlsFree             00000001400048a0 f   libvcruntime:winapi_downlevel.obj
 0001:000038f4       __vcrt_FlsSetValue         00000001400048f4 f   libvcruntime:winapi_downlevel.obj
 0001:0000395c       __vcrt_InitializeCriticalSectionEx 000000014000495c f   libvcruntime:winapi_downlevel.obj
 0001:000039d4       __vcrt_initialize_winapi_thunks 00000001400049d4 f   libvcruntime:winapi_downlevel.obj
 0001:00003a18       __vcrt_uninitialize_winapi_thunks 0000000140004a18 f   libvcruntime:winapi_downlevel.obj
 0001:00003a58       __vcrt_initialize_pure_virtual_call_handler 0000000140004a58 f   libvcruntime:purevirt_data.obj
 0001:00003a90       memcpy                     0000000140004a90 f   libvcruntime:memcpy.obj
 0001:00003a90       memmove                    0000000140004a90 f   libvcruntime:memcpy.obj
 0001:00003ef0       _CallSettingFrame          0000000140004ef0 f   libvcruntime:handlers.obj
 0001:00003f30       __DestructExceptionObject  0000000140004f30 f   libvcruntime:ehhelpers.obj
 0001:00003fb4       ?_CallMemberFunction0@@YAXQEAX0@Z 0000000140004fb4 f i libvcruntime:ehhelpers.obj
 0001:00003fc0       sinf                       0000000140004fc0 f   libucrt:sinf.obj
 0001:000046b8       _seh_filter_exe            00000001400056b8 f   libucrt:exception_filter.obj
 0001:00004844       _query_app_type            0000000140005844 f   libucrt:report_runtime_error.obj
 0001:0000484c       _set_app_type              000000014000584c f   libucrt:report_runtime_error.obj
 0001:00004854       __acrt_has_user_matherr    0000000140005854 f   libucrt:matherr.obj
 0001:00004874       __acrt_initialize_user_matherr 0000000140005874 f   libucrt:matherr.obj
 0001:0000487c       __acrt_invoke_user_matherr 000000014000587c f   libucrt:matherr.obj
 0001:000048ac       __setusermatherr           00000001400058ac f   libucrt:matherr.obj
 0001:00004a90       __acrt_allocate_buffer_for_argv 0000000140005a90 f   libucrt:argv_parsing.obj
 0001:00004af0       _configure_narrow_argv     0000000140005af0 f   libucrt:argv_parsing.obj
 0001:00004e6c       __dcrt_uninitialize_environments_nolock 0000000140005e6c f   libucrt:environment_initialization.obj
 0001:00004ea4       _initialize_narrow_environment 0000000140005ea4 f   libucrt:environment_initialization.obj
 0001:00004eac       _get_narrow_winmain_command_line 0000000140005eac f   libucrt:argv_winmain.obj
 0001:00004f1c       _initterm                  0000000140005f1c f   libucrt:initterm.obj
 0001:00004f80       _initterm_e                0000000140005f80 f   libucrt:initterm.obj
 0001:00005240       __acrt_initialize_thread_local_exit_callback 0000000140006240 f   libucrt:exit.obj
 0001:00005248       _c_exit                    0000000140006248 f   libucrt:exit.obj
 0001:00005258       _cexit                     0000000140006258 f   libucrt:exit.obj
 0001:00005268       _exit                      0000000140006268 f   libucrt:exit.obj
 0001:00005274       _register_thread_local_exe_atexit_callback 0000000140006274 f   libucrt:exit.obj
 0001:000052b8       exit                       00000001400062b8 f   libucrt:exit.obj
 0001:000052c4       _set_fmode                 00000001400062c4 f   libucrt:setmode.obj
 0001:00005374       __acrt_set_locale_changed  0000000140006374 f   libucrt:wsetlocale.obj
 0001:00005380       __acrt_uninitialize_locale 0000000140006380 f   libucrt:wsetlocale.obj
 0001:000053b0       _configthreadlocale        00000001400063b0 f   libucrt:wsetlocale.obj
 0001:0000541c       _query_new_mode            000000014000641c f   libucrt:new_mode.obj
 0001:00005424       _set_new_mode              0000000140006424 f   libucrt:new_mode.obj
 0001:00005450       __p__commode               0000000140006450 f   libucrt:ncommode.obj
 0001:000057e0       _crt_atexit                00000001400067e0 f   libucrt:onexit.obj
 0001:000057f0       _execute_onexit_table      00000001400067f0 f   libucrt:onexit.obj
 0001:0000582c       _initialize_onexit_table   000000014000682c f   libucrt:onexit.obj
 0001:0000586c       _register_onexit_function  000000014000686c f   libucrt:onexit.obj
 0001:000059f4       __acrt_initialize          00000001400069f4 f   libucrt:initialization.obj
 0001:00005a08       __acrt_uninitialize        0000000140006a08 f   libucrt:initialization.obj
 0001:00005a40       terminate                  0000000140006a40 f   libucrt:terminate.obj
 0001:00005a60       _free_base                 0000000140006a60 f   libucrt:free_base.obj
 0001:00005aa0       _malloc_base               0000000140006aa0 f   libucrt:malloc_base.obj
 0001:00005b00       strcpy_s                   0000000140006b00 f   libucrt:strcpy_s.obj
 0001:00005b60       abort                      0000000140006b60 f   libucrt:abort.obj
 0001:00005bb8       _calloc_base               0000000140006bb8 f   libucrt:calloc_base.obj
 0001:00005c30       wcsncmp                    0000000140006c30 f   libucrt:wcsncmp.obj
 0001:00005c5c       ??0_LocaleUpdate@@QEAA@QEAU__crt_locale_pointers@@@Z 0000000140006c5c f i libucrt:output.obj
 0001:00005d00       strncmp                    0000000140006d00 f   libucrt:strncmp.obj
 0001:00005d80       __acrt_initialize_fma3     0000000140006d80 f   libucrt:fma3_available.obj
 0001:00005df0       __remainder_piby2d2f_forC  0000000140006df0 f   libucrt:remainder_piby2f_forc.obj
 0001:00006008       _sinf_special              0000000140007008 f   libucrt:sincos_special.obj
 0001:00006394       __acrt_getptd              0000000140007394 f   libucrt:per_thread_data.obj
 0001:00006460       __acrt_getptd_head         0000000140007460 f   libucrt:per_thread_data.obj
 0001:00006508       __acrt_getptd_noexit       0000000140007508 f   libucrt:per_thread_data.obj
 0001:000065d8       __acrt_initialize_ptd      00000001400075d8 f   libucrt:per_thread_data.obj
 0001:00006614       __acrt_uninitialize_ptd    0000000140007614 f   libucrt:per_thread_data.obj
 0001:00006638       __acrt_call_reportfault    0000000140007638 f   libucrt:invalid_parameter.obj
 0001:00006794       __acrt_initialize_invalid_parameter_handler 0000000140007794 f   libucrt:invalid_parameter.obj
 0001:0000679c       _invalid_parameter         000000014000779c f   libucrt:invalid_parameter.obj
 0001:0000684c       _invalid_parameter_noinfo  000000014000784c f   libucrt:invalid_parameter.obj
 0001:0000686c       _invoke_watson             000000014000786c f   libucrt:invalid_parameter.obj
 0001:000068b4       __acrt_errno_from_os_error 00000001400078b4 f   libucrt:errno.obj
 0001:000068fc       __acrt_errno_map_os_error  00000001400078fc f   libucrt:errno.obj
 0001:0000694c       __doserrno                 000000014000794c f   libucrt:errno.obj
 0001:0000696c       _errno                     000000014000796c f   libucrt:errno.obj
 0001:00006ef0       __acrt_expand_narrow_argv_wildcards 0000000140007ef0 f   libucrt:argv_wildcards.obj
 0001:00007638       __acrt_initialize_multibyte 0000000140008638 f   libucrt:mbctype.obj
 0001:00007698       __acrt_update_thread_multibyte_data 0000000140008698 f   libucrt:mbctype.obj
 0001:000076b4       _setmbcp_nolock            00000001400086b4 f   libucrt:mbctype.obj
 0001:000079ec       _ismbblead                 00000001400089ec f   libucrt:ismbbyte.obj
 0001:00007a00       __acrt_initialize_command_line 0000000140008a00 f   libucrt:argv_data.obj
 0001:00007a28       __dcrt_get_narrow_environment_from_os 0000000140008a28 f   libucrt:get_environment_from_os.obj
 0001:00007b2c       __acrt_initialize_locks    0000000140008b2c f   libucrt:locks.obj
 0001:00007b74       __acrt_lock                0000000140008b74 f   libucrt:locks.obj
 0001:00007b90       __acrt_uninitialize_locks  0000000140008b90 f   libucrt:locks.obj
 0001:00007bc8       __acrt_unlock              0000000140008bc8 f   libucrt:locks.obj
 0001:00007be4       __acrt_get_process_end_policy 0000000140008be4 f   libucrt:win_policies.obj
 0001:00007c20       __acrt_lowio_create_handle_array 0000000140008c20 f   libucrt:osfinfo.obj
 0001:00007cb8       __acrt_lowio_destroy_handle_array 0000000140008cb8 f   libucrt:osfinfo.obj
 0001:00007d08       __acrt_lowio_ensure_fh_exists 0000000140008d08 f   libucrt:osfinfo.obj
 0001:00007db0       __acrt_lowio_lock_fh       0000000140008db0 f   libucrt:osfinfo.obj
 0001:00007dd4       __acrt_lowio_unlock_fh     0000000140008dd4 f   libucrt:osfinfo.obj
 0001:00007df8       _free_osfhnd               0000000140008df8 f   libucrt:osfinfo.obj
 0001:00007eb4       _get_osfhandle             0000000140008eb4 f   libucrt:osfinfo.obj
 0001:00008114       __acrt_initialize_lowio    0000000140009114 f   libucrt:ioinit.obj
 0001:00008150       __acrt_uninitialize_lowio  0000000140009150 f   libucrt:ioinit.obj
 0001:00008190       __acrt_locale_free_monetary 0000000140009190 f   libucrt:initmon.obj
 0001:0000829c       __acrt_locale_free_numeric 000000014000929c f   libucrt:initnum.obj
 0001:0000835c       __acrt_locale_free_time    000000014000935c f   libucrt:inittime.obj
 0001:00008464       __pctype_func              0000000140009464 f   libucrt:ctype.obj
 0001:00008494       __acrt_GetStringTypeA      0000000140009494 f   libucrt:getstringtypea.obj
 0001:00008624       __acrt_add_locale_ref      0000000140009624 f   libucrt:locale_refcounting.obj
 0001:000086b0       __acrt_free_locale         00000001400096b0 f   libucrt:locale_refcounting.obj
 0001:00008828       __acrt_locale_add_lc_time_reference 0000000140009828 f   libucrt:locale_refcounting.obj
 0001:00008850       __acrt_locale_free_lc_time_if_unreferenced 0000000140009850 f   libucrt:locale_refcounting.obj
 0001:00008888       __acrt_locale_release_lc_time_reference 0000000140009888 f   libucrt:locale_refcounting.obj
 0001:000088b0       __acrt_release_locale_ref  00000001400098b0 f   libucrt:locale_refcounting.obj
 0001:00008958       __acrt_update_thread_locale_data 0000000140009958 f   libucrt:locale_refcounting.obj
 0001:000089c8       _updatetlocinfoEx_nolock   00000001400099c8 f   libucrt:locale_refcounting.obj
 0001:00008c08       __acrt_AppPolicyGetProcessTerminationMethodInternal 0000000140009c08 f   libucrt:winapi_thunks.obj
 0001:00008c58       __acrt_FlsAlloc            0000000140009c58 f   libucrt:winapi_thunks.obj
 0001:00008ca0       __acrt_FlsFree             0000000140009ca0 f   libucrt:winapi_thunks.obj
 0001:00008ce8       __acrt_FlsGetValue         0000000140009ce8 f   libucrt:winapi_thunks.obj
 0001:00008d30       __acrt_FlsSetValue         0000000140009d30 f   libucrt:winapi_thunks.obj
 0001:00008d84       __acrt_InitializeCriticalSectionEx 0000000140009d84 f   libucrt:winapi_thunks.obj
 0001:00008de8       __acrt_LCMapStringEx       0000000140009de8 f   libucrt:winapi_thunks.obj
 0001:00008ec4       __acrt_LocaleNameToLCID    0000000140009ec4 f   libucrt:winapi_thunks.obj
 0001:00008f14       __acrt_initialize_winapi_thunks 0000000140009f14 f   libucrt:winapi_thunks.obj
 0001:00008f5c       __acrt_uninitialize_winapi_thunks 0000000140009f5c f   libucrt:winapi_thunks.obj
 0001:00008fa0       _recalloc                  0000000140009fa0 f   libucrt:recalloc.obj
 0001:00008fa8       _recalloc_base             0000000140009fa8 f   libucrt:recalloc.obj
 0001:00009040       __acrt_initialize_heap     000000014000a040 f   libucrt:heap_handle.obj
 0001:0000905c       __acrt_uninitialize_heap   000000014000a05c f   libucrt:heap_handle.obj
 0001:00009068       __acrt_execute_initializers 000000014000a068 f   libucrt:shared_initialization.obj
 0001:000090e8       __acrt_execute_uninitializers 000000014000a0e8 f   libucrt:shared_initialization.obj
 0001:00009124       __acrt_initialize_new_handler 000000014000a124 f   libucrt:new_handler.obj
 0001:0000912c       _callnewh                  000000014000a12c f   libucrt:new_handler.obj
 0001:0000915c       _query_new_handler         000000014000a15c f   libucrt:new_handler.obj
 0001:000091d8       __acrt_get_sigabrt_handler 000000014000a1d8 f   libucrt:signal.obj
 0001:00009208       __acrt_initialize_signal_handlers 000000014000a208 f   libucrt:signal.obj
 0001:00009228       raise                      000000014000a228 f   libucrt:signal.obj
 0001:00009680       __acrt_stdio_flush_nolock  000000014000a680 f   libucrt:fflush.obj
 0001:000096fc       _fflush_nolock             000000014000a6fc f   libucrt:fflush.obj
 0001:00009748       _flushall                  000000014000a748 f   libucrt:fflush.obj
 0001:00009750       __acrt_initialize_stdio    000000014000a750 f   libucrt:_file.obj
 0001:00009870       __acrt_uninitialize_stdio  000000014000a870 f   libucrt:_file.obj
 0001:000098cc       _lock_file                 000000014000a8cc f   libucrt:_file.obj
 0001:000098d8       _unlock_file               000000014000a8d8 f   libucrt:_file.obj
 0001:000098e4       _mbtowc_l                  000000014000a8e4 f   libucrt:mbtowc.obj
 0001:00009a2c       mbtowc                     000000014000aa2c f   libucrt:mbtowc.obj
 0001:00009a34       __acrt_update_locale_info  000000014000aa34 f   libucrt:locale_update.obj
 0001:00009a68       __acrt_update_multibyte_info 000000014000aa68 f   libucrt:locale_update.obj
 0001:00009a9c       _fileno                    000000014000aa9c f   libucrt:fileno.obj
 0001:00009be8       _handle_error              000000014000abe8 f   libucrt:libm_error.obj
 0001:00009d10       _handle_errorf             000000014000ad10 f   libucrt:libm_error.obj
 0001:00009e50       qsort                      000000014000ae50 f   libucrt:qsort.obj
 0001:0000a200       strncpy_s                  000000014000b200 f   libucrt:strncpy_s.obj
 0001:0000a380       strpbrk                    000000014000b380 f   libucrt:strpbrk.obj
 0001:0000a760       _mbsdec                    000000014000b760 f   libucrt:mbsdec.obj
 0001:0000a768       _mbsdec_l                  000000014000b768 f   libucrt:mbsdec.obj
 0001:0000ab28       __acrt_LCMapStringA        000000014000bb28 f   libucrt:lcmapstringa.obj
 0001:0000ac8c       __acrt_DownlevelLocaleNameToLCID 000000014000bc8c f   libucrt:lcidtoname_downlevel.obj
 0001:0000acc0       _msize                     000000014000bcc0 f   libucrt:msize.obj
 0001:0000acc8       _msize_base                000000014000bcc8 f   libucrt:msize.obj
 0001:0000ad04       _realloc_base              000000014000bd04 f   libucrt:realloc_base.obj
 0001:0000ae0c       _commit                    000000014000be0c f   libucrt:commit.obj
 0001:0000b458       _write                     000000014000c458 f   libucrt:write.obj
 0001:0000b544       _write_nolock              000000014000c544 f   libucrt:write.obj
 0001:0000b888       _fcloseall                 000000014000c888 f   libucrt:closeall.obj
 0001:0000b93c       __acrt_stdio_free_buffer_nolock 000000014000c93c f   libucrt:_freebuf.obj
 0001:0000b97c       _isatty                    000000014000c97c f   libucrt:isatty.obj
 0001:0000b9dc       _isleadbyte_l              000000014000c9dc f i libucrt:_wctype.obj
 0001:0000ba1c       __acrt_MultiByteToWideChar 000000014000ca1c f   libucrt:multibytetowidechar.obj
 0001:0000ba24       _raise_exc                 000000014000ca24 f   libucrt:fpexcept.obj
 0001:0000ba4c       _raise_exc_ex              000000014000ca4c f   libucrt:fpexcept.obj
 0001:0000bd54       _raise_excf                000000014000cd54 f   libucrt:fpexcept.obj
 0001:0000bd80       _set_errno_from_matherr    000000014000cd80 f   libucrt:fpexcept.obj
 0001:0000bdb0       _clrfp                     000000014000cdb0 f   libucrt:fpctrl.obj
 0001:0000bdd0       _ctrlfp                    000000014000cdd0 f   libucrt:fpctrl.obj
 0001:0000be4c       _set_statfp                000000014000ce4c f   libucrt:fpctrl.obj
 0001:0000be6c       _statfp                    000000014000ce6c f   libucrt:fpctrl.obj
 0001:0000be80       __strncnt                  000000014000ce80 f   libucrt:strncnt.obj
 0001:0000bf34       _lseeki64_nolock           000000014000cf34 f   libucrt:lseek.obj
 0001:0000bf3c       _putwch_nolock             000000014000cf3c f   libucrt:putwch.obj
 0001:0000bf78       _fclose_nolock             000000014000cf78 f   libucrt:fclose.obj
 0001:0000bffc       fclose                     000000014000cffc f   libucrt:fclose.obj
 0001:0000c060       log10                      000000014000d060 f   libucrt:log10.obj
 0001:0000c620       _get_fpsr                  000000014000d620 f   libucrt:fpsr.obj
 0001:0000c630       _set_fpsr                  000000014000d630 f   libucrt:fpsr.obj
 0001:0000c63a       _fclrf                     000000014000d63a f   libucrt:fpsr.obj
 0001:0000c64e       _frnd                      000000014000d64e f   libucrt:fpsr.obj
 0001:0000c670       __dcrt_lowio_ensure_console_output_initialized 000000014000d670 f   libucrt:initcon.obj
 0001:0000c6c4       __dcrt_terminate_console_output 000000014000d6c4 f   libucrt:initcon.obj
 0001:0000c6e0       __dcrt_write_console_w     000000014000d6e0 f   libucrt:initcon.obj
 0001:0000c814       _close                     000000014000d814 f   libucrt:close.obj
 0001:0000c8b8       _close_nolock              000000014000d8b8 f   libucrt:close.obj
 0001:0000c974       ?__acrt_stdio_free_stream@@YAXV__crt_stdio_stream@@@Z 000000014000d974 f   libucrt:stream.obj
 0001:0000c990       _log10_special             000000014000d990 f   libucrt:log_special.obj
 0001:0000ca50       _FindPESection             000000014000da50 f   LIBCMT:pesect.obj
 0001:0000caa0       _IsNonwritableInCurrentImage 000000014000daa0 f   LIBCMT:pesect.obj
 0001:0000caf0       _ValidateImageBase         000000014000daf0 f   LIBCMT:pesect.obj
 0001:0000cb30       __chkstk                   000000014000db30 f   LIBCMT:_chkstk_.obj
 0001:0000cb30       _alloca_probe              000000014000db30 f   LIBCMT:_chkstk_.obj
 0001:0000cb81       RtlUnwindEx                000000014000db81 f   kernel32:KERNEL32.dll
 0001:0000cba0       memcmp                     000000014000dba0 f   libvcruntime:memcmp.obj
 0001:0000cc80       _guard_dispatch_icall_nop  000000014000dc80 f   LIBCMT:_guard_dispatch_.obj
 0001:0000cca0       __guard_ss_verify_failure  000000014000dca0 f   LIBCMT:_rfgfailure_.obj
 0001:0000ccab       __guard_ss_verify_failure_rcx 000000014000dcab     LIBCMT:_rfgfailure_.obj
 0001:0000ccb1       __guard_ss_verify_failure_rdx 000000014000dcb1     LIBCMT:_rfgfailure_.obj
 0001:0000ccb7       __guard_ss_verify_failure_r8 000000014000dcb7     LIBCMT:_rfgfailure_.obj
 0001:0000ccbd       __guard_ss_verify_failure_r9 000000014000dcbd     LIBCMT:_rfgfailure_.obj
 0001:0000ccc3       __guard_ss_verify_failure_r10 000000014000dcc3     LIBCMT:_rfgfailure_.obj
 0001:0000ccd0       __guard_ss_verify_failure_default 000000014000dcd0 f   LIBCMT:_rfgfailure_.obj
 0001:0000cd30       __guard_ss_verify_sp       000000014000dd30 f   LIBCMT:_rfgfailure_.obj
 0001:0000cd40       __guard_ss_verify_sp_default 000000014000dd40 f   LIBCMT:_rfgfailure_.obj
 0002:00000000       __imp_StretchDIBits        000000014000e000     gdi32:GDI32.dll
 0002:00000008       \177GDI32_NULL_THUNK_DATA  000000014000e008     gdi32:GDI32.dll
 0002:00000010       __imp_SetFilePointerEx     000000014000e010     kernel32:KERNEL32.dll
 0002:00000018       __imp_GetConsoleMode       000000014000e018     kernel32:KERNEL32.dll
 0002:00000020       __imp_GetConsoleCP         000000014000e020     kernel32:KERNEL32.dll
 0002:00000028       __imp_FlushFileBuffers     000000014000e028     kernel32:KERNEL32.dll
 0002:00000030       __imp_CreateFileW          000000014000e030     kernel32:KERNEL32.dll
 0002:00000038       __imp_HeapSize             000000014000e038     kernel32:KERNEL32.dll
 0002:00000040       __imp_GetProcessHeap       000000014000e040     kernel32:KERNEL32.dll
 0002:00000048       __imp_LCMapStringW         000000014000e048     kernel32:KERNEL32.dll
 0002:00000050       __imp_HeapReAlloc          000000014000e050     kernel32:KERNEL32.dll
 0002:00000058       __imp_TlsFree              000000014000e058     kernel32:KERNEL32.dll
 0002:00000060       __imp_CreateFileA          000000014000e060     kernel32:KERNEL32.dll
 0002:00000068       __imp_GetFileSizeEx        000000014000e068     kernel32:KERNEL32.dll
 0002:00000070       __imp_ReadFile             000000014000e070     kernel32:KERNEL32.dll
 0002:00000078       __imp_WriteFile            000000014000e078     kernel32:KERNEL32.dll
 0002:00000080       __imp_OutputDebugStringA   000000014000e080     kernel32:KERNEL32.dll
 0002:00000088       __imp_CloseHandle          000000014000e088     kernel32:KERNEL32.dll
 0002:00000090       __imp_QueryPerformanceCounter 000000014000e090     kernel32:KERNEL32.dll
 0002:00000098       __imp_QueryPerformanceFrequency 000000014000e098     kernel32:KERNEL32.dll
 0002:000000a0       __imp_VirtualAlloc         000000014000e0a0     kernel32:KERNEL32.dll
 0002:000000a8       __imp_VirtualFree          000000014000e0a8     kernel32:KERNEL32.dll
 0002:000000b0       __imp_GetProcAddress       000000014000e0b0     kernel32:KERNEL32.dll
 0002:000000b8       __imp_LoadLibraryA         000000014000e0b8     kernel32:KERNEL32.dll
 0002:000000c0       __imp_RtlCaptureContext    000000014000e0c0     kernel32:KERNEL32.dll
 0002:000000c8       __imp_RtlLookupFunctionEntry 000000014000e0c8     kernel32:KERNEL32.dll
 0002:000000d0       __imp_RtlVirtualUnwind     000000014000e0d0     kernel32:KERNEL32.dll
 0002:000000d8       __imp_UnhandledExceptionFilter 000000014000e0d8     kernel32:KERNEL32.dll
 0002:000000e0       __imp_SetUnhandledExceptionFilter 000000014000e0e0     kernel32:KERNEL32.dll
 0002:000000e8       __imp_GetCurrentProcess    000000014000e0e8     kernel32:KERNEL32.dll
 0002:000000f0       __imp_TerminateProcess     000000014000e0f0     kernel32:KERNEL32.dll
 0002:000000f8       __imp_IsProcessorFeaturePresent 000000014000e0f8     kernel32:KERNEL32.dll
 0002:00000100       __imp_GetCurrentProcessId  000000014000e100     kernel32:KERNEL32.dll
 0002:00000108       __imp_GetCurrentThreadId   000000014000e108     kernel32:KERNEL32.dll
 0002:00000110       __imp_GetSystemTimeAsFileTime 000000014000e110     kernel32:KERNEL32.dll
 0002:00000118       __imp_InitializeSListHead  000000014000e118     kernel32:KERNEL32.dll
 0002:00000120       __imp_IsDebuggerPresent    000000014000e120     kernel32:KERNEL32.dll
 0002:00000128       __imp_GetStartupInfoW      000000014000e128     kernel32:KERNEL32.dll
 0002:00000130       __imp_GetModuleHandleW     000000014000e130     kernel32:KERNEL32.dll
 0002:00000138       __imp_RtlUnwindEx          000000014000e138     kernel32:KERNEL32.dll
 0002:00000140       __imp_GetLastError         000000014000e140     kernel32:KERNEL32.dll
 0002:00000148       __imp_SetLastError         000000014000e148     kernel32:KERNEL32.dll
 0002:00000150       __imp_EnterCriticalSection 000000014000e150     kernel32:KERNEL32.dll
 0002:00000158       __imp_LeaveCriticalSection 000000014000e158     kernel32:KERNEL32.dll
 0002:00000160       __imp_DeleteCriticalSection 000000014000e160     kernel32:KERNEL32.dll
 0002:00000168       __imp_InitializeCriticalSectionAndSpinCount 000000014000e168     kernel32:KERNEL32.dll
 0002:00000170       __imp_TlsAlloc             000000014000e170     kernel32:KERNEL32.dll
 0002:00000178       __imp_TlsGetValue          000000014000e178     kernel32:KERNEL32.dll
 0002:00000180       __imp_TlsSetValue          000000014000e180     kernel32:KERNEL32.dll
 0002:00000188       __imp_WriteConsoleW        000000014000e188     kernel32:KERNEL32.dll
 0002:00000190       __imp_FreeLibrary          000000014000e190     kernel32:KERNEL32.dll
 0002:00000198       __imp_LoadLibraryExW       000000014000e198     kernel32:KERNEL32.dll
 0002:000001a0       __imp_RaiseException       000000014000e1a0     kernel32:KERNEL32.dll
 0002:000001a8       __imp_GetStdHandle         000000014000e1a8     kernel32:KERNEL32.dll
 0002:000001b0       __imp_GetModuleFileNameA   000000014000e1b0     kernel32:KERNEL32.dll
 0002:000001b8       __imp_MultiByteToWideChar  000000014000e1b8     kernel32:KERNEL32.dll
 0002:000001c0       __imp_WideCharToMultiByte  000000014000e1c0     kernel32:KERNEL32.dll
 0002:000001c8       __imp_ExitProcess          000000014000e1c8     kernel32:KERNEL32.dll
 0002:000001d0       __imp_GetModuleHandleExW   000000014000e1d0     kernel32:KERNEL32.dll
 0002:000001d8       __imp_GetACP               000000014000e1d8     kernel32:KERNEL32.dll
 0002:000001e0       __imp_HeapFree             000000014000e1e0     kernel32:KERNEL32.dll
 0002:000001e8       __imp_HeapAlloc            000000014000e1e8     kernel32:KERNEL32.dll
 0002:000001f0       __imp_FindClose            000000014000e1f0     kernel32:KERNEL32.dll
 0002:000001f8       __imp_FindFirstFileExA     000000014000e1f8     kernel32:KERNEL32.dll
 0002:00000200       __imp_FindNextFileA        000000014000e200     kernel32:KERNEL32.dll
 0002:00000208       __imp_IsValidCodePage      000000014000e208     kernel32:KERNEL32.dll
 0002:00000210       __imp_GetOEMCP             000000014000e210     kernel32:KERNEL32.dll
 0002:00000218       __imp_GetCPInfo            000000014000e218     kernel32:KERNEL32.dll
 0002:00000220       __imp_GetCommandLineA      000000014000e220     kernel32:KERNEL32.dll
 0002:00000228       __imp_GetCommandLineW      000000014000e228     kernel32:KERNEL32.dll
 0002:00000230       __imp_GetEnvironmentStringsW 000000014000e230     kernel32:KERNEL32.dll
 0002:00000238       __imp_FreeEnvironmentStringsW 000000014000e238     kernel32:KERNEL32.dll
 0002:00000240       __imp_SetStdHandle         000000014000e240     kernel32:KERNEL32.dll
 0002:00000248       __imp_GetFileType          000000014000e248     kernel32:KERNEL32.dll
 0002:00000250       __imp_GetStringTypeW       000000014000e250     kernel32:KERNEL32.dll
 0002:00000258       \177KERNEL32_NULL_THUNK_DATA 000000014000e258     kernel32:KERNEL32.dll
 0002:00000260       __imp_DispatchMessageA     000000014000e260     user32:USER32.dll
 0002:00000268       __imp_GetClientRect        000000014000e268     user32:USER32.dll
 0002:00000270       __imp_EndPaint             000000014000e270     user32:USER32.dll
 0002:00000278       __imp_BeginPaint           000000014000e278     user32:USER32.dll
 0002:00000280       __imp_GetDC                000000014000e280     user32:USER32.dll
 0002:00000288       __imp_CreateWindowExA      000000014000e288     user32:USER32.dll
 0002:00000290       __imp_RegisterClassA       000000014000e290     user32:USER32.dll
 0002:00000298       __imp_DefWindowProcA       000000014000e298     user32:USER32.dll
 0002:000002a0       __imp_PeekMessageA         000000014000e2a0     user32:USER32.dll
 0002:000002a8       __imp_TranslateMessage     000000014000e2a8     user32:USER32.dll
 0002:000002b0       \177USER32_NULL_THUNK_DATA 000000014000e2b0     user32:USER32.dll
 0002:000002b8       __guard_check_icall_fptr   000000014000e2b8     LIBCMT:guard_support.obj
 0002:000002c0       __guard_dispatch_icall_fptr 000000014000e2c0     LIBCMT:guard_support.obj
 0002:000002c8       __guard_ss_verify_failure_fptr 000000014000e2c8     LIBCMT:guard_support.obj
 0002:000002d0       __guard_ss_verify_sp_fptr  000000014000e2d0     LIBCMT:guard_support.obj
 0002:000002d8       __xc_a                     000000014000e2d8     LIBCMT:initializers.obj
 0002:000002e8       __xc_z                     000000014000e2e8     LIBCMT:initializers.obj
 0002:000002f0       __xi_a                     000000014000e2f0     LIBCMT:initializers.obj
 0002:00000308       __acrt_tran_fma3_initializer 000000014000e308     libucrt:fma3_initializer.obj
 0002:00000310       __acrt_multibyte_initializer 000000014000e310     libucrt:multibyte_initializer.obj
 0002:00000318       __acrt_stdio_initializer   000000014000e318     libucrt:stdio_initializer.obj
 0002:00000320       __xi_z                     000000014000e320     LIBCMT:initializers.obj
 0002:00000328       __xp_a                     000000014000e328     LIBCMT:initializers.obj
 0002:00000330       __acrt_locale_terminator   000000014000e330     libucrt:locale_initializer.obj
 0002:00000338       __dcrt_console_output_terminator 000000014000e338     libucrt:console_output_initializer.obj
 0002:00000340       __acrt_stdio_terminator    000000014000e340     libucrt:stdio_initializer.obj
 0002:00000348       __xp_z                     000000014000e348     LIBCMT:initializers.obj
 0002:00000350       __xt_a                     000000014000e350     LIBCMT:initializers.obj
 0002:00000358       __xt_z                     000000014000e358     LIBCMT:initializers.obj
 0002:000004e4       __real@3f000000            000000014000e4e4     win32_handmade.obj
 0002:000004e8       __real@3f800000            000000014000e4e8     win32_handmade.obj
 0002:000004ec       __real@40800000            000000014000e4ec     win32_handmade.obj
 0002:000004f0       __real@40c90fdb            000000014000e4f0     win32_handmade.obj
 0002:000004f8       __real@412e848000000000    000000014000e4f8     win32_handmade.obj
 0002:00000500       __real@43000000            000000014000e500     win32_handmade.obj
 0002:00000508       __real@43f0000000000000    000000014000e508     win32_handmade.obj
 0002:00000510       __real@447a0000            000000014000e510     win32_handmade.obj
 0002:00000514       __real@46fffe00            000000014000e514     win32_handmade.obj
 0002:00000518       __real@47000000            000000014000e518     win32_handmade.obj
 0002:0000051c       __real@bf800000            000000014000e51c     win32_handmade.obj
 0002:00000520       __xmm@80000000800000008000000080000000 000000014000e520     win32_handmade.obj
 0002:00000558       ??_C@_1DM@KHCHBNEB@?$AAa?$AAp?$AAi?$AA?9?$AAm?$AAs?$AA?9?$AAw?$AAi?$AAn?$AA?9?$AAc?$AAo?$AAr?$AAe?$AA?9?$AAf?$AAi?$AAb?$AAe?$AAr?$AAs?$AA?9?$AAl?$AA1?$AA?9?$AA1?$AA?9?$AA1?$AA?$AA@ 000000014000e558     libvcruntime:winapi_downlevel.obj
 0002:00000598       ??_C@_1DK@LPPGFMPP@?$AAa?$AAp?$AAi?$AA?9?$AAm?$AAs?$AA?9?$AAw?$AAi?$AAn?$AA?9?$AAc?$AAo?$AAr?$AAe?$AA?9?$AAs?$AAy?$AAn?$AAc?$AAh?$AA?9?$AAl?$AA1?$AA?9?$AA2?$AA?9?$AA0?$AA?$AA@ 000000014000e598     libvcruntime:winapi_downlevel.obj
 0002:000005d8       ??_C@_1BC@GDMECMAK@?$AAk?$AAe?$AAr?$AAn?$AAe?$AAl?$AA3?$AA2?$AA?$AA@ 000000014000e5d8     libvcruntime:winapi_downlevel.obj
 0002:000005f0       ??_C@_1BA@PFFKHIOG@?$AAa?$AAp?$AAi?$AA?9?$AAm?$AAs?$AA?9?$AA?$AA@ 000000014000e5f0     libvcruntime:winapi_downlevel.obj
 0002:00000600       ??_C@_1BA@IAIFMGEF@?$AAe?$AAx?$AAt?$AA?9?$AAm?$AAs?$AA?9?$AA?$AA@ 000000014000e600     libvcruntime:winapi_downlevel.obj
 0002:00000618       ??_C@_08KNHFBNJ@FlsAlloc?$AA@ 000000014000e618     libvcruntime:winapi_downlevel.obj
 0002:00000630       ??_C@_07PEJMOBNF@FlsFree?$AA@ 000000014000e630     libvcruntime:winapi_downlevel.obj
 0002:00000638       ??_C@_0M@GDNOONDI@FlsGetValue?$AA@ 000000014000e638     libvcruntime:winapi_downlevel.obj
 0002:00000650       ??_C@_0M@JCPCPOEF@FlsSetValue?$AA@ 000000014000e650     libvcruntime:winapi_downlevel.obj
 0002:00000668       ??_C@_0BM@HCFOFFN@InitializeCriticalSectionEx?$AA@ 000000014000e668     libvcruntime:winapi_downlevel.obj
 0002:000009b8       ??_C@_08EHJDFFNH@__based?$CI?$AA@ 000000014000e9b8     libvcruntime:undname.obj
 0002:000009c8       ??_C@_07KOLFKCDI@__cdecl?$AA@ 000000014000e9c8     libvcruntime:undname.obj
 0002:000009d0       ??_C@_08GHMPAG@__pascal?$AA@ 000000014000e9d0     libvcruntime:undname.obj
 0002:000009e0       ??_C@_09IFJBGAPI@__stdcall?$AA@ 000000014000e9e0     libvcruntime:undname.obj
 0002:000009f0       ??_C@_0L@NPHFGOKO@__thiscall?$AA@ 000000014000e9f0     libvcruntime:undname.obj
 0002:00000a00       ??_C@_0L@JMKHOMEK@__fastcall?$AA@ 000000014000ea00     libvcruntime:undname.obj
 0002:00000a10       ??_C@_0N@BCKKPABJ@__vectorcall?$AA@ 000000014000ea10     libvcruntime:undname.obj
 0002:00000a20       ??_C@_09HIJEGCPM@__clrcall?$AA@ 000000014000ea20     libvcruntime:undname.obj
 0002:00000a2c       ??_C@_06GHPCKEAG@__eabi?$AA@ 000000014000ea2c     libvcruntime:undname.obj
 0002:00000a38       ??_C@_07JOMMBBKO@__ptr64?$AA@ 000000014000ea38     libvcruntime:undname.obj
 0002:00000a40       ??_C@_0L@PILCLIHE@__restrict?$AA@ 000000014000ea40     libvcruntime:undname.obj
 0002:00000a50       ??_C@_0M@GFIIJFMG@__unaligned?$AA@ 000000014000ea50     libvcruntime:undname.obj
 0002:00000a60       ??_C@_09DHDLOLLB@restrict?$CI?$AA@ 000000014000ea60     libvcruntime:undname.obj
 0002:00000a6a       ??_C@_00CNPNBAHC@?$AA@     000000014000ea6a     libvcruntime:undname.obj
 0002:00000a6c       ??_C@_04NIHEBCM@?5new?$AA@ 000000014000ea6c     libvcruntime:undname.obj
 0002:00000a78       ??_C@_07FPCDHGMM@?5delete?$AA@ 000000014000ea78     libvcruntime:undname.obj
 0002:00000a80       ??_C@_01NEMOKFLO@?$DN?$AA@ 000000014000ea80     libvcruntime:undname.obj
 0002:00000a84       ??_C@_02GPIOPFAK@?$DO?$DO?$AA@ 000000014000ea84     libvcruntime:undname.obj
 0002:00000a88       ??_C@_02FODMEDOG@?$DM?$DM?$AA@ 000000014000ea88     libvcruntime:undname.obj
 0002:00000a8c       ??_C@_01DCLJPIOD@?$CB?$AA@ 000000014000ea8c     libvcruntime:undname.obj
 0002:00000a90       ??_C@_02EGOFBIJA@?$DN?$DN?$AA@ 000000014000ea90     libvcruntime:undname.obj
 0002:00000a94       ??_C@_02FDNJECIE@?$CB?$DN?$AA@ 000000014000ea94     libvcruntime:undname.obj
 0002:00000a98       ??_C@_02GPECMEKF@?$FL?$FN?$AA@ 000000014000ea98     libvcruntime:undname.obj
 0002:00000aa0       ??_C@_08LHJFAFGD@operator?$AA@ 000000014000eaa0     libvcruntime:undname.obj
 0002:00000aac       ??_C@_02HBOOOICD@?9?$DO?$AA@ 000000014000eaac     libvcruntime:undname.obj
 0002:00000ab0       ??_C@_01NBENCBCI@?$CK?$AA@ 000000014000eab0     libvcruntime:undname.obj
 0002:00000ab4       ??_C@_02ECNGHCIF@?$CL?$CL?$AA@ 000000014000eab4     libvcruntime:undname.obj
 0002:00000ab8       ??_C@_02BAABKJLB@?9?9?$AA@ 000000014000eab8     libvcruntime:undname.obj
 0002:00000abc       ??_C@_01JOAMLHOP@?9?$AA@   000000014000eabc     libvcruntime:undname.obj
 0002:00000ac0       ??_C@_01MIFGBAGJ@?$CL?$AA@ 000000014000eac0     libvcruntime:undname.obj
 0002:00000ac4       ??_C@_01HNPIGOCE@?$CG?$AA@ 000000014000eac4     libvcruntime:undname.obj
 0002:00000ac8       ??_C@_03MNHNFDLC@?9?$DO?$CK?$AA@ 000000014000eac8     libvcruntime:undname.obj
 0002:00000acc       ??_C@_01KMDKNFGN@?1?$AA@   000000014000eacc     libvcruntime:undname.obj
 0002:00000ad0       ??_C@_01FGNFDNOH@?$CF?$AA@ 000000014000ead0     libvcruntime:undname.obj
 0002:00000ad4       ??_C@_01MNNFJEPP@?$DM?$AA@ 000000014000ead4     libvcruntime:undname.obj
 0002:00000ad8       ??_C@_02EHCHHCKH@?$DM?$DN?$AA@ 000000014000ead8     libvcruntime:undname.obj
 0002:00000adc       ??_C@_01PPODPGHN@?$DO?$AA@ 000000014000eadc     libvcruntime:undname.obj
 0002:00000ae0       ??_C@_02EEKDKGMJ@?$DO?$DN?$AA@ 000000014000eae0     libvcruntime:undname.obj
 0002:00000ae4       ??_C@_01IHBHIGKO@?0?$AA@   000000014000eae4     libvcruntime:undname.obj
 0002:00000ae8       ??_C@_02HCKGKOFO@?$CI?$CJ?$AA@ 000000014000eae8     libvcruntime:undname.obj
 0002:00000aec       ??_C@_01PJKLJHI@?$HO?$AA@  000000014000eaec     libvcruntime:undname.obj
 0002:00000af0       ??_C@_01JKBOJNNK@?$FO?$AA@ 000000014000eaf0     libvcruntime:undname.obj
 0002:00000af4       ??_C@_01DNKMNLPK@?$HM?$AA@ 000000014000eaf4     libvcruntime:undname.obj
 0002:00000af8       ??_C@_02PPKAJPJL@?$CG?$CG?$AA@ 000000014000eaf8     libvcruntime:undname.obj
 0002:00000afc       ??_C@_02NONPIBCD@?$HM?$HM?$AA@ 000000014000eafc     libvcruntime:undname.obj
 0002:00000b00       ??_C@_02FPIMKNGF@?$CK?$DN?$AA@ 000000014000eb00     libvcruntime:undname.obj
 0002:00000b04       ??_C@_02FOEOMHFC@?$CL?$DN?$AA@ 000000014000eb04     libvcruntime:undname.obj
 0002:00000b08       ??_C@_02FKMDLLOA@?9?$DN?$AA@ 000000014000eb08     libvcruntime:undname.obj
 0002:00000b0c       ??_C@_02FJEHGPIO@?1?$DN?$AA@ 000000014000eb0c     libvcruntime:undname.obj
 0002:00000b10       ??_C@_02FENAOKFI@?$CF?$DN?$AA@ 000000014000eb10     libvcruntime:undname.obj
 0002:00000b14       ??_C@_03IKFCCPFF@?$DO?$DO?$DN?$AA@ 000000014000eb14     libvcruntime:undname.obj
 0002:00000b18       ??_C@_03CDNPDDLA@?$DM?$DM?$DN?$AA@ 000000014000eb18     libvcruntime:undname.obj
 0002:00000b1c       ??_C@_02FGJGFEAB@?$CG?$DN?$AA@ 000000014000eb1c     libvcruntime:undname.obj
 0002:00000b20       ??_C@_02DHLNPPGH@?$HM?$DN?$AA@ 000000014000eb20     libvcruntime:undname.obj
 0002:00000b24       ??_C@_02MHEGNOJ@?$FO?$DN?$AA@ 000000014000eb24     libvcruntime:undname.obj
 0002:00000b28       ??_C@_09IFPLHPGF@?$GAvftable?8?$AA@ 000000014000eb28     libvcruntime:undname.obj
 0002:00000b38       ??_C@_09BLBHBJP@?$GAvbtable?8?$AA@ 000000014000eb38     libvcruntime:undname.obj
 0002:00000b48       ??_C@_07FEEIOKP@?$GAvcall?8?$AA@ 000000014000eb48     libvcruntime:undname.obj
 0002:00000b50       ??_C@_08LLFFHHDJ@?$GAtypeof?8?$AA@ 000000014000eb50     libvcruntime:undname.obj
 0002:00000b60       ??_C@_0BF@KDPPACIK@?$GAlocal?5static?5guard?8?$AA@ 000000014000eb60     libvcruntime:undname.obj
 0002:00000b78       ??_C@_08OBABFOLI@?$GAstring?8?$AA@ 000000014000eb78     libvcruntime:undname.obj
 0002:00000b88       ??_C@_0BD@JDLKDPAB@?$GAvbase?5destructor?8?$AA@ 000000014000eb88     libvcruntime:undname.obj
 0002:00000ba0       ??_C@_0BN@DEGPLNFK@?$GAvector?5deleting?5destructor?8?$AA@ 000000014000eba0     libvcruntime:undname.obj
 0002:00000bc0       ??_C@_0BO@OBMKPJIG@?$GAdefault?5constructor?5closure?8?$AA@ 000000014000ebc0     libvcruntime:undname.obj
 0002:00000be0       ??_C@_0BN@IMDCHIKM@?$GAscalar?5deleting?5destructor?8?$AA@ 000000014000ebe0     libvcruntime:undname.obj
 0002:00000c00       ??_C@_0BO@PFGOCPJJ@?$GAvector?5constructor?5iterator?8?$AA@ 000000014000ec00     libvcruntime:undname.obj
 0002:00000c20       ??_C@_0BN@LFPFMEDL@?$GAvector?5destructor?5iterator?8?$AA@ 000000014000ec20     libvcruntime:undname.obj
 0002:00000c40       ??_C@_0CE@IKBNEHA@?$GAvector?5vbase?5constructor?5iterat@ 000000014000ec40     libvcruntime:undname.obj
 0002:00000c68       ??_C@_0BL@NILFHHPC@?$GAvirtual?5displacement?5map?8?$AA@ 000000014000ec68     libvcruntime:undname.obj
 0002:00000c88       ??_C@_0CB@JONCMFFK@?$GAeh?5vector?5constructor?5iterator?8@ 000000014000ec88     libvcruntime:undname.obj
 0002:00000cb0       ??_C@_0CA@GCEOPDGL@?$GAeh?5vector?5destructor?5iterator?8?$AA@ 000000014000ecb0     libvcruntime:undname.obj
 0002:00000cd0       ??_C@_0CH@OOJPLCPH@?$GAeh?5vector?5vbase?5constructor?5ite@ 000000014000ecd0     libvcruntime:undname.obj
 0002:00000cf8       ??_C@_0BL@LLKPOHJI@?$GAcopy?5constructor?5closure?8?$AA@ 000000014000ecf8     libvcruntime:undname.obj
 0002:00000d18       ??_C@_0BA@KBCDOMBN@?$GAudt?5returning?8?$AA@ 000000014000ed18     libvcruntime:undname.obj
 0002:00000d28       ??_C@_03KLGMFNMG@?$GAEH?$AA@ 000000014000ed28     libvcruntime:undname.obj
 0002:00000d2c       ??_C@_05KHLCHHI@?$GARTTI?$AA@ 000000014000ed2c     libvcruntime:undname.obj
 0002:00000d38       ??_C@_0BA@KKLDJDLB@?$GAlocal?5vftable?8?$AA@ 000000014000ed38     libvcruntime:undname.obj
 0002:00000d48       ??_C@_0CE@IIHCMGGL@?$GAlocal?5vftable?5constructor?5closu@ 000000014000ed48     libvcruntime:undname.obj
 0002:00000d6c       ??_C@_06FHBGPFGH@?5new?$FL?$FN?$AA@ 000000014000ed6c     libvcruntime:undname.obj
 0002:00000d78       ??_C@_09LBNFPBCA@?5delete?$FL?$FN?$AA@ 000000014000ed78     libvcruntime:undname.obj
 0002:00000d88       ??_C@_0P@HJKNJFNN@?$GAomni?5callsig?8?$AA@ 000000014000ed88     libvcruntime:undname.obj
 0002:00000d98       ??_C@_0BL@CNOONJFP@?$GAplacement?5delete?5closure?8?$AA@ 000000014000ed98     libvcruntime:undname.obj
 0002:00000db8       ??_C@_0BN@CKNJLHMB@?$GAplacement?5delete?$FL?$FN?5closure?8?$AA@ 000000014000edb8     libvcruntime:undname.obj
 0002:00000dd8       ??_C@_0CG@CFDHKGGD@?$GAmanaged?5vector?5constructor?5iter@ 000000014000edd8     libvcruntime:undname.obj
 0002:00000e00       ??_C@_0CF@IMGKMJNO@?$GAmanaged?5vector?5destructor?5itera@ 000000014000ee00     libvcruntime:undname.obj
 0002:00000e28       ??_C@_0CG@HLDDJMAG@?$GAeh?5vector?5copy?5constructor?5iter@ 000000014000ee28     libvcruntime:undname.obj
 0002:00000e50       ??_C@_0CM@FCBBDIGB@?$GAeh?5vector?5vbase?5copy?5constructo@ 000000014000ee50     libvcruntime:undname.obj
 0002:00000e80       ??_C@_0BL@CLIPGLGB@?$GAdynamic?5initializer?5for?5?8?$AA@ 000000014000ee80     libvcruntime:undname.obj
 0002:00000ea0       ??_C@_0CB@PDBIFEP@?$GAdynamic?5atexit?5destructor?5for?5?8@ 000000014000eea0     libvcruntime:undname.obj
 0002:00000ec8       ??_C@_0CD@CGAJBKEJ@?$GAvector?5copy?5constructor?5iterato@ 000000014000eec8     libvcruntime:undname.obj
 0002:00000ef0       ??_C@_0CJ@GJELGAMM@?$GAvector?5vbase?5copy?5constructor?5i@ 000000014000eef0     libvcruntime:undname.obj
 0002:00000f20       ??_C@_0CL@FGIJHLCE@?$GAmanaged?5vector?5copy?5constructor@ 000000014000ef20     libvcruntime:undname.obj
 0002:00000f50       ??_C@_0BM@PMGGMLDN@?$GAlocal?5static?5thread?5guard?8?$AA@ 000000014000ef50     libvcruntime:undname.obj
 0002:00000f70       ??_C@_0N@BDNMDMOL@operator?5?$CC?$CC?5?$AA@ 000000014000ef70     libvcruntime:undname.obj
 0002:00000f80       ??_C@_0BC@GGEBGALA@operator?5co_await?$AA@ 000000014000ef80     libvcruntime:undname.obj
 0002:00000f98       ??_C@_0BC@DAFEJGAK@?5Type?5Descriptor?8?$AA@ 000000014000ef98     libvcruntime:undname.obj
 0002:00000fb0       ??_C@_0BM@LDKODKLH@?5Base?5Class?5Descriptor?5at?5?$CI?$AA@ 000000014000efb0     libvcruntime:undname.obj
 0002:00000fd0       ??_C@_0BD@LGICGFMM@?5Base?5Class?5Array?8?$AA@ 000000014000efd0     libvcruntime:undname.obj
 0002:00000fe8       ??_C@_0BN@MECKDCOJ@?5Class?5Hierarchy?5Descriptor?8?$AA@ 000000014000efe8     libvcruntime:undname.obj
 0002:00001008       ??_C@_0BK@CFCOFLF@?5Complete?5Object?5Locator?8?$AA@ 000000014000f008     libvcruntime:undname.obj
 0002:00001028       _pDestructExceptionObject  000000014000f028     libvcruntime:ehhelpers.obj
 0002:00001160       __acrt_exception_action_table 000000014000f160     libucrt:exception_filter.obj
 0002:00001220       __acrt_signal_action_table_count 000000014000f220     libucrt:exception_filter.obj
 0002:00001228       __acrt_signal_action_first_fpe_index 000000014000f228     libucrt:exception_filter.obj
 0002:00001230       __acrt_signal_action_fpe_count 000000014000f230     libucrt:exception_filter.obj
 0002:00001238       ??_C@_1BI@BGOHAHKC@?$AAm?$AAs?$AAc?$AAo?$AAr?$AAe?$AAe?$AA?4?$AAd?$AAl?$AAl?$AA?$AA@ 000000014000f238     libucrt:exit.obj
 0002:00001250       ??_C@_0P@MIGLKIOC@CorExitProcess?$AA@ 000000014000f250     libucrt:exit.obj
 0002:00001360       __Lcosfarray               000000014000f360     libucrt:lsincosf_array.obj
 0002:00001390       __Lsinfarray               000000014000f390     libucrt:lsincosf_array.obj
 0002:000013b0       __L_2_by_pi_bits           000000014000f3b0     libucrt:l2_by_pi_bits.obj
 0002:00001500       ??_C@_04LAGPAAHP@sinf?$AA@ 000000014000f500     libucrt:sincos_special.obj
 0002:00001690       ??_C@_1M@HPNHIDJI@?$AAj?$AAa?$AA?9?$AAJ?$AAP?$AA?$AA@ 000000014000f690     libucrt:mbctype.obj
 0002:000016a0       ??_C@_1M@BIBDDEMK@?$AAz?$AAh?$AA?9?$AAC?$AAN?$AA?$AA@ 000000014000f6a0     libucrt:mbctype.obj
 0002:000016b0       ??_C@_1M@JLOOOEGK@?$AAk?$AAo?$AA?9?$AAK?$AAR?$AA?$AA@ 000000014000f6b0     libucrt:mbctype.obj
 0002:000016c0       ??_C@_1M@CLNBBOPM@?$AAz?$AAh?$AA?9?$AAT?$AAW?$AA?$AA@ 000000014000f6c0     libucrt:mbctype.obj
 0002:000016d0       __lc_time_c                000000014000f6d0     libucrt:nlsdata.obj
 0002:00001990       ??_C@_03KOEHGMDN@Sun?$AA@  000000014000f990     libucrt:nlsdata.obj
 0002:00001994       ??_C@_03PDAGKDH@Mon?$AA@   000000014000f994     libucrt:nlsdata.obj
 0002:00001998       ??_C@_03NAGEINEP@Tue?$AA@  000000014000f998     libucrt:nlsdata.obj
 0002:0000199c       ??_C@_03MHOMLAJA@Wed?$AA@  000000014000f99c     libucrt:nlsdata.obj
 0002:000019a0       ??_C@_03IOFIKPDN@Thu?$AA@  000000014000f9a0     libucrt:nlsdata.obj
 0002:000019a4       ??_C@_03IDIOELNC@Fri?$AA@  000000014000f9a4     libucrt:nlsdata.obj
 0002:000019a8       ??_C@_03FEFJNEK@Sat?$AA@   000000014000f9a8     libucrt:nlsdata.obj
 0002:000019ac       ??_C@_06OOPIFAJ@Sunday?$AA@ 000000014000f9ac     libucrt:nlsdata.obj
 0002:000019b4       ??_C@_06JLEDEDGH@Monday?$AA@ 000000014000f9b4     libucrt:nlsdata.obj
 0002:000019c0       ??_C@_07BAAGCFCM@Tuesday?$AA@ 000000014000f9c0     libucrt:nlsdata.obj
 0002:000019c8       ??_C@_09DLIGFAKA@Wednesday?$AA@ 000000014000f9c8     libucrt:nlsdata.obj
 0002:000019d8       ??_C@_08HACCIKIA@Thursday?$AA@ 000000014000f9d8     libucrt:nlsdata.obj
 0002:000019e4       ??_C@_06JECMNKMI@Friday?$AA@ 000000014000f9e4     libucrt:nlsdata.obj
 0002:000019f0       ??_C@_08INBOOONO@Saturday?$AA@ 000000014000f9f0     libucrt:nlsdata.obj
 0002:000019fc       ??_C@_03JIHJHPIE@Jan?$AA@  000000014000f9fc     libucrt:nlsdata.obj
 0002:00001a00       ??_C@_03HJBDCHOM@Feb?$AA@  000000014000fa00     libucrt:nlsdata.obj
 0002:00001a04       ??_C@_03ODNJBKGA@Mar?$AA@  000000014000fa04     libucrt:nlsdata.obj
 0002:00001a08       ??_C@_03LEOLGMJP@Apr?$AA@  000000014000fa08     libucrt:nlsdata.obj
 0002:00001a0c       ??_C@_03CNMDKL@May?$AA@    000000014000fa0c     libucrt:nlsdata.obj
 0002:00001a10       ??_C@_03IDFGHECI@Jun?$AA@  000000014000fa10     libucrt:nlsdata.obj
 0002:00001a14       ??_C@_03LBGABGKK@Jul?$AA@  000000014000fa14     libucrt:nlsdata.obj
 0002:00001a18       ??_C@_03IFJFEIGA@Aug?$AA@  000000014000fa18     libucrt:nlsdata.obj
 0002:00001a1c       ??_C@_03GGCAPAJC@Sep?$AA@  000000014000fa1c     libucrt:nlsdata.obj
 0002:00001a20       ??_C@_03BMAOKBAD@Oct?$AA@  000000014000fa20     libucrt:nlsdata.obj
 0002:00001a24       ??_C@_03JPJOFNIA@Nov?$AA@  000000014000fa24     libucrt:nlsdata.obj
 0002:00001a28       ??_C@_03MKABNOCG@Dec?$AA@  000000014000fa28     libucrt:nlsdata.obj
 0002:00001a30       ??_C@_07CGJPFGJA@January?$AA@ 000000014000fa30     libucrt:nlsdata.obj
 0002:00001a38       ??_C@_08GNJGEPFN@February?$AA@ 000000014000fa38     libucrt:nlsdata.obj
 0002:00001a44       ??_C@_05HPCKOFNC@March?$AA@ 000000014000fa44     libucrt:nlsdata.obj
 0002:00001a4c       ??_C@_05DMJDNLEJ@April?$AA@ 000000014000fa4c     libucrt:nlsdata.obj
 0002:00001a54       ??_C@_04CNLMGBGM@June?$AA@ 000000014000fa54     libucrt:nlsdata.obj
 0002:00001a5c       ??_C@_04MIEPOIFP@July?$AA@ 000000014000fa5c     libucrt:nlsdata.obj
 0002:00001a64       ??_C@_06LBBHFDDG@August?$AA@ 000000014000fa64     libucrt:nlsdata.obj
 0002:00001a70       ??_C@_09BHHEALKD@September?$AA@ 000000014000fa70     libucrt:nlsdata.obj
 0002:00001a80       ??_C@_07JJNFCEND@October?$AA@ 000000014000fa80     libucrt:nlsdata.obj
 0002:00001a88       ??_C@_08HCHEGEOA@November?$AA@ 000000014000fa88     libucrt:nlsdata.obj
 0002:00001a98       ??_C@_08EDHMEBNP@December?$AA@ 000000014000fa98     libucrt:nlsdata.obj
 0002:00001aa4       ??_C@_02DEDBPAFC@AM?$AA@   000000014000faa4     libucrt:nlsdata.obj
 0002:00001aa8       ??_C@_02CJNFDJBF@PM?$AA@   000000014000faa8     libucrt:nlsdata.obj
 0002:00001ab0       ??_C@_08BPBNCDIB@MM?1dd?1yy?$AA@ 000000014000fab0     libucrt:nlsdata.obj
 0002:00001ac0       ??_C@_0BE@CKGJFCPC@dddd?0?5MMMM?5dd?0?5yyyy?$AA@ 000000014000fac0     libucrt:nlsdata.obj
 0002:00001ad8       ??_C@_08JCCMCCIL@HH?3mm?3ss?$AA@ 000000014000fad8     libucrt:nlsdata.obj
 0002:00001ae8       ??_C@_17MBGCMIPB@?$AAS?$AAu?$AAn?$AA?$AA@ 000000014000fae8     libucrt:nlsdata.obj
 0002:00001af0       ??_C@_17KBOMKBF@?$AAM?$AAo?$AAn?$AA?$AA@ 000000014000faf0     libucrt:nlsdata.obj
 0002:00001af8       ??_C@_17BMKGEGOJ@?$AAT?$AAu?$AAe?$AA?$AA@ 000000014000faf8     libucrt:nlsdata.obj
 0002:00001b00       ??_C@_17CJEDCEPE@?$AAW?$AAe?$AAd?$AA?$AA@ 000000014000fb00     libucrt:nlsdata.obj
 0002:00001b08       ??_C@_17PDPHAADD@?$AAT?$AAh?$AAu?$AA?$AA@ 000000014000fb08     libucrt:nlsdata.obj
 0002:00001b10       ??_C@_17HFOLPPLP@?$AAF?$AAr?$AAi?$AA?$AA@ 000000014000fb10     libucrt:nlsdata.obj
 0002:00001b18       ??_C@_17GGIBDPIH@?$AAS?$AAa?$AAt?$AA?$AA@ 000000014000fb18     libucrt:nlsdata.obj
 0002:00001b20       ??_C@_1O@IHNHDHPB@?$AAS?$AAu?$AAn?$AAd?$AAa?$AAy?$AA?$AA@ 000000014000fb20     libucrt:nlsdata.obj
 0002:00001b30       ??_C@_1O@MMNBFLIA@?$AAM?$AAo?$AAn?$AAd?$AAa?$AAy?$AA?$AA@ 000000014000fb30     libucrt:nlsdata.obj
 0002:00001b40       ??_C@_1BA@ENFBFFEK@?$AAT?$AAu?$AAe?$AAs?$AAd?$AAa?$AAy?$AA?$AA@ 000000014000fb40     libucrt:nlsdata.obj
 0002:00001b50       ??_C@_1BE@EBOGMDOH@?$AAW?$AAe?$AAd?$AAn?$AAe?$AAs?$AAd?$AAa?$AAy?$AA?$AA@ 000000014000fb50     libucrt:nlsdata.obj
 0002:00001b68       ??_C@_1BC@HHMNLIHE@?$AAT?$AAh?$AAu?$AAr?$AAs?$AAd?$AAa?$AAy?$AA?$AA@ 000000014000fb68     libucrt:nlsdata.obj
 0002:00001b80       ??_C@_1O@PDICJHAG@?$AAF?$AAr?$AAi?$AAd?$AAa?$AAy?$AA?$AA@ 000000014000fb80     libucrt:nlsdata.obj
 0002:00001b90       ??_C@_1BC@ENMNNPAJ@?$AAS?$AAa?$AAt?$AAu?$AAr?$AAd?$AAa?$AAy?$AA?$AA@ 000000014000fb90     libucrt:nlsdata.obj
 0002:00001ba8       ??_C@_17DKNBKCHM@?$AAJ?$AAa?$AAn?$AA?$AA@ 000000014000fba8     libucrt:nlsdata.obj
 0002:00001bb0       ??_C@_17LMDJEKJN@?$AAF?$AAe?$AAb?$AA?$AA@ 000000014000fbb0     libucrt:nlsdata.obj
 0002:00001bb8       ??_C@_17CKNLEDEC@?$AAM?$AAa?$AAr?$AA?$AA@ 000000014000fbb8     libucrt:nlsdata.obj
 0002:00001bc0       ??_C@_17LFPOIHDD@?$AAA?$AAp?$AAr?$AA?$AA@ 000000014000fbc0     libucrt:nlsdata.obj
 0002:00001bc8       ??_C@_17PNNKMEED@?$AAM?$AAa?$AAy?$AA?$AA@ 000000014000fbc8     libucrt:nlsdata.obj
 0002:00001bd0       ??_C@_17KCJGOCPB@?$AAJ?$AAu?$AAn?$AA?$AA@ 000000014000fbd0     libucrt:nlsdata.obj
 0002:00001bd8       ??_C@_17IJPCKHK@?$AAJ?$AAu?$AAl?$AA?$AA@ 000000014000fbd8     libucrt:nlsdata.obj
 0002:00001be0       ??_C@_17ICPELBCN@?$AAA?$AAu?$AAg?$AA?$AA@ 000000014000fbe0     libucrt:nlsdata.obj
 0002:00001be8       ??_C@_17HCHCOKMG@?$AAS?$AAe?$AAp?$AA?$AA@ 000000014000fbe8     libucrt:nlsdata.obj
 0002:00001bf0       ??_C@_17FNLKOI@?$AAO?$AAc?$AAt?$AA?$AA@ 000000014000fbf0     libucrt:nlsdata.obj
 0002:00001bf8       ??_C@_17BBDMLCIG@?$AAN?$AAo?$AAv?$AA?$AA@ 000000014000fbf8     libucrt:nlsdata.obj
 0002:00001c00       ??_C@_17EGKACKIF@?$AAD?$AAe?$AAc?$AA?$AA@ 000000014000fc00     libucrt:nlsdata.obj
 0002:00001c08       ??_C@_1BA@EFMEIEBA@?$AAJ?$AAa?$AAn?$AAu?$AAa?$AAr?$AAy?$AA?$AA@ 000000014000fc08     libucrt:nlsdata.obj
 0002:00001c18       ??_C@_1BC@JGDDFFAM@?$AAF?$AAe?$AAb?$AAr?$AAu?$AAa?$AAr?$AAy?$AA?$AA@ 000000014000fc18     libucrt:nlsdata.obj
 0002:00001c30       ??_C@_1M@IKEENEDF@?$AAM?$AAa?$AAr?$AAc?$AAh?$AA?$AA@ 000000014000fc30     libucrt:nlsdata.obj
 0002:00001c40       ??_C@_1M@GJNLMHFD@?$AAA?$AAp?$AAr?$AAi?$AAl?$AA?$AA@ 000000014000fc40     libucrt:nlsdata.obj
 0002:00001c50       ??_C@_19EPFLPGAP@?$AAJ?$AAu?$AAn?$AAe?$AA?$AA@ 000000014000fc50     libucrt:nlsdata.obj
 0002:00001c60       ??_C@_19BIFMLPCD@?$AAJ?$AAu?$AAl?$AAy?$AA?$AA@ 000000014000fc60     libucrt:nlsdata.obj
 0002:00001c70       ??_C@_1O@PAHLKOAC@?$AAA?$AAu?$AAg?$AAu?$AAs?$AAt?$AA?$AA@ 000000014000fc70     libucrt:nlsdata.obj
 0002:00001c80       ??_C@_1BE@DKAAMBJL@?$AAS?$AAe?$AAp?$AAt?$AAe?$AAm?$AAb?$AAe?$AAr?$AA?$AA@ 000000014000fc80     libucrt:nlsdata.obj
 0002:00001c98       ??_C@_1BA@EPANDLNG@?$AAO?$AAc?$AAt?$AAo?$AAb?$AAe?$AAr?$AA?$AA@ 000000014000fc98     libucrt:nlsdata.obj
 0002:00001ca8       ??_C@_1BC@BGLIFPF@?$AAN?$AAo?$AAv?$AAe?$AAm?$AAb?$AAe?$AAr?$AA?$AA@ 000000014000fca8     libucrt:nlsdata.obj
 0002:00001cc0       ??_C@_1BC@FEMKIFH@?$AAD?$AAe?$AAc?$AAe?$AAm?$AAb?$AAe?$AAr?$AA?$AA@ 000000014000fcc0     libucrt:nlsdata.obj
 0002:00001cd4       ??_C@_15ODEHAHHF@?$AAA?$AAM?$AA?$AA@ 000000014000fcd4     libucrt:nlsdata.obj
 0002:00001cdc       ??_C@_15CLMNNGEL@?$AAP?$AAM?$AA?$AA@ 000000014000fcdc     libucrt:nlsdata.obj
 0002:00001ce8       ??_C@_1BC@IEBCMHCM@?$AAM?$AAM?$AA?1?$AAd?$AAd?$AA?1?$AAy?$AAy?$AA?$AA@ 000000014000fce8     libucrt:nlsdata.obj
 0002:00001d00       ??_C@_1CI@KNAKOEBC@?$AAd?$AAd?$AAd?$AAd?$AA?0?$AA?5?$AAM?$AAM?$AAM?$AAM?$AA?5?$AAd?$AAd?$AA?0?$AA?5?$AAy?$AAy?$AAy?$AAy?$AA?$AA@ 000000014000fd00     libucrt:nlsdata.obj
 0002:00001d28       ??_C@_1BC@GDGBMEMK@?$AAH?$AAH?$AA?3?$AAm?$AAm?$AA?3?$AAs?$AAs?$AA?$AA@ 000000014000fd28     libucrt:nlsdata.obj
 0002:00001d40       ??_C@_1M@BMHNFIME@?$AAe?$AAn?$AA?9?$AAU?$AAS?$AA?$AA@ 000000014000fd40     libucrt:nlsdata.obj
 0002:00001d50       __newctype                 000000014000fd50     libucrt:ctype.obj
 0002:00002050       __newclmap                 0000000140010050     libucrt:ctype.obj
 0002:000021d0       __newcumap                 00000001400101d0     libucrt:ctype.obj
 0002:00002350       ??_C@_15PJPFLCCM@?$AAu?$AAk?$AA?$AA@ 0000000140010350     libucrt:get_qualified_locale.obj
 0002:00002400       ??_C@_1EA@JGEFHKEI@?$AAa?$AAp?$AAi?$AA?9?$AAm?$AAs?$AA?9?$AAw?$AAi?$AAn?$AA?9?$AAc?$AAo?$AAr?$AAe?$AA?9?$AAd?$AAa?$AAt?$AAe?$AAt?$AAi?$AAm?$AAe?$AA?9?$AAl?$AA1?$AA?9?$AA1?$AA?9?$AA1?$AA?$AA@ 0000000140010400     libucrt:winapi_thunks.obj
 0002:00002440       ??_C@_1DI@IJCEHOCB@?$AAa?$AAp?$AAi?$AA?9?$AAm?$AAs?$AA?9?$AAw?$AAi?$AAn?$AA?9?$AAc?$AAo?$AAr?$AAe?$AA?9?$AAf?$AAi?$AAl?$AAe?$AA?9?$AAl?$AA1?$AA?9?$AA2?$AA?9?$AA2?$AA?$AA@ 0000000140010440     libucrt:winapi_thunks.obj
 0002:00002480       ??_C@_1EI@MPIAOHOC@?$AAa?$AAp?$AAi?$AA?9?$AAm?$AAs?$AA?9?$AAw?$AAi?$AAn?$AA?9?$AAc?$AAo?$AAr?$AAe?$AA?9?$AAl?$AAo?$AAc?$AAa?$AAl?$AAi?$AAz?$AAa?$AAt?$AAi?$AAo?$AAn?$AA?9?$AAl?$AA1?$AA?9@ 0000000140010480     libucrt:winapi_thunks.obj
 0002:000024d0       ??_C@_1FK@FPHCKFIE@?$AAa?$AAp?$AAi?$AA?9?$AAm?$AAs?$AA?9?$AAw?$AAi?$AAn?$AA?9?$AAc?$AAo?$AAr?$AAe?$AA?9?$AAl?$AAo?$AAc?$AAa?$AAl?$AAi?$AAz?$AAa?$AAt?$AAi?$AAo?$AAn?$AA?9?$AAo?$AAb?$AAs@ 00000001400104d0     libucrt:winapi_thunks.obj
 0002:00002530       ??_C@_1EM@DILCGIIO@?$AAa?$AAp?$AAi?$AA?9?$AAm?$AAs?$AA?9?$AAw?$AAi?$AAn?$AA?9?$AAc?$AAo?$AAr?$AAe?$AA?9?$AAp?$AAr?$AAo?$AAc?$AAe?$AAs?$AAs?$AAt?$AAh?$AAr?$AAe?$AAa?$AAd?$AAs?$AA?9?$AAl@ 0000000140010530     libucrt:winapi_thunks.obj
 0002:00002580       ??_C@_1DM@LNCGDDPN@?$AAa?$AAp?$AAi?$AA?9?$AAm?$AAs?$AA?9?$AAw?$AAi?$AAn?$AA?9?$AAc?$AAo?$AAr?$AAe?$AA?9?$AAs?$AAt?$AAr?$AAi?$AAn?$AAg?$AA?9?$AAl?$AA1?$AA?9?$AA1?$AA?9?$AA0?$AA?$AA@ 0000000140010580     libucrt:winapi_thunks.obj
 0002:000025c0       ??_C@_1DO@FPAPJEMD@?$AAa?$AAp?$AAi?$AA?9?$AAm?$AAs?$AA?9?$AAw?$AAi?$AAn?$AA?9?$AAc?$AAo?$AAr?$AAe?$AA?9?$AAs?$AAy?$AAs?$AAi?$AAn?$AAf?$AAo?$AA?9?$AAl?$AA1?$AA?9?$AA2?$AA?9?$AA1?$AA?$AA@ 00000001400105c0     libucrt:winapi_thunks.obj
 0002:00002600       ??_C@_1DK@NDHNAHIO@?$AAa?$AAp?$AAi?$AA?9?$AAm?$AAs?$AA?9?$AAw?$AAi?$AAn?$AA?9?$AAc?$AAo?$AAr?$AAe?$AA?9?$AAw?$AAi?$AAn?$AAr?$AAt?$AA?9?$AAl?$AA1?$AA?9?$AA1?$AA?9?$AA0?$AA?$AA@ 0000000140010600     libucrt:winapi_thunks.obj
 0002:00002640       ??_C@_1DM@KGHDGBCM@?$AAa?$AAp?$AAi?$AA?9?$AAm?$AAs?$AA?9?$AAw?$AAi?$AAn?$AA?9?$AAc?$AAo?$AAr?$AAe?$AA?9?$AAx?$AAs?$AAt?$AAa?$AAt?$AAe?$AA?9?$AAl?$AA2?$AA?9?$AA1?$AA?9?$AA0?$AA?$AA@ 0000000140010640     libucrt:winapi_thunks.obj
 0002:00002680       ??_C@_1EO@IJIOEFOH@?$AAa?$AAp?$AAi?$AA?9?$AAm?$AAs?$AA?9?$AAw?$AAi?$AAn?$AA?9?$AAr?$AAt?$AAc?$AAo?$AAr?$AAe?$AA?9?$AAn?$AAt?$AAu?$AAs?$AAe?$AAr?$AA?9?$AAw?$AAi?$AAn?$AAd?$AAo?$AAw?$AA?9@ 0000000140010680     libucrt:winapi_thunks.obj
 0002:000026d0       ??_C@_1FG@HHGEKANL@?$AAa?$AAp?$AAi?$AA?9?$AAm?$AAs?$AA?9?$AAw?$AAi?$AAn?$AA?9?$AAs?$AAe?$AAc?$AAu?$AAr?$AAi?$AAt?$AAy?$AA?9?$AAs?$AAy?$AAs?$AAt?$AAe?$AAm?$AAf?$AAu?$AAn?$AAc?$AAt?$AAi@ 00000001400106d0     libucrt:winapi_thunks.obj
 0002:00002730       ??_C@_1EG@DBIOJECG@?$AAe?$AAx?$AAt?$AA?9?$AAm?$AAs?$AA?9?$AAw?$AAi?$AAn?$AA?9?$AAn?$AAt?$AAu?$AAs?$AAe?$AAr?$AA?9?$AAd?$AAi?$AAa?$AAl?$AAo?$AAg?$AAb?$AAo?$AAx?$AA?9?$AAl?$AA1?$AA?9?$AA1@ 0000000140010730     libucrt:winapi_thunks.obj
 0002:00002780       ??_C@_1EO@FIHMJCLF@?$AAe?$AAx?$AAt?$AA?9?$AAm?$AAs?$AA?9?$AAw?$AAi?$AAn?$AA?9?$AAn?$AAt?$AAu?$AAs?$AAe?$AAr?$AA?9?$AAw?$AAi?$AAn?$AAd?$AAo?$AAw?$AAs?$AAt?$AAa?$AAt?$AAi?$AAo?$AAn?$AA?9@ 0000000140010780     libucrt:winapi_thunks.obj
 0002:000027d0       ??_C@_1BC@DNHGCMLG@?$AAa?$AAd?$AAv?$AAa?$AAp?$AAi?$AA3?$AA2?$AA?$AA@ 00000001400107d0     libucrt:winapi_thunks.obj
 0002:000027e8       ??_C@_1M@OAIMIKLP@?$AAn?$AAt?$AAd?$AAl?$AAl?$AA?$AA@ 00000001400107e8     libucrt:winapi_thunks.obj
 0002:00002800       ??_C@_1EG@DPGNFKGC@?$AAa?$AAp?$AAi?$AA?9?$AAm?$AAs?$AA?9?$AAw?$AAi?$AAn?$AA?9?$AAa?$AAp?$AAp?$AAm?$AAo?$AAd?$AAe?$AAl?$AA?9?$AAr?$AAu?$AAn?$AAt?$AAi?$AAm?$AAe?$AA?9?$AAl?$AA1?$AA?9?$AA1@ 0000000140010800     libucrt:winapi_thunks.obj
 0002:00002848       ??_C@_1O@BCCLBEOE@?$AAu?$AAs?$AAe?$AAr?$AA3?$AA2?$AA?$AA@ 0000000140010848     libucrt:winapi_thunks.obj
 0002:00002888       ??_C@_0O@KKBNKAPF@LCMapStringEx?$AA@ 0000000140010888     libucrt:winapi_thunks.obj
 0002:000028a0       ??_C@_0BB@HBDEELFH@LocaleNameToLCID?$AA@ 00000001400108a0     libucrt:winapi_thunks.obj
 0002:000028b8       ??_C@_0CF@OJOFEIGO@AppPolicyGetProcessTerminationMe@ 00000001400108b8     libucrt:winapi_thunks.obj
 0002:000028e0       ??_C@_1M@BJNKEDC@?$AAc?$AAa?$AA?9?$AAE?$AAS?$AA?$AA@ 00000001400108e0     libucrt:lcidtoname_downlevel.obj
 0002:000028f0       ??_C@_1M@IJJHFJHA@?$AAc?$AAs?$AA?9?$AAC?$AAZ?$AA?$AA@ 00000001400108f0     libucrt:lcidtoname_downlevel.obj
 0002:00002900       ??_C@_1M@CLPEOBGI@?$AAd?$AAa?$AA?9?$AAD?$AAK?$AA?$AA@ 0000000140010900     libucrt:lcidtoname_downlevel.obj
 0002:00002910       ??_C@_1M@MCMADGCB@?$AAd?$AAe?$AA?9?$AAD?$AAE?$AA?$AA@ 0000000140010910     libucrt:lcidtoname_downlevel.obj
 0002:00002920       ??_C@_1M@OOCKEMAM@?$AAe?$AAl?$AA?9?$AAG?$AAR?$AA?$AA@ 0000000140010920     libucrt:lcidtoname_downlevel.obj
 0002:00002930       ??_C@_1M@DDNJFGID@?$AAf?$AAi?$AA?9?$AAF?$AAI?$AA?$AA@ 0000000140010930     libucrt:lcidtoname_downlevel.obj
 0002:00002940       ??_C@_1M@GLIPPMAC@?$AAf?$AAr?$AA?9?$AAF?$AAR?$AA?$AA@ 0000000140010940     libucrt:lcidtoname_downlevel.obj
 0002:00002950       ??_C@_1M@GFMCHPE@?$AAh?$AAe?$AA?9?$AAI?$AAL?$AA?$AA@ 0000000140010950     libucrt:lcidtoname_downlevel.obj
 0002:00002960       ??_C@_1M@MHLPGNKM@?$AAh?$AAu?$AA?9?$AAH?$AAU?$AA?$AA@ 0000000140010960     libucrt:lcidtoname_downlevel.obj
 0002:00002970       ??_C@_1M@LPDDNNPN@?$AAi?$AAs?$AA?9?$AAI?$AAS?$AA?$AA@ 0000000140010970     libucrt:lcidtoname_downlevel.obj
 0002:00002980       ??_C@_1M@MADIPODN@?$AAi?$AAt?$AA?9?$AAI?$AAT?$AA?$AA@ 0000000140010980     libucrt:lcidtoname_downlevel.obj
 0002:00002990       ??_C@_1M@IHBJJGG@?$AAn?$AAl?$AA?9?$AAN?$AAL?$AA?$AA@ 0000000140010990     libucrt:lcidtoname_downlevel.obj
 0002:000029a0       ??_C@_1M@EANAGDL@?$AAn?$AAb?$AA?9?$AAN?$AAO?$AA?$AA@ 00000001400109a0     libucrt:lcidtoname_downlevel.obj
 0002:000029b0       ??_C@_1M@NEIEMEGP@?$AAp?$AAl?$AA?9?$AAP?$AAL?$AA?$AA@ 00000001400109b0     libucrt:lcidtoname_downlevel.obj
 0002:000029c0       ??_C@_1M@BOCFIGEP@?$AAp?$AAt?$AA?9?$AAB?$AAR?$AA?$AA@ 00000001400109c0     libucrt:lcidtoname_downlevel.obj
 0002:000029d0       ??_C@_1M@IMPFOPBG@?$AAr?$AAo?$AA?9?$AAR?$AAO?$AA?$AA@ 00000001400109d0     libucrt:lcidtoname_downlevel.obj
 0002:000029e0       ??_C@_1M@IDNNEJMM@?$AAr?$AAu?$AA?9?$AAR?$AAU?$AA?$AA@ 00000001400109e0     libucrt:lcidtoname_downlevel.obj
 0002:000029f0       ??_C@_1M@LILEEOGM@?$AAh?$AAr?$AA?9?$AAH?$AAR?$AA?$AA@ 00000001400109f0     libucrt:lcidtoname_downlevel.obj
 0002:00002a00       ??_C@_1M@FKIFEHPB@?$AAs?$AAk?$AA?9?$AAS?$AAK?$AA?$AA@ 0000000140010a00     libucrt:lcidtoname_downlevel.obj
 0002:00002a10       ??_C@_1M@LJMAMNPJ@?$AAs?$AAq?$AA?9?$AAA?$AAL?$AA?$AA@ 0000000140010a10     libucrt:lcidtoname_downlevel.obj
 0002:00002a20       ??_C@_1M@GIAKDKJK@?$AAs?$AAv?$AA?9?$AAS?$AAE?$AA?$AA@ 0000000140010a20     libucrt:lcidtoname_downlevel.obj
 0002:00002a30       ??_C@_1M@MKJKIKCL@?$AAt?$AAh?$AA?9?$AAT?$AAH?$AA?$AA@ 0000000140010a30     libucrt:lcidtoname_downlevel.obj
 0002:00002a40       ??_C@_1M@MFLCCMPB@?$AAt?$AAr?$AA?9?$AAT?$AAR?$AA?$AA@ 0000000140010a40     libucrt:lcidtoname_downlevel.obj
 0002:00002a50       ??_C@_1M@OIJHDKJN@?$AAu?$AAr?$AA?9?$AAP?$AAK?$AA?$AA@ 0000000140010a50     libucrt:lcidtoname_downlevel.obj
 0002:00002a60       ??_C@_1M@LHIPCIEK@?$AAi?$AAd?$AA?9?$AAI?$AAD?$AA?$AA@ 0000000140010a60     libucrt:lcidtoname_downlevel.obj
 0002:00002a70       ??_C@_1M@MFMOBGI@?$AAu?$AAk?$AA?9?$AAU?$AAA?$AA?$AA@ 0000000140010a70     libucrt:lcidtoname_downlevel.obj
 0002:00002a80       ??_C@_1M@OBGLJIPL@?$AAb?$AAe?$AA?9?$AAB?$AAY?$AA?$AA@ 0000000140010a80     libucrt:lcidtoname_downlevel.obj
 0002:00002a90       ??_C@_1M@BCFAJEAD@?$AAs?$AAl?$AA?9?$AAS?$AAI?$AA?$AA@ 0000000140010a90     libucrt:lcidtoname_downlevel.obj
 0002:00002aa0       ??_C@_1M@FKFFEDDN@?$AAe?$AAt?$AA?9?$AAE?$AAE?$AA?$AA@ 0000000140010aa0     libucrt:lcidtoname_downlevel.obj
 0002:00002ab0       ??_C@_1M@KGKKAACI@?$AAl?$AAv?$AA?9?$AAL?$AAV?$AA?$AA@ 0000000140010ab0     libucrt:lcidtoname_downlevel.obj
 0002:00002ac0       ??_C@_1M@IFGBIJO@?$AAl?$AAt?$AA?9?$AAL?$AAT?$AA?$AA@ 0000000140010ac0     libucrt:lcidtoname_downlevel.obj
 0002:00002ad0       ??_C@_1M@FGEAHEDM@?$AAf?$AAa?$AA?9?$AAI?$AAR?$AA?$AA@ 0000000140010ad0     libucrt:lcidtoname_downlevel.obj
 0002:00002ae0       ??_C@_1M@KBMAIBFN@?$AAv?$AAi?$AA?9?$AAV?$AAN?$AA?$AA@ 0000000140010ae0     libucrt:lcidtoname_downlevel.obj
 0002:00002af0       ??_C@_1M@GPCBKDJK@?$AAh?$AAy?$AA?9?$AAA?$AAM?$AA?$AA@ 0000000140010af0     libucrt:lcidtoname_downlevel.obj
 0002:00002b00       ??_C@_1BG@BECMDDJB@?$AAa?$AAz?$AA?9?$AAA?$AAZ?$AA?9?$AAL?$AAa?$AAt?$AAn?$AA?$AA@ 0000000140010b00     libucrt:lcidtoname_downlevel.obj
 0002:00002b18       ??_C@_1M@MAOFCAEA@?$AAe?$AAu?$AA?9?$AAE?$AAS?$AA?$AA@ 0000000140010b18     libucrt:lcidtoname_downlevel.obj
 0002:00002b28       ??_C@_1M@IGHABKPI@?$AAm?$AAk?$AA?9?$AAM?$AAK?$AA?$AA@ 0000000140010b28     libucrt:lcidtoname_downlevel.obj
 0002:00002b38       ??_C@_1M@IAIGNEJG@?$AAt?$AAn?$AA?9?$AAZ?$AAA?$AA?$AA@ 0000000140010b38     libucrt:lcidtoname_downlevel.obj
 0002:00002b48       ??_C@_1M@IIJCOJFA@?$AAx?$AAh?$AA?9?$AAZ?$AAA?$AA?$AA@ 0000000140010b48     libucrt:lcidtoname_downlevel.obj
 0002:00002b58       ??_C@_1M@LGPJHNJH@?$AAz?$AAu?$AA?9?$AAZ?$AAA?$AA?$AA@ 0000000140010b58     libucrt:lcidtoname_downlevel.obj
 0002:00002b68       ??_C@_1M@HOKAOIO@?$AAa?$AAf?$AA?9?$AAZ?$AAA?$AA?$AA@ 0000000140010b68     libucrt:lcidtoname_downlevel.obj
 0002:00002b78       ??_C@_1M@DPCLHLIE@?$AAk?$AAa?$AA?9?$AAG?$AAE?$AA?$AA@ 0000000140010b78     libucrt:lcidtoname_downlevel.obj
 0002:00002b88       ??_C@_1M@BLKMHJBI@?$AAf?$AAo?$AA?9?$AAF?$AAO?$AA?$AA@ 0000000140010b88     libucrt:lcidtoname_downlevel.obj
 0002:00002b98       ??_C@_1M@LGGJAPPB@?$AAh?$AAi?$AA?9?$AAI?$AAN?$AA?$AA@ 0000000140010b98     libucrt:lcidtoname_downlevel.obj
 0002:00002ba8       ??_C@_1M@FIKPIHFE@?$AAm?$AAt?$AA?9?$AAM?$AAT?$AA?$AA@ 0000000140010ba8     libucrt:lcidtoname_downlevel.obj
 0002:00002bb8       ??_C@_1M@HEGGPBFA@?$AAs?$AAe?$AA?9?$AAN?$AAO?$AA?$AA@ 0000000140010bb8     libucrt:lcidtoname_downlevel.obj
 0002:00002bc8       ??_C@_1M@EIBJEEPA@?$AAm?$AAs?$AA?9?$AAM?$AAY?$AA?$AA@ 0000000140010bc8     libucrt:lcidtoname_downlevel.obj
 0002:00002bd8       ??_C@_1M@FHLBGMPP@?$AAk?$AAk?$AA?9?$AAK?$AAZ?$AA?$AA@ 0000000140010bd8     libucrt:lcidtoname_downlevel.obj
 0002:00002be8       ??_C@_1M@NGJJLCGI@?$AAk?$AAy?$AA?9?$AAK?$AAG?$AA?$AA@ 0000000140010be8     libucrt:lcidtoname_downlevel.obj
 0002:00002bf8       ??_C@_1M@GIENNBFC@?$AAs?$AAw?$AA?9?$AAK?$AAE?$AA?$AA@ 0000000140010bf8     libucrt:lcidtoname_downlevel.obj
 0002:00002c08       ??_C@_1BG@NDGMJIMJ@?$AAu?$AAz?$AA?9?$AAU?$AAZ?$AA?9?$AAL?$AAa?$AAt?$AAn?$AA?$AA@ 0000000140010c08     libucrt:lcidtoname_downlevel.obj
 0002:00002c20       ??_C@_1M@IDCCIHBC@?$AAt?$AAt?$AA?9?$AAR?$AAU?$AA?$AA@ 0000000140010c20     libucrt:lcidtoname_downlevel.obj
 0002:00002c30       ??_C@_1M@LOICPMOJ@?$AAb?$AAn?$AA?9?$AAI?$AAN?$AA?$AA@ 0000000140010c30     libucrt:lcidtoname_downlevel.obj
 0002:00002c40       ??_C@_1M@KPKKNEAH@?$AAp?$AAa?$AA?9?$AAI?$AAN?$AA?$AA@ 0000000140010c40     libucrt:lcidtoname_downlevel.obj
 0002:00002c50       ??_C@_1M@PJGPPBOG@?$AAg?$AAu?$AA?9?$AAI?$AAN?$AA?$AA@ 0000000140010c50     libucrt:lcidtoname_downlevel.obj
 0002:00002c60       ??_C@_1M@KMKMOPHI@?$AAt?$AAa?$AA?9?$AAI?$AAN?$AA?$AA@ 0000000140010c60     libucrt:lcidtoname_downlevel.obj
 0002:00002c70       ??_C@_1M@KFEHEPAC@?$AAt?$AAe?$AA?9?$AAI?$AAN?$AA?$AA@ 0000000140010c70     libucrt:lcidtoname_downlevel.obj
 0002:00002c80       ??_C@_1M@CDCLMGHI@?$AAk?$AAn?$AA?9?$AAI?$AAN?$AA?$AA@ 0000000140010c80     libucrt:lcidtoname_downlevel.obj
 0002:00002c90       ??_C@_1M@MIODLDKF@?$AAm?$AAl?$AA?9?$AAI?$AAN?$AA?$AA@ 0000000140010c90     libucrt:lcidtoname_downlevel.obj
 0002:00002ca0       ??_C@_1M@PBIEACPO@?$AAm?$AAr?$AA?9?$AAI?$AAN?$AA?$AA@ 0000000140010ca0     libucrt:lcidtoname_downlevel.obj
 0002:00002cb0       ??_C@_1M@NIDEAGPH@?$AAs?$AAa?$AA?9?$AAI?$AAN?$AA?$AA@ 0000000140010cb0     libucrt:lcidtoname_downlevel.obj
 0002:00002cc0       ??_C@_1M@FHIHCBIO@?$AAm?$AAn?$AA?9?$AAM?$AAN?$AA?$AA@ 0000000140010cc0     libucrt:lcidtoname_downlevel.obj
 0002:00002cd0       ??_C@_1M@JAIJPENP@?$AAc?$AAy?$AA?9?$AAG?$AAB?$AA?$AA@ 0000000140010cd0     libucrt:lcidtoname_downlevel.obj
 0002:00002ce0       ??_C@_1M@PHGFBEPN@?$AAg?$AAl?$AA?9?$AAE?$AAS?$AA?$AA@ 0000000140010ce0     libucrt:lcidtoname_downlevel.obj
 0002:00002cf0       ??_C@_1O@KPIPDNCP@?$AAk?$AAo?$AAk?$AA?9?$AAI?$AAN?$AA?$AA@ 0000000140010cf0     libucrt:lcidtoname_downlevel.obj
 0002:00002d00       ??_C@_1O@KNHJLDJA@?$AAs?$AAy?$AAr?$AA?9?$AAS?$AAY?$AA?$AA@ 0000000140010d00     libucrt:lcidtoname_downlevel.obj
 0002:00002d10       ??_C@_1O@MKEKBLAH@?$AAd?$AAi?$AAv?$AA?9?$AAM?$AAV?$AA?$AA@ 0000000140010d10     libucrt:lcidtoname_downlevel.obj
 0002:00002d20       ??_C@_1O@OHDCKDDF@?$AAq?$AAu?$AAz?$AA?9?$AAB?$AAO?$AA?$AA@ 0000000140010d20     libucrt:lcidtoname_downlevel.obj
 0002:00002d30       ??_C@_1M@LEPJNLFD@?$AAn?$AAs?$AA?9?$AAZ?$AAA?$AA?$AA@ 0000000140010d30     libucrt:lcidtoname_downlevel.obj
 0002:00002d40       ??_C@_1M@OMLEIIJB@?$AAm?$AAi?$AA?9?$AAN?$AAZ?$AA?$AA@ 0000000140010d40     libucrt:lcidtoname_downlevel.obj
 0002:00002d50       ??_C@_1M@PMPEAILG@?$AAa?$AAr?$AA?9?$AAI?$AAQ?$AA?$AA@ 0000000140010d50     libucrt:lcidtoname_downlevel.obj
 0002:00002d60       ??_C@_1M@CNKPNOEE@?$AAd?$AAe?$AA?9?$AAC?$AAH?$AA?$AA@ 0000000140010d60     libucrt:lcidtoname_downlevel.obj
 0002:00002d70       ??_C@_1M@LKMGMLKO@?$AAe?$AAn?$AA?9?$AAG?$AAB?$AA?$AA@ 0000000140010d70     libucrt:lcidtoname_downlevel.obj
 0002:00002d80       ??_C@_1M@PGKJFFGL@?$AAe?$AAs?$AA?9?$AAM?$AAX?$AA?$AA@ 0000000140010d80     libucrt:lcidtoname_downlevel.obj
 0002:00002d90       ??_C@_1M@DNNANBDC@?$AAf?$AAr?$AA?9?$AAB?$AAE?$AA?$AA@ 0000000140010d90     libucrt:lcidtoname_downlevel.obj
 0002:00002da0       ??_C@_1M@HLGMDFHM@?$AAi?$AAt?$AA?9?$AAC?$AAH?$AA?$AA@ 0000000140010da0     libucrt:lcidtoname_downlevel.obj
 0002:00002db0       ??_C@_1M@CLLBGJH@?$AAn?$AAl?$AA?9?$AAB?$AAE?$AA?$AA@ 0000000140010db0     libucrt:lcidtoname_downlevel.obj
 0002:00002dc0       ??_C@_1M@BODBOGLF@?$AAn?$AAn?$AA?9?$AAN?$AAO?$AA?$AA@ 0000000140010dc0     libucrt:lcidtoname_downlevel.obj
 0002:00002dd0       ??_C@_1M@HFFAHKAD@?$AAp?$AAt?$AA?9?$AAP?$AAT?$AA?$AA@ 0000000140010dd0     libucrt:lcidtoname_downlevel.obj
 0002:00002de0       ??_C@_1BG@LNOAKHIE@?$AAs?$AAr?$AA?9?$AAS?$AAP?$AA?9?$AAL?$AAa?$AAt?$AAn?$AA?$AA@ 0000000140010de0     libucrt:lcidtoname_downlevel.obj
 0002:00002df8       ??_C@_1M@HBMHBGAK@?$AAs?$AAv?$AA?9?$AAF?$AAI?$AA?$AA@ 0000000140010df8     libucrt:lcidtoname_downlevel.obj
 0002:00002e08       ??_C@_1BG@DGCJGJBE@?$AAa?$AAz?$AA?9?$AAA?$AAZ?$AA?9?$AAC?$AAy?$AAr?$AAl?$AA?$AA@ 0000000140010e08     libucrt:lcidtoname_downlevel.obj
 0002:00002e20       ??_C@_1M@KEJDAAHB@?$AAs?$AAe?$AA?9?$AAS?$AAE?$AA?$AA@ 0000000140010e20     libucrt:lcidtoname_downlevel.obj
 0002:00002e30       ??_C@_1M@HEIBJJAD@?$AAm?$AAs?$AA?9?$AAB?$AAN?$AA?$AA@ 0000000140010e30     libucrt:lcidtoname_downlevel.obj
 0002:00002e40       ??_C@_1BG@PBGJMCEM@?$AAu?$AAz?$AA?9?$AAU?$AAZ?$AA?9?$AAC?$AAy?$AAr?$AAl?$AA?$AA@ 0000000140010e40     libucrt:lcidtoname_downlevel.obj
 0002:00002e58       ??_C@_1O@LAOBCMDF@?$AAq?$AAu?$AAz?$AA?9?$AAE?$AAC?$AA?$AA@ 0000000140010e58     libucrt:lcidtoname_downlevel.obj
 0002:00002e68       ??_C@_1M@POEEMAIO@?$AAa?$AAr?$AA?9?$AAE?$AAG?$AA?$AA@ 0000000140010e68     libucrt:lcidtoname_downlevel.obj
 0002:00002e78       ??_C@_1M@EFAKDEDL@?$AAz?$AAh?$AA?9?$AAH?$AAK?$AA?$AA@ 0000000140010e78     libucrt:lcidtoname_downlevel.obj
 0002:00002e88       ??_C@_1M@HKKIJHGI@?$AAd?$AAe?$AA?9?$AAA?$AAT?$AA?$AA@ 0000000140010e88     libucrt:lcidtoname_downlevel.obj
 0002:00002e98       ??_C@_1M@KBFBEHJF@?$AAe?$AAn?$AA?9?$AAA?$AAU?$AA?$AA@ 0000000140010e98     libucrt:lcidtoname_downlevel.obj
 0002:00002ea8       ??_C@_1M@MNPLFAAH@?$AAe?$AAs?$AA?9?$AAE?$AAS?$AA?$AA@ 0000000140010ea8     libucrt:lcidtoname_downlevel.obj
 0002:00002eb8       ??_C@_1M@HJOOJFMA@?$AAf?$AAr?$AA?9?$AAC?$AAA?$AA?$AA@ 0000000140010eb8     libucrt:lcidtoname_downlevel.obj
 0002:00002ec8       ??_C@_1BG@JPOFPNAB@?$AAs?$AAr?$AA?9?$AAS?$AAP?$AA?9?$AAC?$AAy?$AAr?$AAl?$AA?$AA@ 0000000140010ec8     libucrt:lcidtoname_downlevel.obj
 0002:00002ee0       ??_C@_1M@LNFOCMOB@?$AAs?$AAe?$AA?9?$AAF?$AAI?$AA?$AA@ 0000000140010ee0     libucrt:lcidtoname_downlevel.obj
 0002:00002ef0       ??_C@_1O@MGJBOAMB@?$AAq?$AAu?$AAz?$AA?9?$AAP?$AAE?$AA?$AA@ 0000000140010ef0     libucrt:lcidtoname_downlevel.obj
 0002:00002f00       ??_C@_1M@GJINLBOK@?$AAa?$AAr?$AA?9?$AAL?$AAY?$AA?$AA@ 0000000140010f00     libucrt:lcidtoname_downlevel.obj
[...]
 0004:0000063c       $pdata$__acrt_initialize_ptd 000000014001963c     libucrt:per_thread_data.obj
 0004:00000648       $pdata$__acrt_uninitialize_ptd 0000000140019648     libucrt:per_thread_data.obj
 0004:00000654       $pdata$__acrt_getptd       0000000140019654     libucrt:per_thread_data.obj
 0004:00000660       $pdata$__acrt_getptd_head  0000000140019660     libucrt:per_thread_data.obj
 0004:0000066c       $pdata$__acrt_getptd_noexit 000000014001966c     libucrt:per_thread_data.obj
 0004:00000678       $pdata$?destroy_fls@@YAXPEAX@Z 0000000140019678     libucrt:per_thread_data.obj
 0004:00000684       $pdata$?replace_current_thread_locale_nolock@@YAXQEAU__acrt_ptd@@QEAU__crt_locale_data@@@Z 0000000140019684     libucrt:per_thread_data.obj
 0004:00000690       $pdata$?construct_ptd_array@@YAXQEAU__acrt_ptd@@@Z 0000000140019690     libucrt:per_thread_data.obj
 0004:0000069c       $pdata$?destroy_ptd_array@@YAXQEAU__acrt_ptd@@@Z 000000014001969c     libucrt:per_thread_data.obj
 0004:000006a8       $pdata$??$?RV<lambda_0ae27a3a962d80f24befdcbee591983d>@@AEAV<lambda_8d0ee55de4b1038c4002e0adecdf1839>@@V<lambda_dc504788e8f1664fe9b84e20bfb512f2>@@@?$__crt_seh_guarded_call@X@@QEAAX$$QEAV<lambda_0ae27a3a962d80f24befdcbee591983d>@@AEAV<lambda_8d0ee55de4b1038c4002e0adecdf1839>@@$$QEAV<lambda_dc504788e8f1664fe9b84e20bfb512f2>@@@Z 00000001400196a8     libucrt:per_thread_data.obj
 0004:000006b4       $pdata$??$?RV<lambda_aa87e3671a710a21b5dc78c0bdf72e11>@@AEAV<lambda_92619d2358a28f41a33ba319515a20b9>@@V<lambda_6992ecaafeb10aed2b74cb1fae11a551>@@@?$__crt_seh_guarded_call@X@@QEAAX$$QEAV<lambda_aa87e3671a710a21b5dc78c0bdf72e11>@@AEAV<lambda_92619d2358a28f41a33ba319515a20b9>@@$$QEAV<lambda_6992ecaafeb10aed2b74cb1fae11a551>@@@Z 00000001400196b4     libucrt:per_thread_data.obj
 0004:000006c0       $pdata$??$?RV<lambda_f2e299630e499de9f9a165e60fcd3db5>@@AEAV<lambda_2ae9d31cdba2644fcbeaf08da7c24588>@@V<lambda_40d01ff24d0e7b3814fdbdcee8eab3c7>@@@?$__crt_seh_guarded_call@X@@QEAAX$$QEAV<lambda_f2e299630e499de9f9a165e60fcd3db5>@@AEAV<lambda_2ae9d31cdba2644fcbeaf08da7c24588>@@$$QEAV<lambda_40d01ff24d0e7b3814fdbdcee8eab3c7>@@@Z 00000001400196c0     libucrt:per_thread_data.obj
 0004:000006cc       $pdata$??$?RV<lambda_2d41944a1d46af3157314b8a01080d33>@@AEAV<lambda_8f455de75cd7d7f24b4096f044d8b9e6>@@V<lambda_aa500f224e6afead328df44964fe2772>@@@?$__crt_seh_guarded_call@X@@QEAAX$$QEAV<lambda_2d41944a1d46af3157314b8a01080d33>@@AEAV<lambda_8f455de75cd7d7f24b4096f044d8b9e6>@@$$QEAV<lambda_aa500f224e6afead328df44964fe2772>@@@Z 00000001400196cc     libucrt:per_thread_data.obj
 0004:000006d8       $pdata$_invalid_parameter_noinfo 00000001400196d8     libucrt:invalid_parameter.obj
 0004:000006e4       $pdata$_invoke_watson      00000001400196e4     libucrt:invalid_parameter.obj
 0004:000006f0       $pdata$__acrt_call_reportfault 00000001400196f0     libucrt:invalid_parameter.obj
 0004:000006fc       $pdata$_invalid_parameter  00000001400196fc     libucrt:invalid_parameter.obj
 0004:00000708       $pdata$_errno              0000000140019708     libucrt:errno.obj
 0004:00000714       $pdata$__doserrno          0000000140019714     libucrt:errno.obj
 0004:00000720       $pdata$__acrt_errno_map_os_error 0000000140019720     libucrt:errno.obj
 0004:0000072c       $pdata$??$common_expand_argv_wildcards@D@@YAHQEAPEADQEAPEAPEAD@Z 000000014001972c     libucrt:argv_wildcards.obj
 0004:00000738       $pdata$??$copy_and_add_argument_to_buffer@D@@YAHQEBD0_KAEAV?$argument_list@D@?A0x5f5c8891@@@Z 0000000140019738     libucrt:argv_wildcards.obj
 0004:00000744       $pdata$??$expand_argument_wildcards@D@@YAHQEAD0AEAV?$argument_list@D@?A0x5f5c8891@@@Z 0000000140019744     libucrt:argv_wildcards.obj
 0004:00000750       $pdata$__acrt_update_thread_multibyte_data 0000000140019750     libucrt:mbctype.obj
 0004:0000075c       $pdata$__acrt_initialize_multibyte 000000014001975c     libucrt:mbctype.obj
 0004:00000768       $pdata$_setmbcp_nolock     0000000140019768     libucrt:mbctype.obj
 0004:00000774       $pdata$?getSystemCP@@YAHH@Z 0000000140019774     libucrt:mbctype.obj
 0004:00000780       $pdata$?setSBCS@@YAXPEAU__crt_multibyte_data@@@Z 0000000140019780     libucrt:mbctype.obj
 0004:0000078c       $pdata$?update_thread_multibyte_data_internal@@YAPEAU__crt_multibyte_data@@QEAU__acrt_ptd@@QEAPEAU1@@Z 000000014001978c     libucrt:mbctype.obj
 0004:00000798       $pdata$?fin$0@?0??update_thread_multibyte_data_internal@@YAPEAU__crt_multibyte_data@@QEAU__acrt_ptd@@QEAPEAU1@@Z@4HA 0000000140019798     libucrt:mbctype.obj
 0004:000007a4       $pdata$?setmbcp_internal@@YAHH_NQEAU__acrt_ptd@@QEAPEAU__crt_multibyte_data@@@Z 00000001400197a4     libucrt:mbctype.obj
 0004:000007b0       $pdata$?setSBUpLow@@YAXPEAU__crt_multibyte_data@@@Z 00000001400197b0     libucrt:mbctype.obj
 0004:000007bc       $pdata$??$?RV<lambda_efdfa57d1f175319df784efa44bb7b81>@@AEAV<lambda_5f0a4c1567f8adc6734073e5d1e1b35c>@@V<lambda_2e8a7d3640ea6ccb4c2413664c2db6fd>@@@?$__crt_seh_guarded_call@X@@QEAAX$$QEAV<lambda_efdfa57d1f175319df784efa44bb7b81>@@AEAV<lambda_5f0a4c1567f8adc6734073e5d1e1b35c>@@$$QEAV<lambda_2e8a7d3640ea6ccb4c2413664c2db6fd>@@@Z 00000001400197bc     libucrt:mbctype.obj
 0004:000007c8       $pdata$?x_ismbbtype_l@@YAHPEAU__crt_locale_pointers@@IHH@Z 00000001400197c8     libucrt:ismbbyte.obj
 0004:000007d4       $pdata$__acrt_initialize_command_line 00000001400197d4     libucrt:argv_data.obj
 0004:000007e0       $pdata$__dcrt_get_narrow_environment_from_os 00000001400197e0     libucrt:get_environment_from_os.obj
 0004:000007ec       $pdata$__acrt_initialize_locks 00000001400197ec     libucrt:locks.obj
 0004:000007f8       $pdata$__acrt_uninitialize_locks 00000001400197f8     libucrt:locks.obj
 0004:00000804       $pdata$__acrt_get_process_end_policy 0000000140019804     libucrt:win_policies.obj
 0004:00000810       $pdata$_get_osfhandle      0000000140019810     libucrt:osfinfo.obj
 0004:0000081c       $pdata$_free_osfhnd        000000014001981c     libucrt:osfinfo.obj
 0004:00000828       $pdata$__acrt_lowio_create_handle_array 0000000140019828     libucrt:osfinfo.obj
 0004:00000834       $pdata$__acrt_lowio_destroy_handle_array 0000000140019834     libucrt:osfinfo.obj
 0004:00000840       $pdata$__acrt_lowio_ensure_fh_exists 0000000140019840     libucrt:osfinfo.obj
 0004:0000084c       $pdata$__acrt_initialize_lowio$fin$0 000000014001984c     libucrt:ioinit.obj
 0004:0000084c       $pdata$__acrt_lowio_ensure_fh_exists$fin$0 000000014001984c     libucrt:osfinfo.obj
 0004:00000858       $pdata$__acrt_initialize_lowio 0000000140019858     libucrt:ioinit.obj
 0004:00000864       $pdata$__acrt_uninitialize_lowio 0000000140019864     libucrt:ioinit.obj
 0004:00000870       $pdata$?initialize_inherited_file_handles_nolock@@YAXXZ 0000000140019870     libucrt:ioinit.obj
 0004:0000087c       $pdata$?initialize_stdio_handles_nolock@@YAXXZ 000000014001987c     libucrt:ioinit.obj
 0004:00000888       $pdata$__acrt_locale_free_monetary 0000000140019888     libucrt:initmon.obj
 0004:00000894       $pdata$__acrt_locale_free_numeric 0000000140019894     libucrt:initnum.obj
 0004:000008a0       $pdata$__acrt_locale_free_time 00000001400198a0     libucrt:inittime.obj
 0004:000008ac       $pdata$?free_crt_array_internal@@YAXQEAPEBX_K@Z 00000001400198ac     libucrt:inittime.obj
 0004:000008b8       $pdata$__pctype_func       00000001400198b8     libucrt:ctype.obj
 0004:000008c4       $pdata$__acrt_GetStringTypeA 00000001400198c4     libucrt:getstringtypea.obj
 0004:000008d0       $pdata$__acrt_release_locale_ref 00000001400198d0     libucrt:locale_refcounting.obj
 0004:000008dc       $pdata$__acrt_free_locale  00000001400198dc     libucrt:locale_refcounting.obj
 0004:000008e8       $pdata$__acrt_locale_free_lc_time_if_unreferenced 00000001400198e8     libucrt:locale_refcounting.obj
 0004:000008f4       $pdata$__acrt_update_thread_locale_data 00000001400198f4     libucrt:locale_refcounting.obj
 0004:00000900       $pdata$__acrt_update_thread_locale_data$fin$0 0000000140019900     libucrt:locale_refcounting.obj
 0004:0000090c       $pdata$_updatetlocinfoEx_nolock 000000014001990c     libucrt:locale_refcounting.obj
 0004:00000918       $pdata$__acrt_initialize_winapi_thunks 0000000140019918     libucrt:winapi_thunks.obj
 0004:00000924       $pdata$__acrt_uninitialize_winapi_thunks 0000000140019924     libucrt:winapi_thunks.obj
 0004:00000930       $pdata$__acrt_FlsAlloc     0000000140019930     libucrt:winapi_thunks.obj
 0004:0000093c       $pdata$__acrt_FlsFree      000000014001993c     libucrt:winapi_thunks.obj
 0004:00000948       $pdata$__acrt_FlsGetValue  0000000140019948     libucrt:winapi_thunks.obj
 0004:00000954       $pdata$__acrt_FlsSetValue  0000000140019954     libucrt:winapi_thunks.obj
 0004:00000960       $pdata$__acrt_InitializeCriticalSectionEx 0000000140019960     libucrt:winapi_thunks.obj
 0004:0000096c       $pdata$__acrt_LCMapStringEx 000000014001996c     libucrt:winapi_thunks.obj
 0004:00000978       $pdata$__acrt_LocaleNameToLCID 0000000140019978     libucrt:winapi_thunks.obj
 0004:00000984       $pdata$__acrt_AppPolicyGetProcessTerminationMethodInternal 0000000140019984     libucrt:winapi_thunks.obj
 0004:00000990       $pdata$?try_get_function@@YAPEAXW4function_id@?A0x391cf84c@@QEBDQEBW4module_id@2@2@Z 0000000140019990     libucrt:winapi_thunks.obj
 0004:0000099c       $pdata$_recalloc_base      000000014001999c     libucrt:recalloc.obj
 0004:000009a8       $pdata$__acrt_initialize_heap 00000001400199a8     libucrt:heap_handle.obj
 0004:000009b4       $pdata$__acrt_execute_initializers 00000001400199b4     libucrt:shared_initialization.obj
 0004:000009c0       $pdata$__acrt_execute_uninitializers 00000001400199c0     libucrt:shared_initialization.obj
 0004:000009cc       $pdata$_callnewh           00000001400199cc     libucrt:new_handler.obj
 0004:000009d8       $pdata$_query_new_handler  00000001400199d8     libucrt:new_handler.obj
 0004:000009e4       $pdata$_query_new_handler$fin$0 00000001400199e4     libucrt:new_handler.obj
 0004:000009f0       $pdata$__acrt_get_sigabrt_handler 00000001400199f0     libucrt:signal.obj
 0004:000009fc       $pdata$raise               00000001400199fc     libucrt:signal.obj
 0004:00000a08       $pdata$raise$fin$0         0000000140019a08     libucrt:signal.obj
 0004:00000a14       $pdata$??$?RV<lambda_450d765d439847d4c735a33c368b5fc0>@@AEAV<lambda_44731a7d0e6d81c3e6aa82d741081786>@@V<lambda_601a2a7da3b7a96e9554ac7215c4b07c>@@@?$__crt_seh_guarded_call@P6AXH@Z@@QEAAP6AXH@Z$$QEAV<lambda_450d765d439847d4c735a33c368b5fc0>@@AEAV<lambda_44731a7d0e6d81c3e6aa82d741081786>@@$$QEAV<lambda_601a2a7da3b7a96e9554ac7215c4b07c>@@@Z 0000000140019a14     libucrt:signal.obj
 0004:00000a20       $pdata$_fflush_nolock      0000000140019a20     libucrt:fflush.obj
 0004:00000a2c       $pdata$__acrt_stdio_flush_nolock 0000000140019a2c     libucrt:fflush.obj
 0004:00000a38       $pdata$?common_flush_all@@YAH_N@Z 0000000140019a38     libucrt:fflush.obj
 0004:00000a44       $pdata$??$?RV<lambda_842d9ff0dc9ef11c61343bbaebe7f885>@@AEAV<lambda_c5860995281e5c4ce005b3de8f5874ee>@@V<lambda_d90129c13df834fdcbf8d2b88dafcf2d>@@@?$__crt_seh_guarded_call@X@@QEAAX$$QEAV<lambda_842d9ff0dc9ef11c61343bbaebe7f885>@@AEAV<lambda_c5860995281e5c4ce005b3de8f5874ee>@@$$QEAV<lambda_d90129c13df834fdcbf8d2b88dafcf2d>@@@Z 0000000140019a44     libucrt:fflush.obj
 0004:00000a50       $pdata$?fin$0@?0???$?RV<lambda_842d9ff0dc9ef11c61343bbaebe7f885>@@AEAV<lambda_c5860995281e5c4ce005b3de8f5874ee>@@V<lambda_d90129c13df834fdcbf8d2b88dafcf2d>@@@?$__crt_seh_guarded_call@X@@QEAAX$$QEAV<lambda_842d9ff0dc9ef11c61343bbaebe7f885>@@AEAV<lambda_c5860995281e5c4ce005b3de8f5874ee>@@$$QEAV<lambda_d90129c13df834fdcbf8d2b88dafcf2d>@@@Z@4HA 0000000140019a50     libucrt:fflush.obj
 0004:00000a5c       $pdata$??$?RV<lambda_886d6c58226a84441f68b9f2b8217b83>@@AEAV<lambda_ab61a845afdef5b7c387490eaf3616ee>@@V<lambda_f7f22ab5edc0698d5f6905b0d3f44752>@@@?$__crt_seh_guarded_call@X@@QEAAX$$QEAV<lambda_886d6c58226a84441f68b9f2b8217b83>@@AEAV<lambda_ab61a845afdef5b7c387490eaf3616ee>@@$$QEAV<lambda_f7f22ab5edc0698d5f6905b0d3f44752>@@@Z 0000000140019a5c     libucrt:fflush.obj
 0004:00000a68       $pdata$?fin$0@?0???$?RV<lambda_886d6c58226a84441f68b9f2b8217b83>@@AEAV<lambda_ab61a845afdef5b7c387490eaf3616ee>@@V<lambda_f7f22ab5edc0698d5f6905b0d3f44752>@@@?$__crt_seh_guarded_call@X@@QEAAX$$QEAV<lambda_886d6c58226a84441f68b9f2b8217b83>@@AEAV<lambda_ab61a845afdef5b7c387490eaf3616ee>@@$$QEAV<lambda_f7f22ab5edc0698d5f6905b0d3f44752>@@@Z@4HA 0000000140019a68     libucrt:fflush.obj
 0004:00000a74       $pdata$__acrt_initialize_stdio 0000000140019a74     libucrt:_file.obj
 0004:00000a80       $pdata$__acrt_uninitialize_stdio 0000000140019a80     libucrt:_file.obj
 0004:00000a8c       $pdata$_mbtowc_l           0000000140019a8c     libucrt:mbtowc.obj
 0004:00000a98       $pdata$__acrt_update_locale_info 0000000140019a98     libucrt:locale_update.obj
 0004:00000aa4       $pdata$__acrt_update_multibyte_info 0000000140019aa4     libucrt:locale_update.obj
 0004:00000ab0       $pdata$_fileno             0000000140019ab0     libucrt:fileno.obj
 0004:00000abc       $pdata$_call_matherr       0000000140019abc     libucrt:libm_error.obj
 0004:00000ac8       $pdata$_exception_enabled  0000000140019ac8     libucrt:libm_error.obj
 0004:00000ad4       $pdata$_handle_errorf      0000000140019ad4     libucrt:libm_error.obj
 0004:00000ae0       $pdata$_handle_error       0000000140019ae0     libucrt:libm_error.obj
 0004:00000aec       $pdata$qsort               0000000140019aec     libucrt:qsort.obj
 0004:00000af8       $pdata$4$qsort             0000000140019af8     libucrt:qsort.obj
 0004:00000b04       $pdata$5$qsort             0000000140019b04     libucrt:qsort.obj
 0004:00000b10       $pdata$strncpy_s           0000000140019b10     libucrt:strncpy_s.obj
 0004:00000b1c       $pdata$strpbrk             0000000140019b1c     libucrt:strpbrk.obj
 0004:00000b28       $pdata$fallbackMethod      0000000140019b28     libucrt:strpbrk.obj
 0004:00000b34       $pdata$_mbsdec_l           0000000140019b34     libucrt:mbsdec.obj
 0004:00000b40       $pdata$?initialize_multibyte@@YAHXZ 0000000140019b40     libucrt:multibyte_initializer.obj
 0004:00000b4c       $pdata$__acrt_LCMapStringA 0000000140019b4c     libucrt:lcmapstringa.obj
 0004:00000b58       $pdata$?__acrt_LCMapStringA_stat@@YAHPEAU__crt_locale_pointers@@PEB_WKPEBDHPEADHHH@Z 0000000140019b58     libucrt:lcmapstringa.obj
 0004:00000b64       $pdata$__acrt_DownlevelLocaleNameToLCID 0000000140019b64     libucrt:lcidtoname_downlevel.obj
 0004:00000b70       $pdata$?GetTableIndexFromLocaleName@@YAHPEB_W@Z 0000000140019b70     libucrt:lcidtoname_downlevel.obj
 0004:00000b7c       $pdata$_msize_base         0000000140019b7c     libucrt:msize.obj
 0004:00000b88       $pdata$_realloc_base       0000000140019b88     libucrt:realloc_base.obj
 0004:00000b94       $pdata$_commit             0000000140019b94     libucrt:commit.obj
 0004:00000ba0       $pdata$??$?RV<lambda_a37b2b86f63e897a80ea819b0eb08c01>@@AEAV<lambda_38ce7e780aa69e748d6df282ebc68efe>@@V<lambda_99fb1378e971ab6e7edea83e3a7a83a2>@@@?$__crt_seh_guarded_call@H@@QEAAH$$QEAV<lambda_a37b2b86f63e897a80ea819b0eb08c01>@@AEAV<lambda_38ce7e780aa69e748d6df282ebc68efe>@@$$QEAV<lambda_99fb1378e971ab6e7edea83e3a7a83a2>@@@Z 0000000140019ba0     libucrt:commit.obj
 0004:00000bac       $pdata$?fin$0@?0???$?RV<lambda_a37b2b86f63e897a80ea819b0eb08c01>@@AEAV<lambda_38ce7e780aa69e748d6df282ebc68efe>@@V<lambda_99fb1378e971ab6e7edea83e3a7a83a2>@@@?$__crt_seh_guarded_call@H@@QEAAH$$QEAV<lambda_a37b2b86f63e897a80ea819b0eb08c01>@@AEAV<lambda_38ce7e780aa69e748d6df282ebc68efe>@@$$QEAV<lambda_99fb1378e971ab6e7edea83e3a7a83a2>@@@Z@4HA 0000000140019bac     libucrt:commit.obj
 0004:00000bac       $pdata$?fin$0@?0???$?RV<lambda_751a882b2c74d4b022dec766aa51a29a>@@AEAV<lambda_628dfdc04ba53c8bfc02c9951375f3f5>@@V<lambda_f6c7be5f7998530c34de24c7437d6b54>@@@?$__crt_seh_guarded_call@H@@QEAAH$$QEAV<lambda_751a882b2c74d4b022dec766aa51a29a>@@AEAV<lambda_628dfdc04ba53c8bfc02c9951375f3f5>@@$$QEAV<lambda_f6c7be5f7998530c34de24c7437d6b54>@@@Z@4HA 0000000140019bac     libucrt:close.obj
 0004:00000bb8       $pdata$_write              0000000140019bb8     libucrt:write.obj
 0004:00000bc4       $pdata$_write$fin$0        0000000140019bc4     libucrt:write.obj
 0004:00000bd0       $pdata$_write_nolock       0000000140019bd0     libucrt:write.obj
 0004:00000bdc       $pdata$?write_double_translated_ansi_nolock@@YA?AUwrite_result@?A0x17268360@@HQEBDI@Z 0000000140019bdc     libucrt:write.obj
 0004:00000be8       $pdata$?write_text_ansi_nolock@@YA?AUwrite_result@?A0x17268360@@HQEBDI@Z 0000000140019be8     libucrt:write.obj
 0004:00000bf4       $pdata$?write_text_utf16le_nolock@@YA?AUwrite_result@?A0x17268360@@HQEBDI@Z 0000000140019bf4     libucrt:write.obj
 0004:00000c00       $pdata$?write_text_utf8_nolock@@YA?AUwrite_result@?A0x17268360@@HQEBDI@Z 0000000140019c00     libucrt:write.obj
 0004:00000c0c       $pdata$_fcloseall          0000000140019c0c     libucrt:closeall.obj
 0004:00000c18       $pdata$_fcloseall$fin$0    0000000140019c18     libucrt:closeall.obj
 0004:00000c24       $pdata$__acrt_stdio_free_buffer_nolock 0000000140019c24     libucrt:_freebuf.obj
 0004:00000c30       $pdata$_isatty             0000000140019c30     libucrt:isatty.obj
 0004:00000c3c       $pdata$_isleadbyte_l       0000000140019c3c     libucrt:_wctype.obj
 0004:00000c48       $pdata$_set_errno_from_matherr 0000000140019c48     libucrt:fpexcept.obj
 0004:00000c54       $pdata$_raise_excf         0000000140019c54     libucrt:fpexcept.obj
 0004:00000c60       $pdata$_raise_exc          0000000140019c60     libucrt:fpexcept.obj
 0004:00000c6c       $pdata$_raise_exc_ex       0000000140019c6c     libucrt:fpexcept.obj
 0004:00000c78       $pdata$_clrfp              0000000140019c78     libucrt:fpctrl.obj
 0004:00000c84       $pdata$_ctrlfp             0000000140019c84     libucrt:fpctrl.obj
 0004:00000c90       $pdata$_ctrlfp$filt$0      0000000140019c90     libucrt:fpctrl.obj
 0004:00000c9c       $pdata$_statfp             0000000140019c9c     libucrt:fpctrl.obj
 0004:00000ca8       $pdata$_set_statfp         0000000140019ca8     libucrt:fpctrl.obj
 0004:00000cb4       $pdata$??$common_lseek_nolock@_J@@YA_JH_JH@Z 0000000140019cb4     libucrt:lseek.obj
 0004:00000cc0       $pdata$_putwch_nolock      0000000140019cc0     libucrt:putwch.obj
 0004:00000ccc       $pdata$fclose              0000000140019ccc     libucrt:fclose.obj
 0004:00000cd8       $pdata$fclose$fin$0        0000000140019cd8     libucrt:fclose.obj
 0004:00000ce4       $pdata$_fclose_nolock      0000000140019ce4     libucrt:fclose.obj
 0004:00000d08       $pdata$__dcrt_lowio_ensure_console_output_initialized 0000000140019d08     libucrt:initcon.obj
 0004:00000d14       $pdata$__dcrt_write_console_w 0000000140019d14     libucrt:initcon.obj
 0004:00000d20       $pdata$__dcrt_terminate_console_output 0000000140019d20     libucrt:initcon.obj
 0004:00000d2c       $pdata$_close              0000000140019d2c     libucrt:close.obj
 0004:00000d38       $pdata$_close_nolock       0000000140019d38     libucrt:close.obj
 0004:00000d44       $pdata$??$?RV<lambda_751a882b2c74d4b022dec766aa51a29a>@@AEAV<lambda_628dfdc04ba53c8bfc02c9951375f3f5>@@V<lambda_f6c7be5f7998530c34de24c7437d6b54>@@@?$__crt_seh_guarded_call@H@@QEAAH$$QEAV<lambda_751a882b2c74d4b022dec766aa51a29a>@@AEAV<lambda_628dfdc04ba53c8bfc02c9951375f3f5>@@$$QEAV<lambda_f6c7be5f7998530c34de24c7437d6b54>@@@Z 0000000140019d44     libucrt:close.obj
 0004:00000d50       $pdata$_log_special_common 0000000140019d50     libucrt:log_special.obj
 0004:00000d5c       $pdata$_log10_special      0000000140019d5c     libucrt:log_special.obj
 0004:00000d68       $pdata$_IsNonwritableInCurrentImage 0000000140019d68     LIBCMT:pesect.obj
 0004:00000d74       $pdata$_IsNonwritableInCurrentImage$filt$0 0000000140019d74     LIBCMT:pesect.obj
